D:\Work_Space\NXP\YARAB_V1\CMSIS/core_cm0plus.h:745:22:NVIC_EnableIRQ	16	static
D:\Work_Space\NXP\YARAB_V1\CMSIS/core_cm0plus.h:804:22:NVIC_SetPriority	24	static
../drivers/fsl_clock.h:584:20:CLOCK_EnableClock	24	static
../drivers/Slave_Center_IF.c:11:6:SPI_Callback	24	static
../drivers/Slave_Center_IF.c:31:6:SPI_Init	40	static
../drivers/Slave_Center_IF.c:76:6:SPI_WriteRegister	64	static
../drivers/Slave_Center_IF.c:123:10:SPI_ReadRegister	72	static
../drivers/Slave_Center_IF.c:180:6:setInitialization	24	static
../drivers/Slave_Center_IF.c:190:6:setSystemGlobalConfig	24	static
../drivers/Slave_Center_IF.c:200:6:setSystemConfig1	24	static
../drivers/Slave_Center_IF.c:209:6:setSystemConfig2	24	static
../drivers/Slave_Center_IF.c:219:10:getSystemDiagnostic	24	static
../drivers/Slave_Center_IF.c:230:6:setADCConfig	16	static
../drivers/Slave_Center_IF.c:239:6:setADC2OffsetCompensation	16	static
../drivers/Slave_Center_IF.c:250:6:setOVUVEnable	16	static
../drivers/Slave_Center_IF.c:259:10:getCellOVFault	8	static
../drivers/Slave_Center_IF.c:265:10:getCellUVFault	8	static
../drivers/Slave_Center_IF.c:273:6:setCellBalanceConfig	40	static
