../drivers/LCD.c:50:6:ExpanderWrite	16	static
../drivers/LCD.c:44:13:DelayUS	16	static
../drivers/LCD.c:58:6:PulseEnable	16	static
../drivers/LCD.c:68:6:SendCommand	16	static
../drivers/LCD.c:92:13:Write4Bits	8	static
../drivers/LCD.c:80:6:HD44780_Home	8	static
../drivers/LCD.c:97:6:HD44780_Clear	8	static
../drivers/LCD.c:98:6:HD44780_Display	8	static
../drivers/LCD.c:101:6:HD44780_Init	16	static
../drivers/LCD.c:146:6:HD44780_SetCursor	40	static
../drivers/LCD.c:157:6:HD44780_PrintStr	24	static
../drivers/LCD.c:161:6:HD44780_CreateSpecialChar	32	static
