Archive member included to satisfy reference by file (symbol)

C:/NXP/MCUXpressoIDE_24.12.148/ide/plugins/com.nxp.mcuxpresso.tools.win32_24.12.0.202407110909/tools/bin/../lib/gcc/arm-none-eabi/13.2.1/thumb/v6-m/nofp\libgcc.a(_thumb1_case_sqi.o)
                              ./utilities/fsl_debug_console.o (__gnu_thumb1_case_sqi)
C:/NXP/MCUXpressoIDE_24.12.148/ide/plugins/com.nxp.mcuxpresso.tools.win32_24.12.0.202407110909/tools/bin/../lib/gcc/arm-none-eabi/13.2.1/thumb/v6-m/nofp\libgcc.a(_thumb1_case_uqi.o)
                              ./drivers/fsl_clock.o (__gnu_thumb1_case_uqi)
C:/NXP/MCUXpressoIDE_24.12.148/ide/plugins/com.nxp.mcuxpresso.tools.win32_24.12.0.202407110909/tools/bin/../lib/gcc/arm-none-eabi/13.2.1/thumb/v6-m/nofp\libgcc.a(_udivsi3.o)
                              ./drivers/fsl_clock.o (__aeabi_uidiv)
C:/NXP/MCUXpressoIDE_24.12.148/ide/plugins/com.nxp.mcuxpresso.tools.win32_24.12.0.202407110909/tools/bin/../lib/gcc/arm-none-eabi/13.2.1/thumb/v6-m/nofp\libgcc.a(_divsi3.o)
                              ./utilities/fsl_debug_console.o (__aeabi_idiv)
C:/NXP/MCUXpressoIDE_24.12.148/ide/plugins/com.nxp.mcuxpresso.tools.win32_24.12.0.202407110909/tools/bin/../lib/gcc/arm-none-eabi/13.2.1/thumb/v6-m/nofp\libgcc.a(_dvmd_tls.o)
                              C:/NXP/MCUXpressoIDE_24.12.148/ide/plugins/com.nxp.mcuxpresso.tools.win32_24.12.0.202407110909/tools/bin/../lib/gcc/arm-none-eabi/13.2.1/thumb/v6-m/nofp\libgcc.a(_udivsi3.o) (__aeabi_idiv0)
C:/NXP/MCUXpressoIDE_24.12.148/ide/plugins/com.nxp.mcuxpresso.tools.win32_24.12.0.202407110909/tools/bin/../lib/gcc/arm-none-eabi/13.2.1/thumb/v6-m/nofp\libgcc.a(_arm_cmpsf2.o)
                              ./drivers/Slave_Center_IF.o (__aeabi_fcmplt)
C:/NXP/MCUXpressoIDE_24.12.148/ide/plugins/com.nxp.mcuxpresso.tools.win32_24.12.0.202407110909/tools/bin/../lib/gcc/arm-none-eabi/13.2.1/thumb/v6-m/nofp\libgcc.a(_fixunssfsi.o)
                              ./source/YARAB_V1.o (__aeabi_f2uiz)
C:/NXP/MCUXpressoIDE_24.12.148/ide/plugins/com.nxp.mcuxpresso.tools.win32_24.12.0.202407110909/tools/bin/../lib/gcc/arm-none-eabi/13.2.1/thumb/v6-m/nofp\libgcc.a(_fixunsdfsi.o)
                              ./drivers/Slave_Center_IF.o (__aeabi_d2uiz)
C:/NXP/MCUXpressoIDE_24.12.148/ide/plugins/com.nxp.mcuxpresso.tools.win32_24.12.0.202407110909/tools/bin/../lib/gcc/arm-none-eabi/13.2.1/thumb/v6-m/nofp\libgcc.a(eqsf2.o)
                              C:/NXP/MCUXpressoIDE_24.12.148/ide/plugins/com.nxp.mcuxpresso.tools.win32_24.12.0.202407110909/tools/bin/../lib/gcc/arm-none-eabi/13.2.1/thumb/v6-m/nofp\libgcc.a(_arm_cmpsf2.o) (__eqsf2)
C:/NXP/MCUXpressoIDE_24.12.148/ide/plugins/com.nxp.mcuxpresso.tools.win32_24.12.0.202407110909/tools/bin/../lib/gcc/arm-none-eabi/13.2.1/thumb/v6-m/nofp\libgcc.a(gesf2.o)
                              C:/NXP/MCUXpressoIDE_24.12.148/ide/plugins/com.nxp.mcuxpresso.tools.win32_24.12.0.202407110909/tools/bin/../lib/gcc/arm-none-eabi/13.2.1/thumb/v6-m/nofp\libgcc.a(_arm_cmpsf2.o) (__gesf2)
C:/NXP/MCUXpressoIDE_24.12.148/ide/plugins/com.nxp.mcuxpresso.tools.win32_24.12.0.202407110909/tools/bin/../lib/gcc/arm-none-eabi/13.2.1/thumb/v6-m/nofp\libgcc.a(lesf2.o)
                              C:/NXP/MCUXpressoIDE_24.12.148/ide/plugins/com.nxp.mcuxpresso.tools.win32_24.12.0.202407110909/tools/bin/../lib/gcc/arm-none-eabi/13.2.1/thumb/v6-m/nofp\libgcc.a(_arm_cmpsf2.o) (__lesf2)
C:/NXP/MCUXpressoIDE_24.12.148/ide/plugins/com.nxp.mcuxpresso.tools.win32_24.12.0.202407110909/tools/bin/../lib/gcc/arm-none-eabi/13.2.1/thumb/v6-m/nofp\libgcc.a(mulsf3.o)
                              ./source/YARAB_V1.o (__aeabi_fmul)
C:/NXP/MCUXpressoIDE_24.12.148/ide/plugins/com.nxp.mcuxpresso.tools.win32_24.12.0.202407110909/tools/bin/../lib/gcc/arm-none-eabi/13.2.1/thumb/v6-m/nofp\libgcc.a(subsf3.o)
                              C:/NXP/MCUXpressoIDE_24.12.148/ide/plugins/com.nxp.mcuxpresso.tools.win32_24.12.0.202407110909/tools/bin/../lib/gcc/arm-none-eabi/13.2.1/thumb/v6-m/nofp\libgcc.a(_fixunssfsi.o) (__aeabi_fsub)
C:/NXP/MCUXpressoIDE_24.12.148/ide/plugins/com.nxp.mcuxpresso.tools.win32_24.12.0.202407110909/tools/bin/../lib/gcc/arm-none-eabi/13.2.1/thumb/v6-m/nofp\libgcc.a(fixsfsi.o)
                              C:/NXP/MCUXpressoIDE_24.12.148/ide/plugins/com.nxp.mcuxpresso.tools.win32_24.12.0.202407110909/tools/bin/../lib/gcc/arm-none-eabi/13.2.1/thumb/v6-m/nofp\libgcc.a(_fixunssfsi.o) (__aeabi_f2iz)
C:/NXP/MCUXpressoIDE_24.12.148/ide/plugins/com.nxp.mcuxpresso.tools.win32_24.12.0.202407110909/tools/bin/../lib/gcc/arm-none-eabi/13.2.1/thumb/v6-m/nofp\libgcc.a(adddf3.o)
                              ./drivers/Slave_Center_IF.o (__aeabi_dadd)
C:/NXP/MCUXpressoIDE_24.12.148/ide/plugins/com.nxp.mcuxpresso.tools.win32_24.12.0.202407110909/tools/bin/../lib/gcc/arm-none-eabi/13.2.1/thumb/v6-m/nofp\libgcc.a(subdf3.o)
[...]
Memory Configuration

Name             Origin             Length             Attributes
PROGRAM_FLASH    0x00000000         0x00020000         xr
SRAM             0x1ffff000         0x00004000         xrw
*default*        0x00000000         0xffffffff

Linker script and memory map

LOAD C:/NXP/MCUXpressoIDE_24.12.148/ide/plugins/com.nxp.mcuxpresso.tools.win32_24.12.0.202407110909/tools/bin/../lib/gcc/arm-none-eabi/13.2.1/thumb/v6-m/nofp/crti.o
LOAD C:/NXP/MCUXpressoIDE_24.12.148/ide/plugins/com.nxp.mcuxpresso.tools.win32_24.12.0.202407110909/tools/bin/../lib/gcc/arm-none-eabi/13.2.1/thumb/v6-m/nofp/crtbegin.o
LOAD C:/NXP/MCUXpressoIDE_24.12.148/ide/plugins/com.nxp.mcuxpresso.tools.win32_24.12.0.202407110909/tools/bin/../lib/gcc/arm-none-eabi/13.2.1/thumb/v6-m/nofp/crt0.o
LOAD ./utilities/fsl_debug_console.o
LOAD ./startup/startup_mkl25z4.o
LOAD ./source/YARAB_V1.o
LOAD ./source/mtb.o
LOAD ./source/semihost_hardfault.o
LOAD ./drivers/Slave_Center_IF.o
LOAD ./drivers/fsl_clock.o
LOAD ./drivers/fsl_cmp.o
LOAD ./drivers/fsl_common.o
LOAD ./drivers/fsl_dma.o
LOAD ./drivers/fsl_dmamux.o
LOAD ./drivers/fsl_flash.o
LOAD ./drivers/fsl_gpio.o
LOAD ./drivers/fsl_i2c.o
LOAD ./drivers/fsl_i2c_dma.o
LOAD ./drivers/fsl_lpsci.o
LOAD ./drivers/fsl_lpsci_dma.o
LOAD ./drivers/fsl_rcm.o
LOAD ./drivers/fsl_rtc.o
LOAD ./drivers/fsl_sim.o
LOAD ./drivers/fsl_smc.o
LOAD ./drivers/fsl_spi.o
LOAD ./drivers/fsl_spi_dma.o
LOAD ./drivers/fsl_tpm.o
LOAD ./drivers/fsl_uart.o
LOAD ./drivers/fsl_uart_dma.o
LOAD ./board/board.o
LOAD ./board/clock_config.o
LOAD ./board/peripherals.o
LOAD ./board/pin_mux.o
LOAD ./CMSIS/system_MKL25Z4.o
START GROUP
LOAD C:/NXP/MCUXpressoIDE_24.12.148/ide/plugins/com.nxp.mcuxpresso.tools.win32_24.12.0.202407110909/tools/bin/../lib/gcc/arm-none-eabi/13.2.1/thumb/v6-m/nofp\libgcc.a
LOAD C:/NXP/MCUXpressoIDE_24.12.148/ide/plugins/com.nxp.mcuxpresso.tools.win32_24.12.0.202407110909/tools/bin/../lib/gcc/arm-none-eabi/13.2.1/thumb/v6-m/nofp\libc.a
END GROUP
LOAD C:/NXP/MCUXpressoIDE_24.12.148/ide/plugins/com.nxp.mcuxpresso.tools.win32_24.12.0.202407110909/tools/bin/../lib/gcc/arm-none-eabi/13.2.1/thumb/v6-m/nofp/crtend.o
LOAD C:/NXP/MCUXpressoIDE_24.12.148/ide/plugins/com.nxp.mcuxpresso.tools.win32_24.12.0.202407110909/tools/bin/../lib/gcc/arm-none-eabi/13.2.1/thumb/v6-m/nofp/crtn.o
START GROUP
LOAD C:/NXP/MCUXpressoIDE_24.12.148/ide/plugins/com.nxp.mcuxpresso.tools.win32_24.12.0.202407110909/tools/bin/../lib/gcc/arm-none-eabi/13.2.1/../../../../arm-none-eabi/lib/thumb/v6-m/nofp\libcr_nohost_nf.a
LOAD C:/NXP/MCUXpressoIDE_24.12.148/ide/plugins/com.nxp.mcuxpresso.tools.win32_24.12.0.202407110909/tools/bin/../lib/gcc/arm-none-eabi/13.2.1/../../../../arm-none-eabi/lib/thumb/v6-m/nofp\libcr_c.a
LOAD C:/NXP/MCUXpressoIDE_24.12.148/ide/plugins/com.nxp.mcuxpresso.tools.win32_24.12.0.202407110909/tools/bin/../lib/gcc/arm-none-eabi/13.2.1/thumb/v6-m/nofp\libcr_eabihelpers.a
LOAD C:/NXP/MCUXpressoIDE_24.12.148/ide/plugins/com.nxp.mcuxpresso.tools.win32_24.12.0.202407110909/tools/bin/../lib/gcc/arm-none-eabi/13.2.1/thumb/v6-m/nofp\libgcc.a
END GROUP
                0x00000000                        __base_PROGRAM_FLASH = 0x0
                0x00000000                        __base_Flash = 0x0
                0x00020000                        __top_PROGRAM_FLASH = 0x20000
                0x00020000                        __top_Flash = 0x20000
                0x1ffff000                        __base_SRAM = 0x1ffff000
                0x1ffff000                        __base_RAM = 0x1ffff000
                0x20003000                        __top_SRAM = 0x20003000
                0x20003000                        __top_RAM = 0x20003000

.text           0x00000000     0x31e4
 FILL mask 0xff
                0x00000000                        __vectors_start__ = ABSOLUTE (.)
 *(SORT_BY_ALIGNMENT(.isr_vector))
 .isr_vector    0x00000000       0xc0 ./startup/startup_mkl25z4.o
                0x00000000                g_pfnVectors
                0x00000000                __Vectors
                0x000000c0                        . = ALIGN (0x4)
                0x000000c0                        __section_table_start = .
                0x000000c0                        __data_section_table = .
                0x000000c0        0x4 LONG 0x31ec LOADADDR (.data)
                0x000000c4        0x4 LONG 0x1ffff080 ADDR (.data)
                0x000000c8        0x4 LONG 0x54c SIZEOF (.data)
                0x000000cc                        __data_section_table_end = .
                0x000000cc                        __bss_section_table = .
                0x000000cc        0x4 LONG 0x1ffff5cc ADDR (.bss)
                0x000000d0        0x4 LONG 0x2b4 SIZEOF (.bss)
                0x000000d4                        __bss_section_table_end = .
                0x000000d4                        __section_table_end = .
 *(SORT_BY_ALIGNMENT(.after_vectors*))
 .after_vectors.reset
                0x000000d4       0x44 ./startup/startup_mkl25z4.o
                0x000000d4                ResetISR
 .after_vectors
                0x00000118      0x10c ./startup/startup_mkl25z4.o
                0x00000118                NMI_Handler
                0x0000011c                SVC_Handler
                0x0000011e                PendSV_Handler
                0x00000120                SysTick_Handler
                0x00000122                LPTMR0_DriverIRQHandler
                0x00000122                PORTD_DriverIRQHandler
                0x00000122                Reserved39_DriverIRQHandler
                0x00000122                CMP0_DriverIRQHandler
                0x00000122                ADC0_DriverIRQHandler
                0x00000122                TPM0_DriverIRQHandler
                0x00000122                TPM2_DriverIRQHandler
                0x00000122                PIT_DriverIRQHandler
                0x00000122                RTC_DriverIRQHandler
                0x00000122                TSI0_DriverIRQHandler
                0x00000122                RTC_Seconds_DriverIRQHandler
                0x00000122                TPM1_DriverIRQHandler
                0x00000122                PORTA_DriverIRQHandler
                0x00000122                LLWU_DriverIRQHandler
                0x00000122                MCG_DriverIRQHandler
                0x00000122                Reserved45_DriverIRQHandler
                0x00000122                Reserved20_DriverIRQHandler
                0x00000122                DAC0_DriverIRQHandler
                0x00000122                FTFA_DriverIRQHandler
                0x00000122                IntDefaultHandler
                0x00000122                USB0_DriverIRQHandler
                0x00000122                LVD_LVW_DriverIRQHandler
                0x00000124                DMA0_IRQHandler
                0x0000012c                DMA1_IRQHandler
                0x00000134                DMA2_IRQHandler
                0x0000013c                DMA3_IRQHandler
                0x00000144                Reserved20_IRQHandler
                0x0000014c                FTFA_IRQHandler
                0x00000154                LVD_LVW_IRQHandler
                0x0000015c                LLWU_IRQHandler
                0x00000164                I2C0_IRQHandler
                0x0000016c                I2C1_IRQHandler
                0x00000174                SPI0_IRQHandler
                0x0000017c                SPI1_IRQHandler
                0x00000184                UART0_IRQHandler
                0x0000018c                UART1_IRQHandler
                0x00000194                UART2_IRQHandler
                0x0000019c                ADC0_IRQHandler
                0x000001a4                CMP0_IRQHandler
                0x000001ac                TPM0_IRQHandler
                0x000001b4                TPM1_IRQHandler
                0x000001bc                TPM2_IRQHandler
                0x000001c4                RTC_IRQHandler
                0x000001cc                RTC_Seconds_IRQHandler
                0x000001d4                PIT_IRQHandler
                0x000001dc                Reserved39_IRQHandler
                0x000001e4                USB0_IRQHandler
                0x000001ec                DAC0_IRQHandler
                0x000001f4                TSI0_IRQHandler
                0x000001fc                MCG_IRQHandler
                0x00000204                LPTMR0_IRQHandler
                0x0000020c                Reserved45_IRQHandler
                0x00000214                PORTA_IRQHandler
                0x0000021c                PORTD_IRQHandler
 .after_vectors.init_data
                0x00000224       0x16 ./startup/startup_mkl25z4.o
                0x00000224                data_init
 .after_vectors.init_bss
                0x0000023a       0x14 ./startup/startup_mkl25z4.o
                0x0000023a                bss_init
                0x00000400                        . = 0x400
 *fill*         0x0000024e      0x1b2 ff
                0x00000400                        PROVIDE (__FLASH_CONFIG_START__ = .)
 *(SORT_BY_ALIGNMENT(.FlashConfig))
 .FlashConfig   0x00000400       0x10 ./startup/startup_mkl25z4.o
                0x00000400                Flash_Config
                0x00000410                        PROVIDE (__FLASH_CONFIG_END__ = .)
                0x00000001                        ASSERT (! ((__FLASH_CONFIG_START__ == __FLASH_CONFIG_END__)), Linker Flash Config Support Enabled, but no .FlashConfig section provided within application)
 *(SORT_BY_ALIGNMENT(.text*))
 .text.DbgConsole_Init
                0x00000410       0x98 ./utilities/fsl_debug_console.o
                0x00000410                DbgConsole_Init
 .text.DbgConsole_Putchar
                0x000004a8       0x24 ./utilities/fsl_debug_console.o
                0x000004a8                DbgConsole_Putchar
 .text.DbgConsole_Printf
                0x000004cc      0x284 ./utilities/fsl_debug_console.o
                0x000004cc                DbgConsole_Printf
 .text.delay_seconds
                0x00000750       0x28 ./source/YARAB_V1.o
                0x00000750                delay_seconds
 .text.startup.main
                0x00000778       0xbc ./source/YARAB_V1.o
                0x00000778                main
 .text.HardFault_Handler
                0x00000834       0x38 ./source/semihost_hardfault.o
                0x00000834                HardFault_Handler
 .text.SPI_Callback
                0x0000086c       0x24 ./drivers/Slave_Center_IF.o
                0x0000086c                SPI_Callback
 .text.SPI_Init
                0x00000890      0x110 ./drivers/Slave_Center_IF.o
                0x00000890                SPI_Init
 .text.SPI_WriteRegister
                0x000009a0       0xd4 ./drivers/Slave_Center_IF.o
                0x000009a0                SPI_WriteRegister
 .text.CLOCK_GetFllRefClkFreq
                0x00000a74       0x4c ./drivers/fsl_clock.o
 .text.CLOCK_GetInternalRefClkSelectFreq
                0x00000ac0       0x28 ./drivers/fsl_clock.o
 .text.CLOCK_GetOsc0ErClkFreq
                0x00000ae8       0x1c ./drivers/fsl_clock.o
                0x00000ae8                CLOCK_GetOsc0ErClkFreq
 .text.CLOCK_GetEr32kClkFreq
                0x00000b04       0x40 ./drivers/fsl_clock.o
                0x00000b04                CLOCK_GetEr32kClkFreq
 .text.CLOCK_SetSimConfig
                0x00000b44       0x4c ./drivers/fsl_clock.o
                0x00000b44                CLOCK_SetSimConfig
 .text.CLOCK_GetFllFreq
                0x00000b90       0x3c ./drivers/fsl_clock.o
                0x00000b90                CLOCK_GetFllFreq
 .text.CLOCK_GetInternalRefClkFreq
                0x00000bcc       0x18 ./drivers/fsl_clock.o
                0x00000bcc                CLOCK_GetInternalRefClkFreq
 .text.CLOCK_GetPll0Freq
                0x00000be4       0x34 ./drivers/fsl_clock.o
                0x00000be4                CLOCK_GetPll0Freq
 .text.CLOCK_GetPllFllSelClkFreq
                0x00000c18       0x24 ./drivers/fsl_clock.o
                0x00000c18                CLOCK_GetPllFllSelClkFreq
 .text.CLOCK_GetOutClkFreq
                0x00000c3c       0x38 ./drivers/fsl_clock.o
                0x00000c3c                CLOCK_GetOutClkFreq
 .text.CLOCK_GetFreq
                0x00000c74       0x84 ./drivers/fsl_clock.o
                0x00000c74                CLOCK_GetFreq
 .text.CLOCK_SetInternalRefClkConfig
                0x00000cf8       0x74 ./drivers/fsl_clock.o
                0x00000cf8                CLOCK_SetInternalRefClkConfig
 .text.CLOCK_EnablePll0
                0x00000d6c       0x30 ./drivers/fsl_clock.o
                0x00000d6c                CLOCK_EnablePll0
 .text.CLOCK_InitOsc0
                0x00000d9c       0x68 ./drivers/fsl_clock.o
                0x00000d9c                CLOCK_InitOsc0
 .text.CLOCK_SetPbeMode
                0x00000e04       0x50 ./drivers/fsl_clock.o
                0x00000e04                CLOCK_SetPbeMode
 .text.CLOCK_BootToPeeMode
                0x00000e54       0x28 ./drivers/fsl_clock.o
                0x00000e54                CLOCK_BootToPeeMode
 .text.DMA0_DriverIRQHandler
                0x00000e7c       0x10 ./drivers/fsl_dma.o
                0x00000e7c                DMA0_DriverIRQHandler
 .text.DMA1_DriverIRQHandler
                0x00000e8c       0x10 ./drivers/fsl_dma.o
                0x00000e8c                DMA1_DriverIRQHandler
 .text.DMA2_DriverIRQHandler
                0x00000e9c       0x10 ./drivers/fsl_dma.o
                0x00000e9c                DMA2_DriverIRQHandler
 .text.DMA3_DriverIRQHandler
                0x00000eac       0x10 ./drivers/fsl_dma.o
                0x00000eac                DMA3_DriverIRQHandler
 .text.I2C_TransferCommonIRQHandler
                0x00000ebc       0x28 ./drivers/fsl_i2c.o
 .text.I2C0_DriverIRQHandler
                0x00000ee4       0x18 ./drivers/fsl_i2c.o
                0x00000ee4                I2C0_DriverIRQHandler
 .text.I2C1_DriverIRQHandler
                0x00000efc       0x18 ./drivers/fsl_i2c.o
                0x00000efc                I2C1_DriverIRQHandler
 .text.LPSCI_Init
                0x00000f14      0x130 ./drivers/fsl_lpsci.o
                0x00000f14                LPSCI_Init
 .text.LPSCI_ClearStatusFlags
                0x00001044       0x5c ./drivers/fsl_lpsci.o
                0x00001044                LPSCI_ClearStatusFlags
 .text.LPSCI_ReadBlocking
                0x000010a0       0x78 ./drivers/fsl_lpsci.o
                0x000010a0                LPSCI_ReadBlocking
 .text.UART0_DriverIRQHandler
                0x00001118       0x1c ./drivers/fsl_lpsci.o
                0x00001118                UART0_DriverIRQHandler
 .text.SPI_CommonIRQHandler
                0x00001134       0x24 ./drivers/fsl_spi.o
 .text.SPI_GetInstance
                0x00001158       0x20 ./drivers/fsl_spi.o
                0x00001158                SPI_GetInstance
 .text.SPI_MasterGetDefaultConfig
                0x00001178       0x18 ./drivers/fsl_spi.o
                0x00001178                SPI_MasterGetDefaultConfig
 .text.SPI_MasterInit
                0x00001190       0x98 ./drivers/fsl_spi.o
                0x00001190                SPI_MasterInit
 .text.SPI_MasterTransferCreateHandle
                0x00001228       0x60 ./drivers/fsl_spi.o
                0x00001228                SPI_MasterTransferCreateHandle
 .text.SPI_MasterTransferHandleIRQ.part.0
                0x00001288       0x20 ./drivers/fsl_spi.o
 .text.SPI0_DriverIRQHandler
                0x000012a8       0x10 ./drivers/fsl_spi.o
                0x000012a8                SPI0_DriverIRQHandler
 .text.SPI1_DriverIRQHandler
                0x000012b8       0x10 ./drivers/fsl_spi.o
                0x000012b8                SPI1_DriverIRQHandler
 .text.UART_GetInstance
                0x000012c8       0x20 ./drivers/fsl_uart.o
                0x000012c8                UART_GetInstance
 .text.UART_Init
                0x000012e8       0xdc ./drivers/fsl_uart.o
                0x000012e8                UART_Init
 .text.UART_ReadBlocking
                0x000013c4       0x60 ./drivers/fsl_uart.o
                0x000013c4                UART_ReadBlocking
 .text.UART1_DriverIRQHandler
                0x00001424       0x1c ./drivers/fsl_uart.o
                0x00001424                UART1_DriverIRQHandler
 .text.UART2_DriverIRQHandler
                0x00001440       0x1c ./drivers/fsl_uart.o
                0x00001440                UART2_DriverIRQHandler
 .text.BOARD_InitDebugConsole
                0x0000145c       0x38 ./board/board.o
                0x0000145c                BOARD_InitDebugConsole
 .text.BOARD_BootClockRUN
                0x00001494       0x70 ./board/clock_config.o
                0x00001494                BOARD_BootClockRUN
 .text.BOARD_InitPins
                0x00001504       0xc0 ./board/pin_mux.o
                0x00001504                BOARD_InitPins
 .text.SystemInit
                0x000015c4       0x10 ./CMSIS/system_MKL25Z4.o
                0x000015c4                SystemInit
 .text          0x000015d4       0x14 C:/NXP/MCUXpressoIDE_24.12.148/ide/plugins/com.nxp.mcuxpresso.tools.win32_24.12.0.202407110909/tools/bin/../lib/gcc/arm-none-eabi/13.2.1/thumb/v6-m/nofp\libgcc.a(_thumb1_case_uqi.o)
                0x000015d4                __gnu_thumb1_case_uqi
 .text          0x000015e8      0x114 C:/NXP/MCUXpressoIDE_24.12.148/ide/plugins/com.nxp.mcuxpresso.tools.win32_24.12.0.202407110909/tools/bin/../lib/gcc/arm-none-eabi/13.2.1/thumb/v6-m/nofp\libgcc.a(_udivsi3.o)
                0x000015e8                __aeabi_uidiv
                0x000015e8                __udivsi3
                0x000016f4                __aeabi_uidivmod
 .text          0x000016fc      0x1d4 C:/NXP/MCUXpressoIDE_24.12.148/ide/plugins/com.nxp.mcuxpresso.tools.win32_24.12.0.202407110909/tools/bin/../lib/gcc/arm-none-eabi/13.2.1/thumb/v6-m/nofp\libgcc.a(_divsi3.o)
                0x000016fc                __divsi3
                0x000016fc                __aeabi_idiv
                0x000018c8                __aeabi_idivmod
 .text          0x000018d0        0x4 C:/NXP/MCUXpressoIDE_24.12.148/ide/plugins/com.nxp.mcuxpresso.tools.win32_24.12.0.202407110909/tools/bin/../lib/gcc/arm-none-eabi/13.2.1/thumb/v6-m/nofp\libgcc.a(_dvmd_tls.o)
                0x000018d0                __aeabi_idiv0
                0x000018d0                __aeabi_ldiv0
 .text          0x000018d4       0x74 C:/NXP/MCUXpressoIDE_24.12.148/ide/plugins/com.nxp.mcuxpresso.tools.win32_24.12.0.202407110909/tools/bin/../lib/gcc/arm-none-eabi/13.2.1/thumb/v6-m/nofp\libgcc.a(_arm_cmpsf2.o)
                0x000018d4                __aeabi_cfrcmple
                0x000018dc                __aeabi_cfcmpeq
                0x000018dc                __aeabi_cfcmple
                0x000018ec                __aeabi_fcmpeq
                0x000018f8                __aeabi_fcmplt
                0x0000190c                __aeabi_fcmple
                0x00001920                __aeabi_fcmpgt
                0x00001934                __aeabi_fcmpge
 .text.__fixunssfsi
                0x00001948       0x30 C:/NXP/MCUXpressoIDE_24.12.148/ide/plugins/com.nxp.mcuxpresso.tools.win32_24.12.0.202407110909/tools/bin/../lib/gcc/arm-none-eabi/13.2.1/thumb/v6-m/nofp\libgcc.a(_fixunssfsi.o)
                0x00001948                __fixunssfsi
                0x00001948                __aeabi_f2uiz
 .text.__eqsf2  0x00001978       0x50 C:/NXP/MCUXpressoIDE_24.12.148/ide/plugins/com.nxp.mcuxpresso.tools.win32_24.12.0.202407110909/tools/bin/../lib/gcc/arm-none-eabi/13.2.1/thumb/v6-m/nofp\libgcc.a(eqsf2.o)
                0x00001978                __eqsf2
                0x00001978                __nesf2
 .text.__gesf2  0x000019c8       0x94 C:/NXP/MCUXpressoIDE_24.12.148/ide/plugins/com.nxp.mcuxpresso.tools.win32_24.12.0.202407110909/tools/bin/../lib/gcc/arm-none-eabi/13.2.1/thumb/v6-m/nofp\libgcc.a(gesf2.o)
                0x000019c8                __gesf2
                0x000019c8                __gtsf2
 .text.__lesf2  0x00001a5c       0x90 C:/NXP/MCUXpressoIDE_24.12.148/ide/plugins/com.nxp.mcuxpresso.tools.win32_24.12.0.202407110909/tools/bin/../lib/gcc/arm-none-eabi/13.2.1/thumb/v6-m/nofp\libgcc.a(lesf2.o)
                0x00001a5c                __ltsf2
                0x00001a5c                __lesf2
 .text.__aeabi_fmul
                0x00001aec      0x280 C:/NXP/MCUXpressoIDE_24.12.148/ide/plugins/com.nxp.mcuxpresso.tools.win32_24.12.0.202407110909/tools/bin/../lib/gcc/arm-none-eabi/13.2.1/thumb/v6-m/nofp\libgcc.a(mulsf3.o)
                0x00001aec                __aeabi_fmul
 .text.__aeabi_fsub
                0x00001d6c      0x38c C:/NXP/MCUXpressoIDE_24.12.148/ide/plugins/com.nxp.mcuxpresso.tools.win32_24.12.0.202407110909/tools/bin/../lib/gcc/arm-none-eabi/13.2.1/thumb/v6-m/nofp\libgcc.a(subsf3.o)
                0x00001d6c                __aeabi_fsub
 .text.__aeabi_f2iz
                0x000020f8       0x40 C:/NXP/MCUXpressoIDE_24.12.148/ide/plugins/com.nxp.mcuxpresso.tools.win32_24.12.0.202407110909/tools/bin/../lib/gcc/arm-none-eabi/13.2.1/thumb/v6-m/nofp\libgcc.a(fixsfsi.o)
                0x000020f8                __aeabi_f2iz
 .text          0x00002138       0x3c C:/NXP/MCUXpressoIDE_24.12.148/ide/plugins/com.nxp.mcuxpresso.tools.win32_24.12.0.202407110909/tools/bin/../lib/gcc/arm-none-eabi/13.2.1/thumb/v6-m/nofp\libgcc.a(_clzsi2.o)
                0x00002138                __clzsi2
 .text.stdio_exit_handler
                0x00002174       0x1c C:/NXP/MCUXpressoIDE_24.12.148/ide/plugins/com.nxp.mcuxpresso.tools.win32_24.12.0.202407110909/tools/bin/../lib/gcc/arm-none-eabi/13.2.1/thumb/v6-m/nofp\libc.a(libc_a-findfp.o)
 .text.cleanup_stdio
                0x00002190       0x3c C:/NXP/MCUXpressoIDE_24.12.148/ide/plugins/com.nxp.mcuxpresso.tools.win32_24.12.0.202407110909/tools/bin/../lib/gcc/arm-none-eabi/13.2.1/thumb/v6-m/nofp\libc.a(libc_a-findfp.o)
 .text.global_stdio_init.part.0
                0x000021cc      0x118 C:/NXP/MCUXpressoIDE_24.12.148/ide/plugins/com.nxp.mcuxpresso.tools.win32_24.12.0.202407110909/tools/bin/../lib/gcc/arm-none-eabi/13.2.1/thumb/v6-m/nofp\libc.a(libc_a-findfp.o)
 .text.__sinit  0x000022e4       0x38 C:/NXP/MCUXpressoIDE_24.12.148/ide/plugins/com.nxp.mcuxpresso.tools.win32_24.12.0.202407110909/tools/bin/../lib/gcc/arm-none-eabi/13.2.1/thumb/v6-m/nofp\libc.a(libc_a-findfp.o)
                0x000022e4                __sinit
 .text.__sfp_lock_acquire
                0x0000231c       0x10 C:/NXP/MCUXpressoIDE_24.12.148/ide/plugins/com.nxp.mcuxpresso.tools.win32_24.12.0.202407110909/tools/bin/../lib/gcc/arm-none-eabi/13.2.1/thumb/v6-m/nofp\libc.a(libc_a-findfp.o)
                0x0000231c                __sfp_lock_acquire
 .text.__sfp_lock_release
                0x0000232c       0x10 C:/NXP/MCUXpressoIDE_24.12.148/ide/plugins/com.nxp.mcuxpresso.tools.win32_24.12.0.202407110909/tools/bin/../lib/gcc/arm-none-eabi/13.2.1/thumb/v6-m/nofp\libc.a(libc_a-findfp.o)
                0x0000232c                __sfp_lock_release
 .text._fwalk_sglue
                0x0000233c       0x44 C:/NXP/MCUXpressoIDE_24.12.148/ide/plugins/com.nxp.mcuxpresso.tools.win32_24.12.0.202407110909/tools/bin/../lib/gcc/arm-none-eabi/13.2.1/thumb/v6-m/nofp\libc.a(libc_a-fwalk.o)
                0x0000233c                _fwalk_sglue
 .text.__sread  0x00002380       0x28 C:/NXP/MCUXpressoIDE_24.12.148/ide/plugins/com.nxp.mcuxpresso.tools.win32_24.12.0.202407110909/tools/bin/../lib/gcc/arm-none-eabi/13.2.1/thumb/v6-m/nofp\libc.a(libc_a-stdio.o)
                0x00002380                __sread
 .text.__swrite
                0x000023a8       0x40 C:/NXP/MCUXpressoIDE_24.12.148/ide/plugins/com.nxp.mcuxpresso.tools.win32_24.12.0.202407110909/tools/bin/../lib/gcc/arm-none-eabi/13.2.1/thumb/v6-m/nofp\libc.a(libc_a-stdio.o)
                0x000023a8                __swrite
 .text.__sseek  0x000023e8       0x30 C:/NXP/MCUXpressoIDE_24.12.148/ide/plugins/com.nxp.mcuxpresso.tools.win32_24.12.0.202407110909/tools/bin/../lib/gcc/arm-none-eabi/13.2.1/thumb/v6-m/nofp\libc.a(libc_a-stdio.o)
                0x000023e8                __sseek
 .text.__sclose
                0x00002418        0xc C:/NXP/MCUXpressoIDE_24.12.148/ide/plugins/com.nxp.mcuxpresso.tools.win32_24.12.0.202407110909/tools/bin/../lib/gcc/arm-none-eabi/13.2.1/thumb/v6-m/nofp\libc.a(libc_a-stdio.o)
                0x00002418                __sclose
 .text.memset   0x00002424       0xa8 C:/NXP/MCUXpressoIDE_24.12.148/ide/plugins/com.nxp.mcuxpresso.tools.win32_24.12.0.202407110909/tools/bin/../lib/gcc/arm-none-eabi/13.2.1/thumb/v6-m/nofp\libc.a(libc_a-memset.o)
                0x00002424                memset
 .text._close_r
                0x000024cc       0x24 C:/NXP/MCUXpressoIDE_24.12.148/ide/plugins/com.nxp.mcuxpresso.tools.win32_24.12.0.202407110909/tools/bin/../lib/gcc/arm-none-eabi/13.2.1/thumb/v6-m/nofp\libc.a(libc_a-closer.o)
                0x000024cc                _close_r
 .text._lseek_r
                0x000024f0       0x28 C:/NXP/MCUXpressoIDE_24.12.148/ide/plugins/com.nxp.mcuxpresso.tools.win32_24.12.0.202407110909/tools/bin/../lib/gcc/arm-none-eabi/13.2.1/thumb/v6-m/nofp\libc.a(libc_a-lseekr.o)
                0x000024f0                _lseek_r
 .text._read_r  0x00002518       0x28 C:/NXP/MCUXpressoIDE_24.12.148/ide/plugins/com.nxp.mcuxpresso.tools.win32_24.12.0.202407110909/tools/bin/../lib/gcc/arm-none-eabi/13.2.1/thumb/v6-m/nofp\libc.a(libc_a-readr.o)
                0x00002518                _read_r
 .text._write_r
                0x00002540       0x28 C:/NXP/MCUXpressoIDE_24.12.148/ide/plugins/com.nxp.mcuxpresso.tools.win32_24.12.0.202407110909/tools/bin/../lib/gcc/arm-none-eabi/13.2.1/thumb/v6-m/nofp\libc.a(libc_a-writer.o)
                0x00002540                _write_r
 .text.__retarget_lock_init_recursive
                0x00002568        0x4 C:/NXP/MCUXpressoIDE_24.12.148/ide/plugins/com.nxp.mcuxpresso.tools.win32_24.12.0.202407110909/tools/bin/../lib/gcc/arm-none-eabi/13.2.1/thumb/v6-m/nofp\libc.a(libc_a-lock.o)
                0x00002568                __retarget_lock_init_recursive
 .text.__retarget_lock_close_recursive
                0x0000256c        0x4 C:/NXP/MCUXpressoIDE_24.12.148/ide/plugins/com.nxp.mcuxpresso.tools.win32_24.12.0.202407110909/tools/bin/../lib/gcc/arm-none-eabi/13.2.1/thumb/v6-m/nofp\libc.a(libc_a-lock.o)
                0x0000256c                __retarget_lock_close_recursive
 .text.__retarget_lock_acquire_recursive
                0x00002570        0x4 C:/NXP/MCUXpressoIDE_24.12.148/ide/plugins/com.nxp.mcuxpresso.tools.win32_24.12.0.202407110909/tools/bin/../lib/gcc/arm-none-eabi/13.2.1/thumb/v6-m/nofp\libc.a(libc_a-lock.o)
                0x00002570                __retarget_lock_acquire_recursive
 .text.__retarget_lock_release_recursive
                0x00002574        0x4 C:/NXP/MCUXpressoIDE_24.12.148/ide/plugins/com.nxp.mcuxpresso.tools.win32_24.12.0.202407110909/tools/bin/../lib/gcc/arm-none-eabi/13.2.1/thumb/v6-m/nofp\libc.a(libc_a-lock.o)
                0x00002574                __retarget_lock_release_recursive
 .text.strlen   0x00002578       0x5c C:/NXP/MCUXpressoIDE_24.12.148/ide/plugins/com.nxp.mcuxpresso.tools.win32_24.12.0.202407110909/tools/bin/../lib/gcc/arm-none-eabi/13.2.1/thumb/v6-m/nofp\libc.a(libc_a-strlen-stub.o)
                0x00002578                strlen
 .text._malloc_trim_r
                0x000025d4       0xb4 C:/NXP/MCUXpressoIDE_24.12.148/ide/plugins/com.nxp.mcuxpresso.tools.win32_24.12.0.202407110909/tools/bin/../lib/gcc/arm-none-eabi/13.2.1/thumb/v6-m/nofp\libc.a(libc_a-freer.o)
                0x000025d4                _malloc_trim_r
 .text._free_r  0x00002688      0x1d4 C:/NXP/MCUXpressoIDE_24.12.148/ide/plugins/com.nxp.mcuxpresso.tools.win32_24.12.0.202407110909/tools/bin/../lib/gcc/arm-none-eabi/13.2.1/thumb/v6-m/nofp\libc.a(libc_a-freer.o)
                0x00002688                _free_r
 .text.__malloc_lock
                0x0000285c       0x10 C:/NXP/MCUXpressoIDE_24.12.148/ide/plugins/com.nxp.mcuxpresso.tools.win32_24.12.0.202407110909/tools/bin/../lib/gcc/arm-none-eabi/13.2.1/thumb/v6-m/nofp\libc.a(libc_a-mlock.o)
                0x0000285c                __malloc_lock
 .text.__malloc_unlock
                0x0000286c       0x10 C:/NXP/MCUXpressoIDE_24.12.148/ide/plugins/com.nxp.mcuxpresso.tools.win32_24.12.0.202407110909/tools/bin/../lib/gcc/arm-none-eabi/13.2.1/thumb/v6-m/nofp\libc.a(libc_a-mlock.o)
                0x0000286c                __malloc_unlock
 .text._fclose_r
                0x0000287c       0xd0 C:/NXP/MCUXpressoIDE_24.12.148/ide/plugins/com.nxp.mcuxpresso.tools.win32_24.12.0.202407110909/tools/bin/../lib/gcc/arm-none-eabi/13.2.1/thumb/v6-m/nofp\libc.a(libc_a-fclose.o)
                0x0000287c                _fclose_r
 .text.fclose   0x0000294c       0x14 C:/NXP/MCUXpressoIDE_24.12.148/ide/plugins/com.nxp.mcuxpresso.tools.win32_24.12.0.202407110909/tools/bin/../lib/gcc/arm-none-eabi/13.2.1/thumb/v6-m/nofp\libc.a(libc_a-fclose.o)
                0x0000294c                fclose
 .text.__sflush_r
                0x00002960      0x148 C:/NXP/MCUXpressoIDE_24.12.148/ide/plugins/com.nxp.mcuxpresso.tools.win32_24.12.0.202407110909/tools/bin/../lib/gcc/arm-none-eabi/13.2.1/thumb/v6-m/nofp\libc.a(libc_a-fflush.o)
                0x00002960                __sflush_r
 .text._sbrk_r  0x00002aa8       0x24 C:/NXP/MCUXpressoIDE_24.12.148/ide/plugins/com.nxp.mcuxpresso.tools.win32_24.12.0.202407110909/tools/bin/../lib/gcc/arm-none-eabi/13.2.1/thumb/v6-m/nofp\libc.a(libc_a-sbrkr.o)
                0x00002aa8                _sbrk_r
 .text.sysconf  0x00002acc       0x1c C:/NXP/MCUXpressoIDE_24.12.148/ide/plugins/com.nxp.mcuxpresso.tools.win32_24.12.0.202407110909/tools/bin/../lib/gcc/arm-none-eabi/13.2.1/thumb/v6-m/nofp\libc.a(libc_a-sysconf.o)
                0x00002acc                sysconf
 .text.__errno  0x00002ae8        0xc C:/NXP/MCUXpressoIDE_24.12.148/ide/plugins/com.nxp.mcuxpresso.tools.win32_24.12.0.202407110909/tools/bin/../lib/gcc/arm-none-eabi/13.2.1/thumb/v6-m/nofp\libc.a(libc_a-errno.o)
                0x00002ae8                __errno
 .text._sbrk    0x00002af4       0x44 C:/NXP/MCUXpressoIDE_24.12.148/ide/plugins/com.nxp.mcuxpresso.tools.win32_24.12.0.202407110909/tools/bin/../lib/gcc/arm-none-eabi/13.2.1/../../../../arm-none-eabi/lib/thumb/v6-m/nofp\libcr_c.a(_cr_sbrk.o)
                0x00002af4                _sbrk
 .text._initio  0x00002b38       0x7c C:/NXP/MCUXpressoIDE_24.12.148/ide/plugins/com.nxp.mcuxpresso.tools.win32_24.12.0.202407110909/tools/bin/../lib/gcc/arm-none-eabi/13.2.1/../../../../arm-none-eabi/lib/thumb/v6-m/nofp\libcr_c.a(initio.o)
                0x00002b38                _initio
 .text.setvbuf  0x00002bb4       0x4c C:/NXP/MCUXpressoIDE_24.12.148/ide/plugins/com.nxp.mcuxpresso.tools.win32_24.12.0.202407110909/tools/bin/../lib/gcc/arm-none-eabi/13.2.1/../../../../arm-none-eabi/lib/thumb/v6-m/nofp\libcr_c.a(setvbuf.o)
                0x00002bb4                setvbuf
 .text.__check_heap_overflow
                0x00002c00       0x18 C:/NXP/MCUXpressoIDE_24.12.148/ide/plugins/com.nxp.mcuxpresso.tools.win32_24.12.0.202407110909/tools/bin/../lib/gcc/arm-none-eabi/13.2.1/../../../../arm-none-eabi/lib/thumb/v6-m/nofp\libcr_c.a(_cr_check_heap.o)
                0x00002c00                __check_heap_overflow
 .text._fdopen  0x00002c18       0x74 C:/NXP/MCUXpressoIDE_24.12.148/ide/plugins/com.nxp.mcuxpresso.tools.win32_24.12.0.202407110909/tools/bin/../lib/gcc/arm-none-eabi/13.2.1/../../../../arm-none-eabi/lib/thumb/v6-m/nofp\libcr_c.a(_fdopen.o)
                0x00002c18                _fdopen
 .text.fseek    0x00002c8c       0xec C:/NXP/MCUXpressoIDE_24.12.148/ide/plugins/com.nxp.mcuxpresso.tools.win32_24.12.0.202407110909/tools/bin/../lib/gcc/arm-none-eabi/13.2.1/../../../../arm-none-eabi/lib/thumb/v6-m/nofp\libcr_c.a(fseek.o)
                0x00002c8c                fseek
 .text.ftell    0x00002d78       0x4c C:/NXP/MCUXpressoIDE_24.12.148/ide/plugins/com.nxp.mcuxpresso.tools.win32_24.12.0.202407110909/tools/bin/../lib/gcc/arm-none-eabi/13.2.1/../../../../arm-none-eabi/lib/thumb/v6-m/nofp\libcr_c.a(ftell.o)
                0x00002d78                ftell
 .text.CLOCK_GetFixedFreqClkFreq
                0x00002dc4       0x1a ./drivers/fsl_clock.o
                0x00002dc4                CLOCK_GetFixedFreqClkFreq
 .text.DMA_HandleIRQ
                0x00002dde       0x22 ./drivers/fsl_dma.o
                0x00002dde                DMA_HandleIRQ
 .text.GPIO_PinInit
                0x00002e00       0x26 ./drivers/fsl_gpio.o
                0x00002e00                GPIO_PinInit
 .text.LPSCI_GetDefaultConfig
                0x00002e26        0xc ./drivers/fsl_lpsci.o
                0x00002e26                LPSCI_GetDefaultConfig
 .text.LPSCI_WriteBlocking
                0x00002e32       0x18 ./drivers/fsl_lpsci.o
                0x00002e32                LPSCI_WriteBlocking
 .text.SPI_WriteNonBlocking
                0x00002e4a       0x1e ./drivers/fsl_spi.o
 .text.SPI_SendTransfer
                0x00002e68       0x62 ./drivers/fsl_spi.o
 .text.SPI_ReceiveTransfer
                0x00002eca       0x3c ./drivers/fsl_spi.o
 .text.SPI_MasterSetBaudRate
                0x00002f06       0x6a ./drivers/fsl_spi.o
                0x00002f06                SPI_MasterSetBaudRate
 .text.SPI_MasterTransferNonBlocking
                0x00002f70       0x78 ./drivers/fsl_spi.o
                0x00002f70                SPI_MasterTransferNonBlocking
 .text.SPI_MasterTransferAbort
                0x00002fe8       0x12 ./drivers/fsl_spi.o
                0x00002fe8                SPI_MasterTransferAbort
 .text.SPI_MasterTransferHandleIRQ
                0x00002ffa       0x34 ./drivers/fsl_spi.o
                0x00002ffa                SPI_MasterTransferHandleIRQ
 .text.UART_GetDefaultConfig
                0x0000302e        0xc ./drivers/fsl_uart.o
                0x0000302e                UART_GetDefaultConfig
 .text.UART_WriteBlocking
                0x0000303a       0x18 ./drivers/fsl_uart.o
                0x0000303a                UART_WriteBlocking
 .text.BOARD_InitBootClocks
                0x00003052        0x8 ./board/clock_config.o
                0x00003052                BOARD_InitBootClocks
 .text.BOARD_InitBootPeripherals
                0x0000305a        0x2 ./board/peripherals.o
                0x0000305a                BOARD_InitBootPeripherals
 .text.BOARD_InitBootPins
                0x0000305c        0x8 ./board/pin_mux.o
                0x0000305c                BOARD_InitBootPins
 .text.__main   0x00003064        0xc C:/NXP/MCUXpressoIDE_24.12.148/ide/plugins/com.nxp.mcuxpresso.tools.win32_24.12.0.202407110909/tools/bin/../lib/gcc/arm-none-eabi/13.2.1/../../../../arm-none-eabi/lib/thumb/v6-m/nofp\libcr_nohost_nf.a(_cr__main.o)
                0x00003064                __main
 .text.__sys_flen
                0x00003070        0x6 C:/NXP/MCUXpressoIDE_24.12.148/ide/plugins/com.nxp.mcuxpresso.tools.win32_24.12.0.202407110909/tools/bin/../lib/gcc/arm-none-eabi/13.2.1/../../../../arm-none-eabi/lib/thumb/v6-m/nofp\libcr_nohost_nf.a(__sys_flen.o)
                0x00003070                __sys_flen
 .text.__sys_istty
                0x00003076        0x6 C:/NXP/MCUXpressoIDE_24.12.148/ide/plugins/com.nxp.mcuxpresso.tools.win32_24.12.0.202407110909/tools/bin/../lib/gcc/arm-none-eabi/13.2.1/../../../../arm-none-eabi/lib/thumb/v6-m/nofp\libcr_nohost_nf.a(__sys_istty.o)
                0x00003076                __sys_istty
 *(SORT_BY_ALIGNMENT(.rodata) SORT_BY_ALIGNMENT(.rodata.*) SORT_BY_ALIGNMENT(.constdata) SORT_BY_ALIGNMENT(.constdata.*))
 .rodata.s_spiClock
                0x0000307c        0x8 ./drivers/fsl_spi.o
 .rodata.s_uartClock
                0x00003084        0xc ./drivers/fsl_uart.o
 .rodata.oscConfig_BOARD_BootClockRUN
                0x00003090        0x8 ./board/clock_config.o
                0x00003090                oscConfig_BOARD_BootClockRUN
 .rodata.simConfig_BOARD_BootClockRUN
                0x00003098        0x8 ./board/clock_config.o
                0x00003098                simConfig_BOARD_BootClockRUN
 .rodata.__num_Ciob_streams
                0x000030a0        0x4 C:/NXP/MCUXpressoIDE_24.12.148/ide/plugins/com.nxp.mcuxpresso.tools.win32_24.12.0.202407110909/tools/bin/../lib/gcc/arm-none-eabi/13.2.1/../../../../arm-none-eabi/lib/thumb/v6-m/nofp\libcr_nohost_nf.a(__ciob.o)
                0x000030a0                __num_Ciob_streams
 .rodata.fllFactorTable.1
                0x000030a4       0x10 ./drivers/fsl_clock.o
 .rodata.main.str1.1
                0x000030b4      0x101 ./source/YARAB_V1.o
                                 0x57 (size before relaxing)
 .rodata.__func__.0
                0x000031b5        0x5 ./source/YARAB_V1.o
 .rodata.SPI_Callback.str1.1
                0x000031ba       0x52 ./drivers/Slave_Center_IF.o
 .rodata.SPI_Init.str1.1
                0x000031ba       0x42 ./drivers/Slave_Center_IF.o
 .rodata.SPI_WriteRegister.str1.1
                0x000031ba       0x42 ./drivers/Slave_Center_IF.o
 .rodata.__func__.0
                0x000031ba       0x12 ./drivers/Slave_Center_IF.o
 .rodata.__func__.1
                0x000031cc        0x9 ./drivers/Slave_Center_IF.o
 .rodata.s_spiIRQ
                0x000031d5        0x2 ./drivers/fsl_spi.o
 .rodata.mcgConfig_BOARD_BootClockRUN
                0x000031d7        0xa ./board/clock_config.o
                0x000031d7                mcgConfig_BOARD_BootClockRUN
 .rodata._initio.str1.1
                0x000031e1        0x4 C:/NXP/MCUXpressoIDE_24.12.148/ide/plugins/com.nxp.mcuxpresso.tools.win32_24.12.0.202407110909/tools/bin/../lib/gcc/arm-none-eabi/13.2.1/../../../../arm-none-eabi/lib/thumb/v6-m/nofp\libcr_c.a(initio.o)
                0x0000320c                        . = ALIGN (0x4)
 *fill*         0x000031e1        0x3 ff

.glue_7         0x000031e4        0x0
 .glue_7        0x000031e4        0x0 linker stubs

.glue_7t        0x000031e4        0x0
 .glue_7t       0x000031e4        0x0 linker stubs

.vfp11_veneer   0x000031e4        0x0
 .vfp11_veneer  0x000031e4        0x0 linker stubs

.v4_bx          0x000031e4        0x0
 .v4_bx         0x000031e4        0x0 linker stubs

.init           0x000031e4        0x4
 .init          0x000031e4        0x4 C:/NXP/MCUXpressoIDE_24.12.148/ide/plugins/com.nxp.mcuxpresso.tools.win32_24.12.0.202407110909/tools/bin/../lib/gcc/arm-none-eabi/13.2.1/thumb/v6-m/nofp/crti.o
                0x000031e4                _init

.fini           0x000031e8        0x4
 .fini          0x000031e8        0x4 C:/NXP/MCUXpressoIDE_24.12.148/ide/plugins/com.nxp.mcuxpresso.tools.win32_24.12.0.202407110909/tools/bin/../lib/gcc/arm-none-eabi/13.2.1/thumb/v6-m/nofp/crti.o
                0x000031e8                _fini

.iplt           0x000031ec        0x0
 .iplt          0x000031ec        0x0 ./utilities/fsl_debug_console.o

.rel.dyn        0x000031ec        0x0
 .rel.iplt      0x000031ec        0x0 ./utilities/fsl_debug_console.o

.ARM.extab
 *(SORT_BY_ALIGNMENT(.ARM.extab*) SORT_BY_ALIGNMENT(.gnu.linkonce.armextab.*))

.ARM.exidx      0x000031ec        0x0
                0x000031ec                        __exidx_start = .
 *(SORT_BY_ALIGNMENT(.ARM.exidx*) SORT_BY_ALIGNMENT(.gnu.linkonce.armexidx.*))
                0x000031ec                        __exidx_end = .
                0x000031ec                        _etext = .

.m_usb_data
 *(SORT_BY_ALIGNMENT(m_usb_bdt))

.mtb_buffer_default
                0x1ffff000       0x80
 *(SORT_BY_ALIGNMENT(.mtb*))
 .mtb.$RAM1     0x1ffff000       0x80 ./source/mtb.o
                0x1ffff000                __mtb_buffer__

.uninit_RESERVED
                0x1ffff080        0x0
                0x1ffff080                        _start_uninit_RESERVED = .
 *(SORT_BY_ALIGNMENT(.bss.$RESERVED*))
                0x1ffff080                        . = ALIGN (0x4)
                0x1ffff080                        _end_uninit_RESERVED = .

.data           0x1ffff080      0x54c load address 0x000031ec
 FILL mask 0xff
                0x1ffff080                        _data = .
                [!provide]                        PROVIDE (__start_data_RAM = .)
                [!provide]                        PROVIDE (__start_data_SRAM = .)
 *(SORT_BY_ALIGNMENT(vtable))
 *(SORT_BY_ALIGNMENT(.ramfunc*))
 *(SORT_BY_ALIGNMENT(CodeQuickAccess))
 *(SORT_BY_ALIGNMENT(DataQuickAccess))
 *(SORT_BY_ALIGNMENT(RamFunction))
 *(SORT_BY_ALIGNMENT(.data*))
 .data._impure_data
                0x1ffff080      0x120 C:/NXP/MCUXpressoIDE_24.12.148/ide/plugins/com.nxp.mcuxpresso.tools.win32_24.12.0.202407110909/tools/bin/../lib/gcc/arm-none-eabi/13.2.1/thumb/v6-m/nofp\libc.a(libc_a-impure.o)
                0x1ffff080                _impure_data
 .data.__malloc_av_
                0x1ffff1a0      0x408 C:/NXP/MCUXpressoIDE_24.12.148/ide/plugins/com.nxp.mcuxpresso.tools.win32_24.12.0.202407110909/tools/bin/../lib/gcc/arm-none-eabi/13.2.1/thumb/v6-m/nofp\libc.a(libc_a-mallocr.o)
                0x1ffff1a0                __malloc_av_
 .data.s_fastIrcFreq
                0x1ffff5a8        0x4 ./drivers/fsl_clock.o
 .data.s_slowIrcFreq
                0x1ffff5ac        0x4 ./drivers/fsl_clock.o
 .data.SystemCoreClock
                0x1ffff5b0        0x4 ./CMSIS/system_MKL25Z4.o
                0x1ffff5b0                SystemCoreClock
 .data.__sglue  0x1ffff5b4        0xc C:/NXP/MCUXpressoIDE_24.12.148/ide/plugins/com.nxp.mcuxpresso.tools.win32_24.12.0.202407110909/tools/bin/../lib/gcc/arm-none-eabi/13.2.1/thumb/v6-m/nofp\libc.a(libc_a-findfp.o)
                0x1ffff5b4                __sglue
 .data._impure_ptr
                0x1ffff5c0        0x4 C:/NXP/MCUXpressoIDE_24.12.148/ide/plugins/com.nxp.mcuxpresso.tools.win32_24.12.0.202407110909/tools/bin/../lib/gcc/arm-none-eabi/13.2.1/thumb/v6-m/nofp\libc.a(libc_a-impure.o)
                0x1ffff5c0                _impure_ptr
 .data.__malloc_sbrk_base
                0x1ffff5c4        0x4 C:/NXP/MCUXpressoIDE_24.12.148/ide/plugins/com.nxp.mcuxpresso.tools.win32_24.12.0.202407110909/tools/bin/../lib/gcc/arm-none-eabi/13.2.1/thumb/v6-m/nofp\libc.a(libc_a-mallocr.o)
                0x1ffff5c4                __malloc_sbrk_base
 .data.__malloc_trim_threshold
                0x1ffff5c8        0x4 C:/NXP/MCUXpressoIDE_24.12.148/ide/plugins/com.nxp.mcuxpresso.tools.win32_24.12.0.202407110909/tools/bin/../lib/gcc/arm-none-eabi/13.2.1/thumb/v6-m/nofp\libc.a(libc_a-mallocr.o)
                0x1ffff5c8                __malloc_trim_threshold
                0x1ffff5cc                        . = ALIGN (0x4)
                0x1ffff5cc                        _edata = .
                [!provide]                        PROVIDE (__end_data_RAM = .)
                [!provide]                        PROVIDE (__end_data_SRAM = .)

.igot.plt       0x1ffff5cc        0x0 load address 0x00003738
 .igot.plt      0x1ffff5cc        0x0 ./utilities/fsl_debug_console.o

.bss            0x1ffff5cc      0x2b4
                0x1ffff5cc                        _bss = .
                [!provide]                        PROVIDE (__start_bss_RAM = .)
                [!provide]                        PROVIDE (__start_bss_SRAM = .)
 *(SORT_BY_ALIGNMENT(.bss*))
 .bss.s_debugConsole
                0x1ffff5cc       0x10 ./utilities/fsl_debug_console.o
 .bss.spiHandle
                0x1ffff5dc       0x24 ./drivers/Slave_Center_IF.o
                0x1ffff5dc                spiHandle
 .bss.g_xtal32Freq
                0x1ffff600        0x4 ./drivers/fsl_clock.o
                0x1ffff600                g_xtal32Freq
 .bss.g_xtal0Freq
                0x1ffff604        0x4 ./drivers/fsl_clock.o
                0x1ffff604                g_xtal0Freq
 .bss.s_DMAHandle
                0x1ffff608       0x10 ./drivers/fsl_dma.o
 .bss.s_i2cSlaveIsr
                0x1ffff618        0x4 ./drivers/fsl_i2c.o
 .bss.s_i2cMasterIsr
                0x1ffff61c        0x4 ./drivers/fsl_i2c.o
 .bss.s_i2cHandle
                0x1ffff620        0x8 ./drivers/fsl_i2c.o
 .bss.s_lpsciIsr
                0x1ffff628        0x4 ./drivers/fsl_lpsci.o
 .bss.s_lpsciHandle
                0x1ffff62c        0x4 ./drivers/fsl_lpsci.o
 .bss.s_spiSlaveIsr
                0x1ffff630        0x4 ./drivers/fsl_spi.o
 .bss.s_spiMasterIsr
                0x1ffff634        0x4 ./drivers/fsl_spi.o
 .bss.s_spiHandle
                0x1ffff638        0x8 ./drivers/fsl_spi.o
 .bss.s_uartIsr
                0x1ffff640        0x4 ./drivers/fsl_uart.o
 .bss.s_uartHandle
                0x1ffff644        0xc ./drivers/fsl_uart.o
 .bss.__sf      0x1ffff650      0x138 C:/NXP/MCUXpressoIDE_24.12.148/ide/plugins/com.nxp.mcuxpresso.tools.win32_24.12.0.202407110909/tools/bin/../lib/gcc/arm-none-eabi/13.2.1/thumb/v6-m/nofp\libc.a(libc_a-findfp.o)
                0x1ffff650                __sf
 .bss.__stdio_exit_handler
                0x1ffff788        0x4 C:/NXP/MCUXpressoIDE_24.12.148/ide/plugins/com.nxp.mcuxpresso.tools.win32_24.12.0.202407110909/tools/bin/../lib/gcc/arm-none-eabi/13.2.1/thumb/v6-m/nofp\libc.a(libc_a-findfp.o)
                0x1ffff788                __stdio_exit_handler
 .bss.errno     0x1ffff78c        0x4 C:/NXP/MCUXpressoIDE_24.12.148/ide/plugins/com.nxp.mcuxpresso.tools.win32_24.12.0.202407110909/tools/bin/../lib/gcc/arm-none-eabi/13.2.1/thumb/v6-m/nofp\libc.a(libc_a-reent.o)
                0x1ffff78c                errno
 .bss.__lock___malloc_recursive_mutex
                0x1ffff790        0x1 C:/NXP/MCUXpressoIDE_24.12.148/ide/plugins/com.nxp.mcuxpresso.tools.win32_24.12.0.202407110909/tools/bin/../lib/gcc/arm-none-eabi/13.2.1/thumb/v6-m/nofp\libc.a(libc_a-lock.o)
                0x1ffff790                __lock___malloc_recursive_mutex
 *fill*         0x1ffff791        0x3 
 .bss.__lock___sfp_recursive_mutex
                0x1ffff794        0x1 C:/NXP/MCUXpressoIDE_24.12.148/ide/plugins/com.nxp.mcuxpresso.tools.win32_24.12.0.202407110909/tools/bin/../lib/gcc/arm-none-eabi/13.2.1/thumb/v6-m/nofp\libc.a(libc_a-lock.o)
                0x1ffff794                __lock___sfp_recursive_mutex
 *fill*         0x1ffff795        0x3 
 .bss.__malloc_current_mallinfo
                0x1ffff798       0x28 C:/NXP/MCUXpressoIDE_24.12.148/ide/plugins/com.nxp.mcuxpresso.tools.win32_24.12.0.202407110909/tools/bin/../lib/gcc/arm-none-eabi/13.2.1/thumb/v6-m/nofp\libc.a(libc_a-mallocr.o)
                0x1ffff798                __malloc_current_mallinfo
 .bss.__malloc_top_pad
                0x1ffff7c0        0x4 C:/NXP/MCUXpressoIDE_24.12.148/ide/plugins/com.nxp.mcuxpresso.tools.win32_24.12.0.202407110909/tools/bin/../lib/gcc/arm-none-eabi/13.2.1/thumb/v6-m/nofp\libc.a(libc_a-mallocr.o)
                0x1ffff7c0                __malloc_top_pad
 .bss.__end_of_heap
                0x1ffff7c4        0x4 C:/NXP/MCUXpressoIDE_24.12.148/ide/plugins/com.nxp.mcuxpresso.tools.win32_24.12.0.202407110909/tools/bin/../lib/gcc/arm-none-eabi/13.2.1/../../../../arm-none-eabi/lib/thumb/v6-m/nofp\libcr_c.a(__init_alloc.o)
                0x1ffff7c4                __end_of_heap
 .bss.__Ciob    0x1ffff7c8       0xb4 C:/NXP/MCUXpressoIDE_24.12.148/ide/plugins/com.nxp.mcuxpresso.tools.win32_24.12.0.202407110909/tools/bin/../lib/gcc/arm-none-eabi/13.2.1/../../../../arm-none-eabi/lib/thumb/v6-m/nofp\libcr_nohost_nf.a(__ciob.o)
                0x1ffff7c8                __Ciob
 .bss.spiTransferCompleted
                0x1ffff87c        0x1 ./drivers/Slave_Center_IF.o
                0x1ffff87c                spiTransferCompleted
 *(SORT_BY_ALIGNMENT(COMMON))
                0x1ffff880                        . = ALIGN (0x4)
 *fill*         0x1ffff87d        0x3 
                0x1ffff880                        _ebss = .
                [!provide]                        PROVIDE (__end_bss_RAM = .)
                [!provide]                        PROVIDE (__end_bss_SRAM = .)
                [!provide]                        PROVIDE (end = .)

.noinit         0x1ffff880        0x0
                0x1ffff880                        _noinit = .
                [!provide]                        PROVIDE (__start_noinit_RAM = .)
                [!provide]                        PROVIDE (__start_noinit_SRAM = .)
 *(SORT_BY_ALIGNMENT(.noinit*))
                0x1ffff880                        . = ALIGN (0x4)
                0x1ffff880                        _end_noinit = .
                [!provide]                        PROVIDE (__end_noinit_RAM = .)
                [!provide]                        PROVIDE (__end_noinit_SRAM = .)
                0x00000400                        _HeapSize = 0x400

.heap           0x1ffff880      0x400
                0x1ffff880                        _pvHeapStart = .
                0x1ffffc80                        . = (. + _HeapSize)
 *fill*         0x1ffff880      0x400 
                0x1ffffc80                        . = ALIGN (0x4)
                0x1ffffc80                        _pvHeapLimit = .
                0x00000400                        _StackSize = 0x400

.heap2stackfill
                0x1ffffc80      0x400
                0x20000080                        . = (. + _StackSize)
 *fill*         0x1ffffc80      0x400 

.stack          0x20002c00        0x0
                0x20002c00                        _vStackBase = .
                0x20002c00                        . = ALIGN (0x4)
                0x20003000                        _vStackTop = (. + _StackSize)
                0x00000000                        _image_start = LOADADDR (.text)
                0x00003738                        _image_end = (LOADADDR (.data) + SIZEOF (.data))
                0x00003738                        _image_size = (_image_end - _image_start)
OUTPUT(YARAB_V1.axf elf32-littlearm)
LOAD linker stubs

.ARM.attributes
                0x00000000       0x28
 .ARM.attributes
                0x00000000       0x1e C:/NXP/MCUXpressoIDE_24.12.148/ide/plugins/com.nxp.mcuxpresso.tools.win32_24.12.0.202407110909/tools/bin/../lib/gcc/arm-none-eabi/13.2.1/thumb/v6-m/nofp/crti.o
 .ARM.attributes
                0x0000001e       0x2c ./utilities/fsl_debug_console.o
 .ARM.attributes
                0x0000004a       0x2c ./startup/startup_mkl25z4.o
 .ARM.attributes
                0x00000076       0x2c ./source/YARAB_V1.o
 .ARM.attributes
                0x000000a2       0x2c ./source/mtb.o
 .ARM.attributes
                0x000000ce       0x2c ./source/semihost_hardfault.o
 .ARM.attributes
                0x000000fa       0x2c ./drivers/Slave_Center_IF.o
 .ARM.attributes
                0x00000126       0x2c ./drivers/fsl_clock.o
 .ARM.attributes
                0x00000152       0x2c ./drivers/fsl_dma.o
 .ARM.attributes
                0x0000017e       0x2c ./drivers/fsl_gpio.o
 .ARM.attributes
                0x000001aa       0x2c ./drivers/fsl_i2c.o
 .ARM.attributes
                0x000001d6       0x2c ./drivers/fsl_lpsci.o
 .ARM.attributes
                0x00000202       0x2c ./drivers/fsl_spi.o
 .ARM.attributes
                0x0000022e       0x2c ./drivers/fsl_uart.o
 .ARM.attributes
                0x0000025a       0x2c ./board/board.o
 .ARM.attributes
                0x00000286       0x2c ./board/clock_config.o
 .ARM.attributes
                0x000002b2       0x2c ./board/peripherals.o
 .ARM.attributes
                0x000002de       0x2c ./board/pin_mux.o
 .ARM.attributes
                0x0000030a       0x2c ./CMSIS/system_MKL25Z4.o
 .ARM.attributes
                0x00000336       0x1e C:/NXP/MCUXpressoIDE_24.12.148/ide/plugins/com.nxp.mcuxpresso.tools.win32_24.12.0.202407110909/tools/bin/../lib/gcc/arm-none-eabi/13.2.1/thumb/v6-m/nofp\libgcc.a(_thumb1_case_uqi.o)
 .ARM.attributes
                0x00000354       0x1e C:/NXP/MCUXpressoIDE_24.12.148/ide/plugins/com.nxp.mcuxpresso.tools.win32_24.12.0.202407110909/tools/bin/../lib/gcc/arm-none-eabi/13.2.1/thumb/v6-m/nofp\libgcc.a(_udivsi3.o)
 .ARM.attributes
                0x00000372       0x1e C:/NXP/MCUXpressoIDE_24.12.148/ide/plugins/com.nxp.mcuxpresso.tools.win32_24.12.0.202407110909/tools/bin/../lib/gcc/arm-none-eabi/13.2.1/thumb/v6-m/nofp\libgcc.a(_divsi3.o)
 .ARM.attributes
                0x00000390       0x1e C:/NXP/MCUXpressoIDE_24.12.148/ide/plugins/com.nxp.mcuxpresso.tools.win32_24.12.0.202407110909/tools/bin/../lib/gcc/arm-none-eabi/13.2.1/thumb/v6-m/nofp\libgcc.a(_dvmd_tls.o)
 .ARM.attributes
                0x000003ae       0x1e C:/NXP/MCUXpressoIDE_24.12.148/ide/plugins/com.nxp.mcuxpresso.tools.win32_24.12.0.202407110909/tools/bin/../lib/gcc/arm-none-eabi/13.2.1/thumb/v6-m/nofp\libgcc.a(_arm_cmpsf2.o)
 .ARM.attributes
                0x000003cc       0x2c C:/NXP/MCUXpressoIDE_24.12.148/ide/plugins/com.nxp.mcuxpresso.tools.win32_24.12.0.202407110909/tools/bin/../lib/gcc/arm-none-eabi/13.2.1/thumb/v6-m/nofp\libgcc.a(_fixunssfsi.o)
 .ARM.attributes
                0x000003f8       0x2c C:/NXP/MCUXpressoIDE_24.12.148/ide/plugins/com.nxp.mcuxpresso.tools.win32_24.12.0.202407110909/tools/bin/../lib/gcc/arm-none-eabi/13.2.1/thumb/v6-m/nofp\libgcc.a(eqsf2.o)
 .ARM.attributes
                0x00000424       0x2c C:/NXP/MCUXpressoIDE_24.12.148/ide/plugins/com.nxp.mcuxpresso.tools.win32_24.12.0.202407110909/tools/bin/../lib/gcc/arm-none-eabi/13.2.1/thumb/v6-m/nofp\libgcc.a(gesf2.o)
 .ARM.attributes
                0x00000450       0x2c C:/NXP/MCUXpressoIDE_24.12.148/ide/plugins/com.nxp.mcuxpresso.tools.win32_24.12.0.202407110909/tools/bin/../lib/gcc/arm-none-eabi/13.2.1/thumb/v6-m/nofp\libgcc.a(lesf2.o)
 .ARM.attributes
                0x0000047c       0x2c C:/NXP/MCUXpressoIDE_24.12.148/ide/plugins/com.nxp.mcuxpresso.tools.win32_24.12.0.202407110909/tools/bin/../lib/gcc/arm-none-eabi/13.2.1/thumb/v6-m/nofp\libgcc.a(mulsf3.o)
 .ARM.attributes
                0x000004a8       0x2c C:/NXP/MCUXpressoIDE_24.12.148/ide/plugins/com.nxp.mcuxpresso.tools.win32_24.12.0.202407110909/tools/bin/../lib/gcc/arm-none-eabi/13.2.1/thumb/v6-m/nofp\libgcc.a(subsf3.o)
 .ARM.attributes
                0x000004d4       0x2c C:/NXP/MCUXpressoIDE_24.12.148/ide/plugins/com.nxp.mcuxpresso.tools.win32_24.12.0.202407110909/tools/bin/../lib/gcc/arm-none-eabi/13.2.1/thumb/v6-m/nofp\libgcc.a(fixsfsi.o)
 .ARM.attributes
                0x00000500       0x1e C:/NXP/MCUXpressoIDE_24.12.148/ide/plugins/com.nxp.mcuxpresso.tools.win32_24.12.0.202407110909/tools/bin/../lib/gcc/arm-none-eabi/13.2.1/thumb/v6-m/nofp\libgcc.a(_clzsi2.o)
 .ARM.attributes
                0x0000051e       0x2c C:/NXP/MCUXpressoIDE_24.12.148/ide/plugins/com.nxp.mcuxpresso.tools.win32_24.12.0.202407110909/tools/bin/../lib/gcc/arm-none-eabi/13.2.1/thumb/v6-m/nofp\libc.a(libc_a-findfp.o)
 .ARM.attributes
                0x0000054a       0x2c C:/NXP/MCUXpressoIDE_24.12.148/ide/plugins/com.nxp.mcuxpresso.tools.win32_24.12.0.202407110909/tools/bin/../lib/gcc/arm-none-eabi/13.2.1/thumb/v6-m/nofp\libc.a(libc_a-fwalk.o)
 .ARM.attributes
                0x00000576       0x2c C:/NXP/MCUXpressoIDE_24.12.148/ide/plugins/com.nxp.mcuxpresso.tools.win32_24.12.0.202407110909/tools/bin/../lib/gcc/arm-none-eabi/13.2.1/thumb/v6-m/nofp\libc.a(libc_a-stdio.o)
 .ARM.attributes
                0x000005a2       0x2c C:/NXP/MCUXpressoIDE_24.12.148/ide/plugins/com.nxp.mcuxpresso.tools.win32_24.12.0.202407110909/tools/bin/../lib/gcc/arm-none-eabi/13.2.1/thumb/v6-m/nofp\libc.a(libc_a-memset.o)
 .ARM.attributes
                0x000005ce       0x2c C:/NXP/MCUXpressoIDE_24.12.148/ide/plugins/com.nxp.mcuxpresso.tools.win32_24.12.0.202407110909/tools/bin/../lib/gcc/arm-none-eabi/13.2.1/thumb/v6-m/nofp\libc.a(libc_a-closer.o)
 .ARM.attributes
                0x000005fa       0x2c C:/NXP/MCUXpressoIDE_24.12.148/ide/plugins/com.nxp.mcuxpresso.tools.win32_24.12.0.202407110909/tools/bin/../lib/gcc/arm-none-eabi/13.2.1/thumb/v6-m/nofp\libc.a(libc_a-reent.o)
 .ARM.attributes
                0x00000626       0x2c C:/NXP/MCUXpressoIDE_24.12.148/ide/plugins/com.nxp.mcuxpresso.tools.win32_24.12.0.202407110909/tools/bin/../lib/gcc/arm-none-eabi/13.2.1/thumb/v6-m/nofp\libc.a(libc_a-impure.o)
 .ARM.attributes
                0x00000652       0x2c C:/NXP/MCUXpressoIDE_24.12.148/ide/plugins/com.nxp.mcuxpresso.tools.win32_24.12.0.202407110909/tools/bin/../lib/gcc/arm-none-eabi/13.2.1/thumb/v6-m/nofp\libc.a(libc_a-lseekr.o)
 .ARM.attributes
                0x0000067e       0x2c C:/NXP/MCUXpressoIDE_24.12.148/ide/plugins/com.nxp.mcuxpresso.tools.win32_24.12.0.202407110909/tools/bin/../lib/gcc/arm-none-eabi/13.2.1/thumb/v6-m/nofp\libc.a(libc_a-readr.o)
 .ARM.attributes
                0x000006aa       0x2c C:/NXP/MCUXpressoIDE_24.12.148/ide/plugins/com.nxp.mcuxpresso.tools.win32_24.12.0.202407110909/tools/bin/../lib/gcc/arm-none-eabi/13.2.1/thumb/v6-m/nofp\libc.a(libc_a-writer.o)
 .ARM.attributes
                0x000006d6       0x2c C:/NXP/MCUXpressoIDE_24.12.148/ide/plugins/com.nxp.mcuxpresso.tools.win32_24.12.0.202407110909/tools/bin/../lib/gcc/arm-none-eabi/13.2.1/thumb/v6-m/nofp\libc.a(libc_a-lock.o)
 .ARM.attributes
                0x00000702       0x2c C:/NXP/MCUXpressoIDE_24.12.148/ide/plugins/com.nxp.mcuxpresso.tools.win32_24.12.0.202407110909/tools/bin/../lib/gcc/arm-none-eabi/13.2.1/thumb/v6-m/nofp\libc.a(libc_a-strlen-stub.o)
 .ARM.attributes
                0x0000072e       0x2c C:/NXP/MCUXpressoIDE_24.12.148/ide/plugins/com.nxp.mcuxpresso.tools.win32_24.12.0.202407110909/tools/bin/../lib/gcc/arm-none-eabi/13.2.1/thumb/v6-m/nofp\libc.a(libc_a-freer.o)
 .ARM.attributes
                0x0000075a       0x2c C:/NXP/MCUXpressoIDE_24.12.148/ide/plugins/com.nxp.mcuxpresso.tools.win32_24.12.0.202407110909/tools/bin/../lib/gcc/arm-none-eabi/13.2.1/thumb/v6-m/nofp\libc.a(libc_a-mallocr.o)
 .ARM.attributes
                0x00000786       0x2c C:/NXP/MCUXpressoIDE_24.12.148/ide/plugins/com.nxp.mcuxpresso.tools.win32_24.12.0.202407110909/tools/bin/../lib/gcc/arm-none-eabi/13.2.1/thumb/v6-m/nofp\libc.a(libc_a-mlock.o)
 .ARM.attributes
                0x000007b2       0x2c C:/NXP/MCUXpressoIDE_24.12.148/ide/plugins/com.nxp.mcuxpresso.tools.win32_24.12.0.202407110909/tools/bin/../lib/gcc/arm-none-eabi/13.2.1/thumb/v6-m/nofp\libc.a(libc_a-fclose.o)
 .ARM.attributes
                0x000007de       0x2c C:/NXP/MCUXpressoIDE_24.12.148/ide/plugins/com.nxp.mcuxpresso.tools.win32_24.12.0.202407110909/tools/bin/../lib/gcc/arm-none-eabi/13.2.1/thumb/v6-m/nofp\libc.a(libc_a-fflush.o)
 .ARM.attributes
                0x0000080a       0x2c C:/NXP/MCUXpressoIDE_24.12.148/ide/plugins/com.nxp.mcuxpresso.tools.win32_24.12.0.202407110909/tools/bin/../lib/gcc/arm-none-eabi/13.2.1/thumb/v6-m/nofp\libc.a(libc_a-sbrkr.o)
 .ARM.attributes
                0x00000836       0x2c C:/NXP/MCUXpressoIDE_24.12.148/ide/plugins/com.nxp.mcuxpresso.tools.win32_24.12.0.202407110909/tools/bin/../lib/gcc/arm-none-eabi/13.2.1/thumb/v6-m/nofp\libc.a(libc_a-sysconf.o)
 .ARM.attributes
                0x00000862       0x2c C:/NXP/MCUXpressoIDE_24.12.148/ide/plugins/com.nxp.mcuxpresso.tools.win32_24.12.0.202407110909/tools/bin/../lib/gcc/arm-none-eabi/13.2.1/thumb/v6-m/nofp\libc.a(libc_a-errno.o)
 .ARM.attributes
                0x0000088e       0x2c C:/NXP/MCUXpressoIDE_24.12.148/ide/plugins/com.nxp.mcuxpresso.tools.win32_24.12.0.202407110909/tools/bin/../lib/gcc/arm-none-eabi/13.2.1/../../../../arm-none-eabi/lib/thumb/v6-m/nofp\libcr_nohost_nf.a(_cr__main.o)
 .ARM.attributes
                0x000008ba       0x2c C:/NXP/MCUXpressoIDE_24.12.148/ide/plugins/com.nxp.mcuxpresso.tools.win32_24.12.0.202407110909/tools/bin/../lib/gcc/arm-none-eabi/13.2.1/../../../../arm-none-eabi/lib/thumb/v6-m/nofp\libcr_c.a(_cr_sbrk.o)
 .ARM.attributes
                0x000008e6       0x2c C:/NXP/MCUXpressoIDE_24.12.148/ide/plugins/com.nxp.mcuxpresso.tools.win32_24.12.0.202407110909/tools/bin/../lib/gcc/arm-none-eabi/13.2.1/../../../../arm-none-eabi/lib/thumb/v6-m/nofp\libcr_c.a(initio.o)
 .ARM.attributes
                0x00000912       0x2c C:/NXP/MCUXpressoIDE_24.12.148/ide/plugins/com.nxp.mcuxpresso.tools.win32_24.12.0.202407110909/tools/bin/../lib/gcc/arm-none-eabi/13.2.1/../../../../arm-none-eabi/lib/thumb/v6-m/nofp\libcr_c.a(setvbuf.o)
 .ARM.attributes
                0x0000093e       0x2c C:/NXP/MCUXpressoIDE_24.12.148/ide/plugins/com.nxp.mcuxpresso.tools.win32_24.12.0.202407110909/tools/bin/../lib/gcc/arm-none-eabi/13.2.1/../../../../arm-none-eabi/lib/thumb/v6-m/nofp\libcr_c.a(__init_alloc.o)
 .ARM.attributes
                0x0000096a       0x2c C:/NXP/MCUXpressoIDE_24.12.148/ide/plugins/com.nxp.mcuxpresso.tools.win32_24.12.0.202407110909/tools/bin/../lib/gcc/arm-none-eabi/13.2.1/../../../../arm-none-eabi/lib/thumb/v6-m/nofp\libcr_c.a(_cr_check_heap.o)
 .ARM.attributes
                0x00000996       0x2c C:/NXP/MCUXpressoIDE_24.12.148/ide/plugins/com.nxp.mcuxpresso.tools.win32_24.12.0.202407110909/tools/bin/../lib/gcc/arm-none-eabi/13.2.1/../../../../arm-none-eabi/lib/thumb/v6-m/nofp\libcr_c.a(_fdopen.o)
 .ARM.attributes
                0x000009c2       0x2c C:/NXP/MCUXpressoIDE_24.12.148/ide/plugins/com.nxp.mcuxpresso.tools.win32_24.12.0.202407110909/tools/bin/../lib/gcc/arm-none-eabi/13.2.1/../../../../arm-none-eabi/lib/thumb/v6-m/nofp\libcr_c.a(fseek.o)
 .ARM.attributes
                0x000009ee       0x2c C:/NXP/MCUXpressoIDE_24.12.148/ide/plugins/com.nxp.mcuxpresso.tools.win32_24.12.0.202407110909/tools/bin/../lib/gcc/arm-none-eabi/13.2.1/../../../../arm-none-eabi/lib/thumb/v6-m/nofp\libcr_c.a(ftell.o)
 .ARM.attributes
                0x00000a1a       0x2c C:/NXP/MCUXpressoIDE_24.12.148/ide/plugins/com.nxp.mcuxpresso.tools.win32_24.12.0.202407110909/tools/bin/../lib/gcc/arm-none-eabi/13.2.1/../../../../arm-none-eabi/lib/thumb/v6-m/nofp\libcr_nohost_nf.a(__ciob.o)
 .ARM.attributes
                0x00000a46       0x2c C:/NXP/MCUXpressoIDE_24.12.148/ide/plugins/com.nxp.mcuxpresso.tools.win32_24.12.0.202407110909/tools/bin/../lib/gcc/arm-none-eabi/13.2.1/../../../../arm-none-eabi/lib/thumb/v6-m/nofp\libcr_nohost_nf.a(__sys_flen.o)
 .ARM.attributes
                0x00000a72       0x2c C:/NXP/MCUXpressoIDE_24.12.148/ide/plugins/com.nxp.mcuxpresso.tools.win32_24.12.0.202407110909/tools/bin/../lib/gcc/arm-none-eabi/13.2.1/../../../../arm-none-eabi/lib/thumb/v6-m/nofp\libcr_nohost_nf.a(__sys_istty.o)

.comment        0x00000000       0x44
 .comment       0x00000000       0x44 ./utilities/fsl_debug_console.o
                                 0x45 (size before relaxing)
 .comment       0x00000044       0x45 ./startup/startup_mkl25z4.o
 .comment       0x00000044       0x45 ./source/YARAB_V1.o
 .comment       0x00000044       0x45 ./source/mtb.o
 .comment       0x00000044       0x45 ./source/semihost_hardfault.o
 .comment       0x00000044       0x45 ./drivers/Slave_Center_IF.o
 .comment       0x00000044       0x45 ./drivers/fsl_clock.o
 .comment       0x00000044       0x45 ./drivers/fsl_dma.o
 .comment       0x00000044       0x45 ./drivers/fsl_gpio.o
 .comment       0x00000044       0x45 ./drivers/fsl_i2c.o
 .comment       0x00000044       0x45 ./drivers/fsl_lpsci.o
 .comment       0x00000044       0x45 ./drivers/fsl_spi.o
 .comment       0x00000044       0x45 ./drivers/fsl_uart.o
 .comment       0x00000044       0x45 ./board/board.o
 .comment       0x00000044       0x45 ./board/clock_config.o
 .comment       0x00000044       0x45 ./board/peripherals.o
 .comment       0x00000044       0x45 ./board/pin_mux.o
 .comment       0x00000044       0x45 ./CMSIS/system_MKL25Z4.o
 .comment       0x00000044       0x45 C:/NXP/MCUXpressoIDE_24.12.148/ide/plugins/com.nxp.mcuxpresso.tools.win32_24.12.0.202407110909/tools/bin/../lib/gcc/arm-none-eabi/13.2.1/../../../../arm-none-eabi/lib/thumb/v6-m/nofp\libcr_nohost_nf.a(_cr__main.o)
 .comment       0x00000044       0x45 C:/NXP/MCUXpressoIDE_24.12.148/ide/plugins/com.nxp.mcuxpresso.tools.win32_24.12.0.202407110909/tools/bin/../lib/gcc/arm-none-eabi/13.2.1/../../../../arm-none-eabi/lib/thumb/v6-m/nofp\libcr_c.a(_cr_sbrk.o)
 .comment       0x00000044       0x45 C:/NXP/MCUXpressoIDE_24.12.148/ide/plugins/com.nxp.mcuxpresso.tools.win32_24.12.0.202407110909/tools/bin/../lib/gcc/arm-none-eabi/13.2.1/../../../../arm-none-eabi/lib/thumb/v6-m/nofp\libcr_c.a(initio.o)
 .comment       0x00000044       0x45 C:/NXP/MCUXpressoIDE_24.12.148/ide/plugins/com.nxp.mcuxpresso.tools.win32_24.12.0.202407110909/tools/bin/../lib/gcc/arm-none-eabi/13.2.1/../../../../arm-none-eabi/lib/thumb/v6-m/nofp\libcr_c.a(setvbuf.o)
 .comment       0x00000044       0x45 C:/NXP/MCUXpressoIDE_24.12.148/ide/plugins/com.nxp.mcuxpresso.tools.win32_24.12.0.202407110909/tools/bin/../lib/gcc/arm-none-eabi/13.2.1/../../../../arm-none-eabi/lib/thumb/v6-m/nofp\libcr_c.a(__init_alloc.o)
 .comment       0x00000044       0x45 C:/NXP/MCUXpressoIDE_24.12.148/ide/plugins/com.nxp.mcuxpresso.tools.win32_24.12.0.202407110909/tools/bin/../lib/gcc/arm-none-eabi/13.2.1/../../../../arm-none-eabi/lib/thumb/v6-m/nofp\libcr_c.a(_cr_check_heap.o)
 .comment       0x00000044       0x45 C:/NXP/MCUXpressoIDE_24.12.148/ide/plugins/com.nxp.mcuxpresso.tools.win32_24.12.0.202407110909/tools/bin/../lib/gcc/arm-none-eabi/13.2.1/../../../../arm-none-eabi/lib/thumb/v6-m/nofp\libcr_c.a(_fdopen.o)
 .comment       0x00000044       0x45 C:/NXP/MCUXpressoIDE_24.12.148/ide/plugins/com.nxp.mcuxpresso.tools.win32_24.12.0.202407110909/tools/bin/../lib/gcc/arm-none-eabi/13.2.1/../../../../arm-none-eabi/lib/thumb/v6-m/nofp\libcr_c.a(fseek.o)
 .comment       0x00000044       0x45 C:/NXP/MCUXpressoIDE_24.12.148/ide/plugins/com.nxp.mcuxpresso.tools.win32_24.12.0.202407110909/tools/bin/../lib/gcc/arm-none-eabi/13.2.1/../../../../arm-none-eabi/lib/thumb/v6-m/nofp\libcr_c.a(ftell.o)
 .comment       0x00000044       0x45 C:/NXP/MCUXpressoIDE_24.12.148/ide/plugins/com.nxp.mcuxpresso.tools.win32_24.12.0.202407110909/tools/bin/../lib/gcc/arm-none-eabi/13.2.1/../../../../arm-none-eabi/lib/thumb/v6-m/nofp\libcr_nohost_nf.a(__ciob.o)
 .comment       0x00000044       0x45 C:/NXP/MCUXpressoIDE_24.12.148/ide/plugins/com.nxp.mcuxpresso.tools.win32_24.12.0.202407110909/tools/bin/../lib/gcc/arm-none-eabi/13.2.1/../../../../arm-none-eabi/lib/thumb/v6-m/nofp\libcr_nohost_nf.a(__sys_flen.o)
 .comment       0x00000044       0x45 C:/NXP/MCUXpressoIDE_24.12.148/ide/plugins/com.nxp.mcuxpresso.tools.win32_24.12.0.202407110909/tools/bin/../lib/gcc/arm-none-eabi/13.2.1/../../../../arm-none-eabi/lib/thumb/v6-m/nofp\libcr_nohost_nf.a(__sys_istty.o)

.debug_info     0x00000000    0x1138f
 .debug_info    0x00000000     0x1564 ./utilities/fsl_debug_console.o
 .debug_info    0x00001564      0x6a5 ./startup/startup_mkl25z4.o
 .debug_info    0x00001c09      0x5b1 ./source/YARAB_V1.o
 .debug_info    0x000021ba       0x4f ./source/mtb.o
 .debug_info    0x00002209       0x38 ./source/semihost_hardfault.o
 .debug_info    0x00002241     0x1610 ./drivers/Slave_Center_IF.o
 .debug_info    0x00003851     0x20da ./drivers/fsl_clock.o
 .debug_info    0x0000592b      0xfa3 ./drivers/fsl_dma.o
 .debug_info    0x000068ce      0x598 ./drivers/fsl_gpio.o
 .debug_info    0x00006e66     0x2580 ./drivers/fsl_i2c.o
 .debug_info    0x000093e6     0x1b51 ./drivers/fsl_lpsci.o
 .debug_info    0x0000af37     0x1a8b ./drivers/fsl_spi.o
 .debug_info    0x0000c9c2     0x1ab7 ./drivers/fsl_uart.o
 .debug_info    0x0000e479      0x41f ./board/board.o
 .debug_info    0x0000e898      0xce9 ./board/clock_config.o
 .debug_info    0x0000f581       0x38 ./board/peripherals.o
 .debug_info    0x0000f5b9      0x8ca ./board/pin_mux.o
 .debug_info    0x0000fe83      0x42b ./CMSIS/system_MKL25Z4.o
 .debug_info    0x000102ae       0x85 C:/NXP/MCUXpressoIDE_24.12.148/ide/plugins/com.nxp.mcuxpresso.tools.win32_24.12.0.202407110909/tools/bin/../lib/gcc/arm-none-eabi/13.2.1/../../../../arm-none-eabi/lib/thumb/v6-m/nofp\libcr_nohost_nf.a(_cr__main.o)
 .debug_info    0x00010333      0x107 C:/NXP/MCUXpressoIDE_24.12.148/ide/plugins/com.nxp.mcuxpresso.tools.win32_24.12.0.202407110909/tools/bin/../lib/gcc/arm-none-eabi/13.2.1/../../../../arm-none-eabi/lib/thumb/v6-m/nofp\libcr_c.a(_cr_sbrk.o)
 .debug_info    0x0001043a      0x353 C:/NXP/MCUXpressoIDE_24.12.148/ide/plugins/com.nxp.mcuxpresso.tools.win32_24.12.0.202407110909/tools/bin/../lib/gcc/arm-none-eabi/13.2.1/../../../../arm-none-eabi/lib/thumb/v6-m/nofp\libcr_c.a(initio.o)
 .debug_info    0x0001078d      0x1fd C:/NXP/MCUXpressoIDE_24.12.148/ide/plugins/com.nxp.mcuxpresso.tools.win32_24.12.0.202407110909/tools/bin/../lib/gcc/arm-none-eabi/13.2.1/../../../../arm-none-eabi/lib/thumb/v6-m/nofp\libcr_c.a(setvbuf.o)
 .debug_info    0x0001098a       0xd4 C:/NXP/MCUXpressoIDE_24.12.148/ide/plugins/com.nxp.mcuxpresso.tools.win32_24.12.0.202407110909/tools/bin/../lib/gcc/arm-none-eabi/13.2.1/../../../../arm-none-eabi/lib/thumb/v6-m/nofp\libcr_c.a(__init_alloc.o)
 .debug_info    0x00010a5e       0x71 C:/NXP/MCUXpressoIDE_24.12.148/ide/plugins/com.nxp.mcuxpresso.tools.win32_24.12.0.202407110909/tools/bin/../lib/gcc/arm-none-eabi/13.2.1/../../../../arm-none-eabi/lib/thumb/v6-m/nofp\libcr_c.a(_cr_check_heap.o)
 .debug_info    0x00010acf      0x24b C:/NXP/MCUXpressoIDE_24.12.148/ide/plugins/com.nxp.mcuxpresso.tools.win32_24.12.0.202407110909/tools/bin/../lib/gcc/arm-none-eabi/13.2.1/../../../../arm-none-eabi/lib/thumb/v6-m/nofp\libcr_c.a(_fdopen.o)
 .debug_info    0x00010d1a      0x27f C:/NXP/MCUXpressoIDE_24.12.148/ide/plugins/com.nxp.mcuxpresso.tools.win32_24.12.0.202407110909/tools/bin/../lib/gcc/arm-none-eabi/13.2.1/../../../../arm-none-eabi/lib/thumb/v6-m/nofp\libcr_c.a(fseek.o)
 .debug_info    0x00010f99      0x197 C:/NXP/MCUXpressoIDE_24.12.148/ide/plugins/com.nxp.mcuxpresso.tools.win32_24.12.0.202407110909/tools/bin/../lib/gcc/arm-none-eabi/13.2.1/../../../../arm-none-eabi/lib/thumb/v6-m/nofp\libcr_c.a(ftell.o)
 .debug_info    0x00011130      0x18b C:/NXP/MCUXpressoIDE_24.12.148/ide/plugins/com.nxp.mcuxpresso.tools.win32_24.12.0.202407110909/tools/bin/../lib/gcc/arm-none-eabi/13.2.1/../../../../arm-none-eabi/lib/thumb/v6-m/nofp\libcr_nohost_nf.a(__ciob.o)
 .debug_info    0x000112bb       0x6a C:/NXP/MCUXpressoIDE_24.12.148/ide/plugins/com.nxp.mcuxpresso.tools.win32_24.12.0.202407110909/tools/bin/../lib/gcc/arm-none-eabi/13.2.1/../../../../arm-none-eabi/lib/thumb/v6-m/nofp\libcr_nohost_nf.a(__sys_flen.o)
 .debug_info    0x00011325       0x6a C:/NXP/MCUXpressoIDE_24.12.148/ide/plugins/com.nxp.mcuxpresso.tools.win32_24.12.0.202407110909/tools/bin/../lib/gcc/arm-none-eabi/13.2.1/../../../../arm-none-eabi/lib/thumb/v6-m/nofp\libcr_nohost_nf.a(__sys_istty.o)

.debug_abbrev   0x00000000     0x3904
 .debug_abbrev  0x00000000      0x3b2 ./utilities/fsl_debug_console.o
 .debug_abbrev  0x000003b2      0x17a ./startup/startup_mkl25z4.o
 .debug_abbrev  0x0000052c      0x280 ./source/YARAB_V1.o
 .debug_abbrev  0x000007ac       0x43 ./source/mtb.o
 .debug_abbrev  0x000007ef       0x2e ./source/semihost_hardfault.o
 .debug_abbrev  0x0000081d      0x419 ./drivers/Slave_Center_IF.o
 .debug_abbrev  0x00000c36      0x4bf ./drivers/fsl_clock.o
 .debug_abbrev  0x000010f5      0x3da ./drivers/fsl_dma.o
 .debug_abbrev  0x000014cf      0x20f ./drivers/fsl_gpio.o
 .debug_abbrev  0x000016de      0x4d3 ./drivers/fsl_i2c.o
 .debug_abbrev  0x00001bb1      0x405 ./drivers/fsl_lpsci.o
 .debug_abbrev  0x00001fb6      0x4c9 ./drivers/fsl_spi.o
 .debug_abbrev  0x0000247f      0x41b ./drivers/fsl_uart.o
 .debug_abbrev  0x0000289a      0x189 ./board/board.o
 .debug_abbrev  0x00002a23      0x2ad ./board/clock_config.o
 .debug_abbrev  0x00002cd0       0x2e ./board/peripherals.o
 .debug_abbrev  0x00002cfe      0x1e2 ./board/pin_mux.o
 .debug_abbrev  0x00002ee0      0x146 ./CMSIS/system_MKL25Z4.o
 .debug_abbrev  0x00003026       0x62 C:/NXP/MCUXpressoIDE_24.12.148/ide/plugins/com.nxp.mcuxpresso.tools.win32_24.12.0.202407110909/tools/bin/../lib/gcc/arm-none-eabi/13.2.1/../../../../arm-none-eabi/lib/thumb/v6-m/nofp\libcr_nohost_nf.a(_cr__main.o)
 .debug_abbrev  0x00003088       0xd3 C:/NXP/MCUXpressoIDE_24.12.148/ide/plugins/com.nxp.mcuxpresso.tools.win32_24.12.0.202407110909/tools/bin/../lib/gcc/arm-none-eabi/13.2.1/../../../../arm-none-eabi/lib/thumb/v6-m/nofp\libcr_c.a(_cr_sbrk.o)
 .debug_abbrev  0x0000315b      0x14b C:/NXP/MCUXpressoIDE_24.12.148/ide/plugins/com.nxp.mcuxpresso.tools.win32_24.12.0.202407110909/tools/bin/../lib/gcc/arm-none-eabi/13.2.1/../../../../arm-none-eabi/lib/thumb/v6-m/nofp\libcr_c.a(initio.o)
 .debug_abbrev  0x000032a6       0xe1 C:/NXP/MCUXpressoIDE_24.12.148/ide/plugins/com.nxp.mcuxpresso.tools.win32_24.12.0.202407110909/tools/bin/../lib/gcc/arm-none-eabi/13.2.1/../../../../arm-none-eabi/lib/thumb/v6-m/nofp\libcr_c.a(setvbuf.o)
 .debug_abbrev  0x00003387       0xaf C:/NXP/MCUXpressoIDE_24.12.148/ide/plugins/com.nxp.mcuxpresso.tools.win32_24.12.0.202407110909/tools/bin/../lib/gcc/arm-none-eabi/13.2.1/../../../../arm-none-eabi/lib/thumb/v6-m/nofp\libcr_c.a(__init_alloc.o)
 .debug_abbrev  0x00003436       0x6b C:/NXP/MCUXpressoIDE_24.12.148/ide/plugins/com.nxp.mcuxpresso.tools.win32_24.12.0.202407110909/tools/bin/../lib/gcc/arm-none-eabi/13.2.1/../../../../arm-none-eabi/lib/thumb/v6-m/nofp\libcr_c.a(_cr_check_heap.o)
 .debug_abbrev  0x000034a1      0x119 C:/NXP/MCUXpressoIDE_24.12.148/ide/plugins/com.nxp.mcuxpresso.tools.win32_24.12.0.202407110909/tools/bin/../lib/gcc/arm-none-eabi/13.2.1/../../../../arm-none-eabi/lib/thumb/v6-m/nofp\libcr_c.a(_fdopen.o)
 .debug_abbrev  0x000035ba      0x11b C:/NXP/MCUXpressoIDE_24.12.148/ide/plugins/com.nxp.mcuxpresso.tools.win32_24.12.0.202407110909/tools/bin/../lib/gcc/arm-none-eabi/13.2.1/../../../../arm-none-eabi/lib/thumb/v6-m/nofp\libcr_c.a(fseek.o)
 .debug_abbrev  0x000036d5       0xc2 C:/NXP/MCUXpressoIDE_24.12.148/ide/plugins/com.nxp.mcuxpresso.tools.win32_24.12.0.202407110909/tools/bin/../lib/gcc/arm-none-eabi/13.2.1/../../../../arm-none-eabi/lib/thumb/v6-m/nofp\libcr_c.a(ftell.o)
 .debug_abbrev  0x00003797       0xb5 C:/NXP/MCUXpressoIDE_24.12.148/ide/plugins/com.nxp.mcuxpresso.tools.win32_24.12.0.202407110909/tools/bin/../lib/gcc/arm-none-eabi/13.2.1/../../../../arm-none-eabi/lib/thumb/v6-m/nofp\libcr_nohost_nf.a(__ciob.o)
 .debug_abbrev  0x0000384c       0x5c C:/NXP/MCUXpressoIDE_24.12.148/ide/plugins/com.nxp.mcuxpresso.tools.win32_24.12.0.202407110909/tools/bin/../lib/gcc/arm-none-eabi/13.2.1/../../../../arm-none-eabi/lib/thumb/v6-m/nofp\libcr_nohost_nf.a(__sys_flen.o)
 .debug_abbrev  0x000038a8       0x5c C:/NXP/MCUXpressoIDE_24.12.148/ide/plugins/com.nxp.mcuxpresso.tools.win32_24.12.0.202407110909/tools/bin/../lib/gcc/arm-none-eabi/13.2.1/../../../../arm-none-eabi/lib/thumb/v6-m/nofp\libcr_nohost_nf.a(__sys_istty.o)

.debug_loc      0x00000000     0xa856
 .debug_loc     0x00000000     0x182a ./utilities/fsl_debug_console.o
 .debug_loc     0x0000182a      0x250 ./startup/startup_mkl25z4.o
 .debug_loc     0x00001a7a       0xcc ./source/YARAB_V1.o
 .debug_loc     0x00001b46      0x690 ./drivers/Slave_Center_IF.o
 .debug_loc     0x000021d6     0x15a6 ./drivers/fsl_clock.o
 .debug_loc     0x0000377c      0x650 ./drivers/fsl_dma.o
 .debug_loc     0x00003dcc      0x264 ./drivers/fsl_gpio.o
 .debug_loc     0x00004030     0x257c ./drivers/fsl_i2c.o
 .debug_loc     0x000065ac     0x145c ./drivers/fsl_lpsci.o
 .debug_loc     0x00007a08      0xffd ./drivers/fsl_spi.o
 .debug_loc     0x00008a05     0x12dd ./drivers/fsl_uart.o
 .debug_loc     0x00009ce2       0x38 ./board/board.o
 .debug_loc     0x00009d1a       0x7b ./board/clock_config.o
 .debug_loc     0x00009d95      0x3a6 ./board/pin_mux.o
 .debug_loc     0x0000a13b       0xc6 ./CMSIS/system_MKL25Z4.o
 .debug_loc     0x0000a201       0x6f C:/NXP/MCUXpressoIDE_24.12.148/ide/plugins/com.nxp.mcuxpresso.tools.win32_24.12.0.202407110909/tools/bin/../lib/gcc/arm-none-eabi/13.2.1/../../../../arm-none-eabi/lib/thumb/v6-m/nofp\libcr_c.a(_cr_sbrk.o)
 .debug_loc     0x0000a270       0x5a C:/NXP/MCUXpressoIDE_24.12.148/ide/plugins/com.nxp.mcuxpresso.tools.win32_24.12.0.202407110909/tools/bin/../lib/gcc/arm-none-eabi/13.2.1/../../../../arm-none-eabi/lib/thumb/v6-m/nofp\libcr_c.a(initio.o)
 .debug_loc     0x0000a2ca      0x15b C:/NXP/MCUXpressoIDE_24.12.148/ide/plugins/com.nxp.mcuxpresso.tools.win32_24.12.0.202407110909/tools/bin/../lib/gcc/arm-none-eabi/13.2.1/../../../../arm-none-eabi/lib/thumb/v6-m/nofp\libcr_c.a(setvbuf.o)
 .debug_loc     0x0000a425       0x22 C:/NXP/MCUXpressoIDE_24.12.148/ide/plugins/com.nxp.mcuxpresso.tools.win32_24.12.0.202407110909/tools/bin/../lib/gcc/arm-none-eabi/13.2.1/../../../../arm-none-eabi/lib/thumb/v6-m/nofp\libcr_c.a(_cr_check_heap.o)
 .debug_loc     0x0000a447      0x166 C:/NXP/MCUXpressoIDE_24.12.148/ide/plugins/com.nxp.mcuxpresso.tools.win32_24.12.0.202407110909/tools/bin/../lib/gcc/arm-none-eabi/13.2.1/../../../../arm-none-eabi/lib/thumb/v6-m/nofp\libcr_c.a(_fdopen.o)
 .debug_loc     0x0000a5ad      0x1c0 C:/NXP/MCUXpressoIDE_24.12.148/ide/plugins/com.nxp.mcuxpresso.tools.win32_24.12.0.202407110909/tools/bin/../lib/gcc/arm-none-eabi/13.2.1/../../../../arm-none-eabi/lib/thumb/v6-m/nofp\libcr_c.a(fseek.o)
 .debug_loc     0x0000a76d       0x93 C:/NXP/MCUXpressoIDE_24.12.148/ide/plugins/com.nxp.mcuxpresso.tools.win32_24.12.0.202407110909/tools/bin/../lib/gcc/arm-none-eabi/13.2.1/../../../../arm-none-eabi/lib/thumb/v6-m/nofp\libcr_c.a(ftell.o)
 .debug_loc     0x0000a800       0x2b C:/NXP/MCUXpressoIDE_24.12.148/ide/plugins/com.nxp.mcuxpresso.tools.win32_24.12.0.202407110909/tools/bin/../lib/gcc/arm-none-eabi/13.2.1/../../../../arm-none-eabi/lib/thumb/v6-m/nofp\libcr_nohost_nf.a(__sys_flen.o)
 .debug_loc     0x0000a82b       0x2b C:/NXP/MCUXpressoIDE_24.12.148/ide/plugins/com.nxp.mcuxpresso.tools.win32_24.12.0.202407110909/tools/bin/../lib/gcc/arm-none-eabi/13.2.1/../../../../arm-none-eabi/lib/thumb/v6-m/nofp\libcr_nohost_nf.a(__sys_istty.o)

.debug_aranges  0x00000000      0xb20
 .debug_aranges
                0x00000000       0x50 ./utilities/fsl_debug_console.o
 .debug_aranges
                0x00000050      0x160 ./startup/startup_mkl25z4.o
 .debug_aranges
                0x000001b0       0x28 ./source/YARAB_V1.o
 .debug_aranges
                0x000001d8       0x18 ./source/mtb.o
 .debug_aranges
                0x000001f0       0x20 ./source/semihost_hardfault.o
 .debug_aranges
                0x00000210       0x90 ./drivers/Slave_Center_IF.o
 .debug_aranges
                0x000002a0      0x188 ./drivers/fsl_clock.o
 .debug_aranges
                0x00000428       0x98 ./drivers/fsl_dma.o
 .debug_aranges
                0x000004c0       0x30 ./drivers/fsl_gpio.o
 .debug_aranges
                0x000004f0      0x120 ./drivers/fsl_i2c.o
 .debug_aranges
                0x00000610       0xe0 ./drivers/fsl_lpsci.o
 .debug_aranges
                0x000006f0       0xf8 ./drivers/fsl_spi.o
 .debug_aranges
                0x000007e8       0xf8 ./drivers/fsl_uart.o
 .debug_aranges
                0x000008e0       0x20 ./board/board.o
 .debug_aranges
                0x00000900       0x30 ./board/clock_config.o
 .debug_aranges
                0x00000930       0x20 ./board/peripherals.o
 .debug_aranges
                0x00000950       0x28 ./board/pin_mux.o
 .debug_aranges
                0x00000978       0x28 ./CMSIS/system_MKL25Z4.o
 .debug_aranges
                0x000009a0       0x20 C:/NXP/MCUXpressoIDE_24.12.148/ide/plugins/com.nxp.mcuxpresso.tools.win32_24.12.0.202407110909/tools/bin/../lib/gcc/arm-none-eabi/13.2.1/../../../../arm-none-eabi/lib/thumb/v6-m/nofp\libcr_nohost_nf.a(_cr__main.o)
 .debug_aranges
                0x000009c0       0x20 C:/NXP/MCUXpressoIDE_24.12.148/ide/plugins/com.nxp.mcuxpresso.tools.win32_24.12.0.202407110909/tools/bin/../lib/gcc/arm-none-eabi/13.2.1/../../../../arm-none-eabi/lib/thumb/v6-m/nofp\libcr_c.a(_cr_sbrk.o)
 .debug_aranges
                0x000009e0       0x28 C:/NXP/MCUXpressoIDE_24.12.148/ide/plugins/com.nxp.mcuxpresso.tools.win32_24.12.0.202407110909/tools/bin/../lib/gcc/arm-none-eabi/13.2.1/../../../../arm-none-eabi/lib/thumb/v6-m/nofp\libcr_c.a(initio.o)
 .debug_aranges
                0x00000a08       0x20 C:/NXP/MCUXpressoIDE_24.12.148/ide/plugins/com.nxp.mcuxpresso.tools.win32_24.12.0.202407110909/tools/bin/../lib/gcc/arm-none-eabi/13.2.1/../../../../arm-none-eabi/lib/thumb/v6-m/nofp\libcr_c.a(setvbuf.o)
 .debug_aranges
                0x00000a28       0x20 C:/NXP/MCUXpressoIDE_24.12.148/ide/plugins/com.nxp.mcuxpresso.tools.win32_24.12.0.202407110909/tools/bin/../lib/gcc/arm-none-eabi/13.2.1/../../../../arm-none-eabi/lib/thumb/v6-m/nofp\libcr_c.a(__init_alloc.o)
 .debug_aranges
                0x00000a48       0x20 C:/NXP/MCUXpressoIDE_24.12.148/ide/plugins/com.nxp.mcuxpresso.tools.win32_24.12.0.202407110909/tools/bin/../lib/gcc/arm-none-eabi/13.2.1/../../../../arm-none-eabi/lib/thumb/v6-m/nofp\libcr_c.a(_cr_check_heap.o)
 .debug_aranges
                0x00000a68       0x20 C:/NXP/MCUXpressoIDE_24.12.148/ide/plugins/com.nxp.mcuxpresso.tools.win32_24.12.0.202407110909/tools/bin/../lib/gcc/arm-none-eabi/13.2.1/../../../../arm-none-eabi/lib/thumb/v6-m/nofp\libcr_c.a(_fdopen.o)
 .debug_aranges
                0x00000a88       0x20 C:/NXP/MCUXpressoIDE_24.12.148/ide/plugins/com.nxp.mcuxpresso.tools.win32_24.12.0.202407110909/tools/bin/../lib/gcc/arm-none-eabi/13.2.1/../../../../arm-none-eabi/lib/thumb/v6-m/nofp\libcr_c.a(fseek.o)
 .debug_aranges
                0x00000aa8       0x20 C:/NXP/MCUXpressoIDE_24.12.148/ide/plugins/com.nxp.mcuxpresso.tools.win32_24.12.0.202407110909/tools/bin/../lib/gcc/arm-none-eabi/13.2.1/../../../../arm-none-eabi/lib/thumb/v6-m/nofp\libcr_c.a(ftell.o)
 .debug_aranges
                0x00000ac8       0x18 C:/NXP/MCUXpressoIDE_24.12.148/ide/plugins/com.nxp.mcuxpresso.tools.win32_24.12.0.202407110909/tools/bin/../lib/gcc/arm-none-eabi/13.2.1/../../../../arm-none-eabi/lib/thumb/v6-m/nofp\libcr_nohost_nf.a(__ciob.o)
 .debug_aranges
                0x00000ae0       0x20 C:/NXP/MCUXpressoIDE_24.12.148/ide/plugins/com.nxp.mcuxpresso.tools.win32_24.12.0.202407110909/tools/bin/../lib/gcc/arm-none-eabi/13.2.1/../../../../arm-none-eabi/lib/thumb/v6-m/nofp\libcr_nohost_nf.a(__sys_flen.o)
 .debug_aranges
                0x00000b00       0x20 C:/NXP/MCUXpressoIDE_24.12.148/ide/plugins/com.nxp.mcuxpresso.tools.win32_24.12.0.202407110909/tools/bin/../lib/gcc/arm-none-eabi/13.2.1/../../../../arm-none-eabi/lib/thumb/v6-m/nofp\libcr_nohost_nf.a(__sys_istty.o)

.debug_ranges   0x00000000     0x1080
 .debug_ranges  0x00000000      0x170 ./utilities/fsl_debug_console.o
 .debug_ranges  0x00000170      0x150 ./startup/startup_mkl25z4.o
 .debug_ranges  0x000002c0       0x58 ./source/YARAB_V1.o
 .debug_ranges  0x00000318       0x10 ./source/semihost_hardfault.o
 .debug_ranges  0x00000328      0x100 ./drivers/Slave_Center_IF.o
 .debug_ranges  0x00000428      0x280 ./drivers/fsl_clock.o
 .debug_ranges  0x000006a8       0xf0 ./drivers/fsl_dma.o
 .debug_ranges  0x00000798       0x38 ./drivers/fsl_gpio.o
 .debug_ranges  0x000007d0      0x2a8 ./drivers/fsl_i2c.o
 .debug_ranges  0x00000a78       0xe8 ./drivers/fsl_lpsci.o
 .debug_ranges  0x00000b60      0x1b8 ./drivers/fsl_spi.o
 .debug_ranges  0x00000d18      0x100 ./drivers/fsl_uart.o
 .debug_ranges  0x00000e18       0x30 ./board/board.o
 .debug_ranges  0x00000e48       0xa0 ./board/clock_config.o
 .debug_ranges  0x00000ee8       0x10 ./board/peripherals.o
 .debug_ranges  0x00000ef8       0x98 ./board/pin_mux.o
 .debug_ranges  0x00000f90       0x18 ./CMSIS/system_MKL25Z4.o
 .debug_ranges  0x00000fa8       0x10 C:/NXP/MCUXpressoIDE_24.12.148/ide/plugins/com.nxp.mcuxpresso.tools.win32_24.12.0.202407110909/tools/bin/../lib/gcc/arm-none-eabi/13.2.1/../../../../arm-none-eabi/lib/thumb/v6-m/nofp\libcr_nohost_nf.a(_cr__main.o)
 .debug_ranges  0x00000fb8       0x10 C:/NXP/MCUXpressoIDE_24.12.148/ide/plugins/com.nxp.mcuxpresso.tools.win32_24.12.0.202407110909/tools/bin/../lib/gcc/arm-none-eabi/13.2.1/../../../../arm-none-eabi/lib/thumb/v6-m/nofp\libcr_c.a(_cr_sbrk.o)
 .debug_ranges  0x00000fc8       0x38 C:/NXP/MCUXpressoIDE_24.12.148/ide/plugins/com.nxp.mcuxpresso.tools.win32_24.12.0.202407110909/tools/bin/../lib/gcc/arm-none-eabi/13.2.1/../../../../arm-none-eabi/lib/thumb/v6-m/nofp\libcr_c.a(initio.o)
 .debug_ranges  0x00001000       0x10 C:/NXP/MCUXpressoIDE_24.12.148/ide/plugins/com.nxp.mcuxpresso.tools.win32_24.12.0.202407110909/tools/bin/../lib/gcc/arm-none-eabi/13.2.1/../../../../arm-none-eabi/lib/thumb/v6-m/nofp\libcr_c.a(setvbuf.o)
 .debug_ranges  0x00001010       0x10 C:/NXP/MCUXpressoIDE_24.12.148/ide/plugins/com.nxp.mcuxpresso.tools.win32_24.12.0.202407110909/tools/bin/../lib/gcc/arm-none-eabi/13.2.1/../../../../arm-none-eabi/lib/thumb/v6-m/nofp\libcr_c.a(__init_alloc.o)
 .debug_ranges  0x00001020       0x10 C:/NXP/MCUXpressoIDE_24.12.148/ide/plugins/com.nxp.mcuxpresso.tools.win32_24.12.0.202407110909/tools/bin/../lib/gcc/arm-none-eabi/13.2.1/../../../../arm-none-eabi/lib/thumb/v6-m/nofp\libcr_c.a(_cr_check_heap.o)
 .debug_ranges  0x00001030       0x10 C:/NXP/MCUXpressoIDE_24.12.148/ide/plugins/com.nxp.mcuxpresso.tools.win32_24.12.0.202407110909/tools/bin/../lib/gcc/arm-none-eabi/13.2.1/../../../../arm-none-eabi/lib/thumb/v6-m/nofp\libcr_c.a(_fdopen.o)
 .debug_ranges  0x00001040       0x10 C:/NXP/MCUXpressoIDE_24.12.148/ide/plugins/com.nxp.mcuxpresso.tools.win32_24.12.0.202407110909/tools/bin/../lib/gcc/arm-none-eabi/13.2.1/../../../../arm-none-eabi/lib/thumb/v6-m/nofp\libcr_c.a(fseek.o)
 .debug_ranges  0x00001050       0x10 C:/NXP/MCUXpressoIDE_24.12.148/ide/plugins/com.nxp.mcuxpresso.tools.win32_24.12.0.202407110909/tools/bin/../lib/gcc/arm-none-eabi/13.2.1/../../../../arm-none-eabi/lib/thumb/v6-m/nofp\libcr_c.a(ftell.o)
 .debug_ranges  0x00001060       0x10 C:/NXP/MCUXpressoIDE_24.12.148/ide/plugins/com.nxp.mcuxpresso.tools.win32_24.12.0.202407110909/tools/bin/../lib/gcc/arm-none-eabi/13.2.1/../../../../arm-none-eabi/lib/thumb/v6-m/nofp\libcr_nohost_nf.a(__sys_flen.o)
 .debug_ranges  0x00001070       0x10 C:/NXP/MCUXpressoIDE_24.12.148/ide/plugins/com.nxp.mcuxpresso.tools.win32_24.12.0.202407110909/tools/bin/../lib/gcc/arm-none-eabi/13.2.1/../../../../arm-none-eabi/lib/thumb/v6-m/nofp\libcr_nohost_nf.a(__sys_istty.o)

.debug_line     0x00000000     0xa0df
 .debug_line    0x00000000      0xd61 ./utilities/fsl_debug_console.o
 .debug_line    0x00000d61      0x355 ./startup/startup_mkl25z4.o
 .debug_line    0x000010b6      0x2ef ./source/YARAB_V1.o
 .debug_line    0x000013a5       0x30 ./source/mtb.o
 .debug_line    0x000013d5       0x5a ./source/semihost_hardfault.o
 .debug_line    0x0000142f      0x79e ./drivers/Slave_Center_IF.o
 .debug_line    0x00001bcd     0x1887 ./drivers/fsl_clock.o
 .debug_line    0x00003454      0x6cd ./drivers/fsl_dma.o
 .debug_line    0x00003b21      0x306 ./drivers/fsl_gpio.o
 .debug_line    0x00003e27     0x1bf7 ./drivers/fsl_i2c.o
 .debug_line    0x00005a1e     0x1070 ./drivers/fsl_lpsci.o
 .debug_line    0x00006a8e      0xdd4 ./drivers/fsl_spi.o
 .debug_line    0x00007862     0x1025 ./drivers/fsl_uart.o
 .debug_line    0x00008887      0x1ca ./board/board.o
 .debug_line    0x00008a51      0x2aa ./board/clock_config.o
 .debug_line    0x00008cfb       0x4b ./board/peripherals.o
 .debug_line    0x00008d46      0x39a ./board/pin_mux.o
 .debug_line    0x000090e0      0x276 ./CMSIS/system_MKL25Z4.o
 .debug_line    0x00009356       0xc9 C:/NXP/MCUXpressoIDE_24.12.148/ide/plugins/com.nxp.mcuxpresso.tools.win32_24.12.0.202407110909/tools/bin/../lib/gcc/arm-none-eabi/13.2.1/../../../../arm-none-eabi/lib/thumb/v6-m/nofp\libcr_nohost_nf.a(_cr__main.o)
 .debug_line    0x0000941f      0x17c C:/NXP/MCUXpressoIDE_24.12.148/ide/plugins/com.nxp.mcuxpresso.tools.win32_24.12.0.202407110909/tools/bin/../lib/gcc/arm-none-eabi/13.2.1/../../../../arm-none-eabi/lib/thumb/v6-m/nofp\libcr_c.a(_cr_sbrk.o)
 .debug_line    0x0000959b      0x1b6 C:/NXP/MCUXpressoIDE_24.12.148/ide/plugins/com.nxp.mcuxpresso.tools.win32_24.12.0.202407110909/tools/bin/../lib/gcc/arm-none-eabi/13.2.1/../../../../arm-none-eabi/lib/thumb/v6-m/nofp\libcr_c.a(initio.o)
 .debug_line    0x00009751      0x167 C:/NXP/MCUXpressoIDE_24.12.148/ide/plugins/com.nxp.mcuxpresso.tools.win32_24.12.0.202407110909/tools/bin/../lib/gcc/arm-none-eabi/13.2.1/../../../../arm-none-eabi/lib/thumb/v6-m/nofp\libcr_c.a(setvbuf.o)
 .debug_line    0x000098b8       0x5f C:/NXP/MCUXpressoIDE_24.12.148/ide/plugins/com.nxp.mcuxpresso.tools.win32_24.12.0.202407110909/tools/bin/../lib/gcc/arm-none-eabi/13.2.1/../../../../arm-none-eabi/lib/thumb/v6-m/nofp\libcr_c.a(__init_alloc.o)
 .debug_line    0x00009917       0x61 C:/NXP/MCUXpressoIDE_24.12.148/ide/plugins/com.nxp.mcuxpresso.tools.win32_24.12.0.202407110909/tools/bin/../lib/gcc/arm-none-eabi/13.2.1/../../../../arm-none-eabi/lib/thumb/v6-m/nofp\libcr_c.a(_cr_check_heap.o)
 .debug_line    0x00009978      0x1ab C:/NXP/MCUXpressoIDE_24.12.148/ide/plugins/com.nxp.mcuxpresso.tools.win32_24.12.0.202407110909/tools/bin/../lib/gcc/arm-none-eabi/13.2.1/../../../../arm-none-eabi/lib/thumb/v6-m/nofp\libcr_c.a(_fdopen.o)
 .debug_line    0x00009b23      0x2ab C:/NXP/MCUXpressoIDE_24.12.148/ide/plugins/com.nxp.mcuxpresso.tools.win32_24.12.0.202407110909/tools/bin/../lib/gcc/arm-none-eabi/13.2.1/../../../../arm-none-eabi/lib/thumb/v6-m/nofp\libcr_c.a(fseek.o)
 .debug_line    0x00009dce      0x180 C:/NXP/MCUXpressoIDE_24.12.148/ide/plugins/com.nxp.mcuxpresso.tools.win32_24.12.0.202407110909/tools/bin/../lib/gcc/arm-none-eabi/13.2.1/../../../../arm-none-eabi/lib/thumb/v6-m/nofp\libcr_c.a(ftell.o)
 .debug_line    0x00009f4e       0xea C:/NXP/MCUXpressoIDE_24.12.148/ide/plugins/com.nxp.mcuxpresso.tools.win32_24.12.0.202407110909/tools/bin/../lib/gcc/arm-none-eabi/13.2.1/../../../../arm-none-eabi/lib/thumb/v6-m/nofp\libcr_nohost_nf.a(__ciob.o)
 .debug_line    0x0000a038       0x53 C:/NXP/MCUXpressoIDE_24.12.148/ide/plugins/com.nxp.mcuxpresso.tools.win32_24.12.0.202407110909/tools/bin/../lib/gcc/arm-none-eabi/13.2.1/../../../../arm-none-eabi/lib/thumb/v6-m/nofp\libcr_nohost_nf.a(__sys_flen.o)
 .debug_line    0x0000a08b       0x54 C:/NXP/MCUXpressoIDE_24.12.148/ide/plugins/com.nxp.mcuxpresso.tools.win32_24.12.0.202407110909/tools/bin/../lib/gcc/arm-none-eabi/13.2.1/../../../../arm-none-eabi/lib/thumb/v6-m/nofp\libcr_nohost_nf.a(__sys_istty.o)

.debug_str      0x00000000     0x5bca
 .debug_str     0x00000000     0x5bca ./utilities/fsl_debug_console.o
                                0xd89 (size before relaxing)
 .debug_str     0x00005bca      0x497 ./startup/startup_mkl25z4.o
 .debug_str     0x00005bca      0x38d ./source/YARAB_V1.o
 .debug_str     0x00005bca      0x118 ./source/mtb.o
 .debug_str     0x00005bca      0x118 ./source/semihost_hardfault.o
 .debug_str     0x00005bca     0x11dc ./drivers/Slave_Center_IF.o
 .debug_str     0x00005bca     0x1781 ./drivers/fsl_clock.o
 .debug_str     0x00005bca      0xd86 ./drivers/fsl_dma.o
 .debug_str     0x00005bca      0x781 ./drivers/fsl_gpio.o
 .debug_str     0x00005bca     0x16f8 ./drivers/fsl_i2c.o
 .debug_str     0x00005bca     0x1537 ./drivers/fsl_lpsci.o
 .debug_str     0x00005bca     0x12e7 ./drivers/fsl_spi.o
 .debug_str     0x00005bca     0x1543 ./drivers/fsl_uart.o
 .debug_str     0x00005bca      0x2d9 ./board/board.o
 .debug_str     0x00005bca      0xe0e ./board/clock_config.o
 .debug_str     0x00005bca      0x118 ./board/peripherals.o
 .debug_str     0x00005bca      0x54a ./board/pin_mux.o
 .debug_str     0x00005bca      0x2d2 ./CMSIS/system_MKL25Z4.o
 .debug_str     0x00005bca      0x16a C:/NXP/MCUXpressoIDE_24.12.148/ide/plugins/com.nxp.mcuxpresso.tools.win32_24.12.0.202407110909/tools/bin/../lib/gcc/arm-none-eabi/13.2.1/../../../../arm-none-eabi/lib/thumb/v6-m/nofp\libcr_nohost_nf.a(_cr__main.o)
 .debug_str     0x00005bca      0x1c2 C:/NXP/MCUXpressoIDE_24.12.148/ide/plugins/com.nxp.mcuxpresso.tools.win32_24.12.0.202407110909/tools/bin/../lib/gcc/arm-none-eabi/13.2.1/../../../../arm-none-eabi/lib/thumb/v6-m/nofp\libcr_c.a(_cr_sbrk.o)
 .debug_str     0x00005bca      0x23e C:/NXP/MCUXpressoIDE_24.12.148/ide/plugins/com.nxp.mcuxpresso.tools.win32_24.12.0.202407110909/tools/bin/../lib/gcc/arm-none-eabi/13.2.1/../../../../arm-none-eabi/lib/thumb/v6-m/nofp\libcr_c.a(initio.o)
 .debug_str     0x00005bca      0x234 C:/NXP/MCUXpressoIDE_24.12.148/ide/plugins/com.nxp.mcuxpresso.tools.win32_24.12.0.202407110909/tools/bin/../lib/gcc/arm-none-eabi/13.2.1/../../../../arm-none-eabi/lib/thumb/v6-m/nofp\libcr_c.a(setvbuf.o)
 .debug_str     0x00005bca      0x180 C:/NXP/MCUXpressoIDE_24.12.148/ide/plugins/com.nxp.mcuxpresso.tools.win32_24.12.0.202407110909/tools/bin/../lib/gcc/arm-none-eabi/13.2.1/../../../../arm-none-eabi/lib/thumb/v6-m/nofp\libcr_c.a(__init_alloc.o)
 .debug_str     0x00005bca      0x15d C:/NXP/MCUXpressoIDE_24.12.148/ide/plugins/com.nxp.mcuxpresso.tools.win32_24.12.0.202407110909/tools/bin/../lib/gcc/arm-none-eabi/13.2.1/../../../../arm-none-eabi/lib/thumb/v6-m/nofp\libcr_c.a(_cr_check_heap.o)
 .debug_str     0x00005bca      0x231 C:/NXP/MCUXpressoIDE_24.12.148/ide/plugins/com.nxp.mcuxpresso.tools.win32_24.12.0.202407110909/tools/bin/../lib/gcc/arm-none-eabi/13.2.1/../../../../arm-none-eabi/lib/thumb/v6-m/nofp\libcr_c.a(_fdopen.o)
 .debug_str     0x00005bca      0x24f C:/NXP/MCUXpressoIDE_24.12.148/ide/plugins/com.nxp.mcuxpresso.tools.win32_24.12.0.202407110909/tools/bin/../lib/gcc/arm-none-eabi/13.2.1/../../../../arm-none-eabi/lib/thumb/v6-m/nofp\libcr_c.a(fseek.o)
 .debug_str     0x00005bca      0x215 C:/NXP/MCUXpressoIDE_24.12.148/ide/plugins/com.nxp.mcuxpresso.tools.win32_24.12.0.202407110909/tools/bin/../lib/gcc/arm-none-eabi/13.2.1/../../../../arm-none-eabi/lib/thumb/v6-m/nofp\libcr_c.a(ftell.o)
 .debug_str     0x00005bca      0x202 C:/NXP/MCUXpressoIDE_24.12.148/ide/plugins/com.nxp.mcuxpresso.tools.win32_24.12.0.202407110909/tools/bin/../lib/gcc/arm-none-eabi/13.2.1/../../../../arm-none-eabi/lib/thumb/v6-m/nofp\libcr_nohost_nf.a(__ciob.o)
 .debug_str     0x00005bca      0x154 C:/NXP/MCUXpressoIDE_24.12.148/ide/plugins/com.nxp.mcuxpresso.tools.win32_24.12.0.202407110909/tools/bin/../lib/gcc/arm-none-eabi/13.2.1/../../../../arm-none-eabi/lib/thumb/v6-m/nofp\libcr_nohost_nf.a(__sys_flen.o)
 .debug_str     0x00005bca      0x156 C:/NXP/MCUXpressoIDE_24.12.148/ide/plugins/com.nxp.mcuxpresso.tools.win32_24.12.0.202407110909/tools/bin/../lib/gcc/arm-none-eabi/13.2.1/../../../../arm-none-eabi/lib/thumb/v6-m/nofp\libcr_nohost_nf.a(__sys_istty.o)

.debug_frame    0x00000000     0x21fc
 .debug_frame   0x00000000       0xe0 ./utilities/fsl_debug_console.o
 .debug_frame   0x000000e0      0x3bc ./startup/startup_mkl25z4.o
 .debug_frame   0x0000049c       0x4c ./source/YARAB_V1.o
 .debug_frame   0x000004e8       0x20 ./source/semihost_hardfault.o
 .debug_frame   0x00000508      0x194 ./drivers/Slave_Center_IF.o
 .debug_frame   0x0000069c      0x450 ./drivers/fsl_clock.o
 .debug_frame   0x00000aec      0x180 ./drivers/fsl_dma.o
 .debug_frame   0x00000c6c       0x40 ./drivers/fsl_gpio.o