Archive member included to satisfy reference by file (symbol)

C:/NXP/MCUXpressoIDE_24.12.148/ide/plugins/com.nxp.mcuxpresso.tools.win32_24.12.0.202407110909/tools/bin/../lib/gcc/arm-none-eabi/13.2.1/../../../../arm-none-eabi/lib/thumb/v6-m/nofp\libcr_nohost_nf.a(_cr__main.o)
                              ./startup/startup_mkl25z4.o (__main)
C:/NXP/MCUXpressoIDE_24.12.148/ide/plugins/com.nxp.mcuxpresso.tools.win32_24.12.0.202407110909/tools/bin/../lib/gcc/arm-none-eabi/13.2.1/../../../../arm-none-eabi/lib/thumb/v6-m/nofp\libcr_c.a(memcpy.o)
                              ./drivers/fsl_flash.o (memcpy)
C:/NXP/MCUXpressoIDE_24.12.148/ide/plugins/com.nxp.mcuxpresso.tools.win32_24.12.0.202407110909/tools/bin/../lib/gcc/arm-none-eabi/13.2.1/../../../../arm-none-eabi/lib/thumb/v6-m/nofp\libcr_c.a(memset.o)
                              ./drivers/Slave_Center_IF.o (memset)
C:/NXP/MCUXpressoIDE_24.12.148/ide/plugins/com.nxp.mcuxpresso.tools.win32_24.12.0.202407110909/tools/bin/../lib/gcc/arm-none-eabi/13.2.1/../../../../arm-none-eabi/lib/thumb/v6-m/nofp\libcr_c.a(initio.o)
                              C:/NXP/MCUXpressoIDE_24.12.148/ide/plugins/com.nxp.mcuxpresso.tools.win32_24.12.0.202407110909/tools/bin/../lib/gcc/arm-none-eabi/13.2.1/../../../../arm-none-eabi/lib/thumb/v6-m/nofp\libcr_nohost_nf.a(_cr__main.o) (_initio)
C:/NXP/MCUXpressoIDE_24.12.148/ide/plugins/com.nxp.mcuxpresso.tools.win32_24.12.0.202407110909/tools/bin/../lib/gcc/arm-none-eabi/13.2.1/../../../../arm-none-eabi/lib/thumb/v6-m/nofp\libcr_c.a(setvbuf.o)
                              C:/NXP/MCUXpressoIDE_24.12.148/ide/plugins/com.nxp.mcuxpresso.tools.win32_24.12.0.202407110909/tools/bin/../lib/gcc/arm-none-eabi/13.2.1/../../../../arm-none-eabi/lib/thumb/v6-m/nofp\libcr_c.a(initio.o) (setvbuf)
C:/NXP/MCUXpressoIDE_24.12.148/ide/plugins/com.nxp.mcuxpresso.tools.win32_24.12.0.202407110909/tools/bin/../lib/gcc/arm-none-eabi/13.2.1/../../../../arm-none-eabi/lib/thumb/v6-m/nofp\libcr_c.a(strlen.o)
                              ./utilities/fsl_debug_console.o (strlen)
C:/NXP/MCUXpressoIDE_24.12.148/ide/plugins/com.nxp.mcuxpresso.tools.win32_24.12.0.202407110909/tools/bin/../lib/gcc/arm-none-eabi/13.2.1/../../../../arm-none-eabi/lib/thumb/v6-m/nofp\libcr_c.a(_fdopen.o)
                              C:/NXP/MCUXpressoIDE_24.12.148/ide/plugins/com.nxp.mcuxpresso.tools.win32_24.12.0.202407110909/tools/bin/../lib/gcc/arm-none-eabi/13.2.1/../../../../arm-none-eabi/lib/thumb/v6-m/nofp\libcr_c.a(initio.o) (_fdopen)
C:/NXP/MCUXpressoIDE_24.12.148/ide/plugins/com.nxp.mcuxpresso.tools.win32_24.12.0.202407110909/tools/bin/../lib/gcc/arm-none-eabi/13.2.1/../../../../arm-none-eabi/lib/thumb/v6-m/nofp\libcr_c.a(fclose.o)
                              C:/NXP/MCUXpressoIDE_24.12.148/ide/plugins/com.nxp.mcuxpresso.tools.win32_24.12.0.202407110909/tools/bin/../lib/gcc/arm-none-eabi/13.2.1/../../../../arm-none-eabi/lib/thumb/v6-m/nofp\libcr_c.a(initio.o) (fclose)
C:/NXP/MCUXpressoIDE_24.12.148/ide/plugins/com.nxp.mcuxpresso.tools.win32_24.12.0.202407110909/tools/bin/../lib/gcc/arm-none-eabi/13.2.1/../../../../arm-none-eabi/lib/thumb/v6-m/nofp\libcr_c.a(fflush.o)
                              C:/NXP/MCUXpressoIDE_24.12.148/ide/plugins/com.nxp.mcuxpresso.tools.win32_24.12.0.202407110909/tools/bin/../lib/gcc/arm-none-eabi/13.2.1/../../../../arm-none-eabi/lib/thumb/v6-m/nofp\libcr_c.a(fclose.o) (fflush)
C:/NXP/MCUXpressoIDE_24.12.148/ide/plugins/com.nxp.mcuxpresso.tools.win32_24.12.0.202407110909/tools/bin/../lib/gcc/arm-none-eabi/13.2.1/../../../../arm-none-eabi/lib/thumb/v6-m/nofp\libcr_c.a(fseek.o)
                              C:/NXP/MCUXpressoIDE_24.12.148/ide/plugins/com.nxp.mcuxpresso.tools.win32_24.12.0.202407110909/tools/bin/../lib/gcc/arm-none-eabi/13.2.1/../../../../arm-none-eabi/lib/thumb/v6-m/nofp\libcr_c.a(_fdopen.o) (fseek)
C:/NXP/MCUXpressoIDE_24.12.148/ide/plugins/com.nxp.mcuxpresso.tools.win32_24.12.0.202407110909/tools/bin/../lib/gcc/arm-none-eabi/13.2.1/../../../../arm-none-eabi/lib/thumb/v6-m/nofp\libcr_c.a(ftell.o)
                              C:/NXP/MCUXpressoIDE_24.12.148/ide/plugins/com.nxp.mcuxpresso.tools.win32_24.12.0.202407110909/tools/bin/../lib/gcc/arm-none-eabi/13.2.1/../../../../arm-none-eabi/lib/thumb/v6-m/nofp\libcr_c.a(fseek.o) (ftell)
C:/NXP/MCUXpressoIDE_24.12.148/ide/plugins/com.nxp.mcuxpresso.tools.win32_24.12.0.202407110909/tools/bin/../lib/gcc/arm-none-eabi/13.2.1/../../../../arm-none-eabi/lib/thumb/v6-m/nofp\libcr_c.a(remove.o)
                              C:/NXP/MCUXpressoIDE_24.12.148/ide/plugins/com.nxp.mcuxpresso.tools.win32_24.12.0.202407110909/tools/bin/../lib/gcc/arm-none-eabi/13.2.1/../../../../arm-none-eabi/lib/thumb/v6-m/nofp\libcr_c.a(fclose.o) (remove)
C:/NXP/MCUXpressoIDE_24.12.148/ide/plugins/com.nxp.mcuxpresso.tools.win32_24.12.0.202407110909/tools/bin/../lib/gcc/arm-none-eabi/13.2.1/../../../../arm-none-eabi/lib/thumb/v6-m/nofp\libcr_c.a(_do_fflush.o)
[...]
Memory Configuration

Name             Origin             Length             Attributes
PROGRAM_FLASH    0x00000000         0x00020000         xr
SRAM             0x1ffff000         0x00004000         xrw
*default*        0x00000000         0xffffffff

Linker script and memory map

LOAD ./utilities/fsl_debug_console.o
LOAD ./startup/startup_mkl25z4.o
LOAD ./source/YARAB_V1.o
LOAD ./source/mtb.o
LOAD ./source/semihost_hardfault.o
LOAD ./drivers/Slave_Center_IF.o
LOAD ./drivers/fsl_clock.o
LOAD ./drivers/fsl_cmp.o
LOAD ./drivers/fsl_common.o
LOAD ./drivers/fsl_dma.o
LOAD ./drivers/fsl_dmamux.o
LOAD ./drivers/fsl_flash.o
LOAD ./drivers/fsl_gpio.o
LOAD ./drivers/fsl_i2c.o
LOAD ./drivers/fsl_i2c_dma.o
LOAD ./drivers/fsl_lpsci.o
LOAD ./drivers/fsl_lpsci_dma.o
LOAD ./drivers/fsl_rcm.o
LOAD ./drivers/fsl_rtc.o
LOAD ./drivers/fsl_sim.o
LOAD ./drivers/fsl_smc.o
LOAD ./drivers/fsl_spi.o
LOAD ./drivers/fsl_spi_dma.o
LOAD ./drivers/fsl_tpm.o
LOAD ./drivers/fsl_uart.o
LOAD ./drivers/fsl_uart_dma.o
LOAD ./board/board.o
LOAD ./board/clock_config.o
LOAD ./board/peripherals.o
LOAD ./board/pin_mux.o
LOAD ./CMSIS/system_MKL25Z4.o
START GROUP
LOAD C:/NXP/MCUXpressoIDE_24.12.148/ide/plugins/com.nxp.mcuxpresso.tools.win32_24.12.0.202407110909/tools/bin/../lib/gcc/arm-none-eabi/13.2.1/../../../../arm-none-eabi/lib/thumb/v6-m/nofp\libcr_nohost_nf.a
LOAD C:/NXP/MCUXpressoIDE_24.12.148/ide/plugins/com.nxp.mcuxpresso.tools.win32_24.12.0.202407110909/tools/bin/../lib/gcc/arm-none-eabi/13.2.1/../../../../arm-none-eabi/lib/thumb/v6-m/nofp\libcr_c.a
LOAD C:/NXP/MCUXpressoIDE_24.12.148/ide/plugins/com.nxp.mcuxpresso.tools.win32_24.12.0.202407110909/tools/bin/../lib/gcc/arm-none-eabi/13.2.1/thumb/v6-m/nofp\libcr_eabihelpers.a
LOAD C:/NXP/MCUXpressoIDE_24.12.148/ide/plugins/com.nxp.mcuxpresso.tools.win32_24.12.0.202407110909/tools/bin/../lib/gcc/arm-none-eabi/13.2.1/thumb/v6-m/nofp\libgcc.a
END GROUP
                0x00000000                        __base_PROGRAM_FLASH = 0x0
                0x00000000                        __base_Flash = 0x0
                0x00020000                        __top_PROGRAM_FLASH = 0x20000
                0x00020000                        __top_Flash = 0x20000
                0x1ffff000                        __base_SRAM = 0x1ffff000
                0x1ffff000                        __base_RAM = 0x1ffff000
                0x20003000                        __top_SRAM = 0x20003000
                0x20003000                        __top_RAM = 0x20003000

.text           0x00000000     0x3de8
 FILL mask 0xff
                0x00000000                        __vectors_start__ = ABSOLUTE (.)
 *(SORT_BY_ALIGNMENT(.isr_vector))
 .isr_vector    0x00000000       0xc0 ./startup/startup_mkl25z4.o
                0x00000000                g_pfnVectors
                0x00000000                __Vectors
                0x000000c0                        . = ALIGN (0x4)
                0x000000c0                        __section_table_start = .
                0x000000c0                        __data_section_table = .
                0x000000c0        0x4 LONG 0x3de8 LOADADDR (.data)
                0x000000c4        0x4 LONG 0x1ffff080 ADDR (.data)
                0x000000c8        0x4 LONG 0xc SIZEOF (.data)
                0x000000cc                        __data_section_table_end = .
                0x000000cc                        __bss_section_table = .
                0x000000cc        0x4 LONG 0x1ffff08c ADDR (.bss)
                0x000000d0        0x4 LONG 0x140 SIZEOF (.bss)
                0x000000d4                        __bss_section_table_end = .
                0x000000d4                        __section_table_end = .
 *(SORT_BY_ALIGNMENT(.after_vectors*))
 .after_vectors.reset
                0x000000d4       0x4c ./startup/startup_mkl25z4.o
                0x000000d4                ResetISR
 .after_vectors.init_data
                0x00000120       0x12 ./startup/startup_mkl25z4.o
                0x00000120                data_init
 .after_vectors.init_bss
                0x00000132       0x10 ./startup/startup_mkl25z4.o
                0x00000132                bss_init
 .after_vectors
                0x00000142      0x10c ./startup/startup_mkl25z4.o
                0x00000142                NMI_Handler
                0x00000146                SVC_Handler
                0x00000148                PendSV_Handler
                0x0000014a                SysTick_Handler
                0x0000014c                LPTMR0_DriverIRQHandler
                0x0000014c                PORTD_DriverIRQHandler
                0x0000014c                Reserved39_DriverIRQHandler
                0x0000014c                CMP0_DriverIRQHandler
                0x0000014c                ADC0_DriverIRQHandler
                0x0000014c                TPM0_DriverIRQHandler
                0x0000014c                TPM2_DriverIRQHandler
                0x0000014c                PIT_DriverIRQHandler
                0x0000014c                RTC_DriverIRQHandler
                0x0000014c                TSI0_DriverIRQHandler
                0x0000014c                RTC_Seconds_DriverIRQHandler
                0x0000014c                TPM1_DriverIRQHandler
                0x0000014c                PORTA_DriverIRQHandler
                0x0000014c                LLWU_DriverIRQHandler
                0x0000014c                MCG_DriverIRQHandler
                0x0000014c                Reserved45_DriverIRQHandler
                0x0000014c                Reserved20_DriverIRQHandler
                0x0000014c                DAC0_DriverIRQHandler
                0x0000014c                FTFA_DriverIRQHandler
                0x0000014c                IntDefaultHandler
                0x0000014c                USB0_DriverIRQHandler
                0x0000014c                LVD_LVW_DriverIRQHandler
                0x0000014e                DMA0_IRQHandler
                0x00000156                DMA1_IRQHandler
                0x0000015e                DMA2_IRQHandler
                0x00000166                DMA3_IRQHandler
                0x0000016e                Reserved20_IRQHandler
                0x00000176                FTFA_IRQHandler
                0x0000017e                LVD_LVW_IRQHandler
                0x00000186                LLWU_IRQHandler
                0x0000018e                I2C0_IRQHandler
                0x00000196                I2C1_IRQHandler
                0x0000019e                SPI0_IRQHandler
                0x000001a6                SPI1_IRQHandler
                0x000001ae                UART0_IRQHandler
                0x000001b6                UART1_IRQHandler
                0x000001be                UART2_IRQHandler
                0x000001c6                ADC0_IRQHandler
                0x000001ce                CMP0_IRQHandler
                0x000001d6                TPM0_IRQHandler
                0x000001de                TPM1_IRQHandler
                0x000001e6                TPM2_IRQHandler
                0x000001ee                RTC_IRQHandler
                0x000001f6                RTC_Seconds_IRQHandler
                0x000001fe                PIT_IRQHandler
                0x00000206                Reserved39_IRQHandler
                0x0000020e                USB0_IRQHandler
                0x00000216                DAC0_IRQHandler
                0x0000021e                TSI0_IRQHandler
                0x00000226                MCG_IRQHandler
                0x0000022e                LPTMR0_IRQHandler
                0x00000236                Reserved45_IRQHandler
                0x0000023e                PORTA_IRQHandler
                0x00000246                PORTD_IRQHandler
                0x00000400                        . = 0x400
 *fill*         0x0000024e      0x1b2 ff
                0x00000400                        PROVIDE (__FLASH_CONFIG_START__ = .)
 *(SORT_BY_ALIGNMENT(.FlashConfig))
 .FlashConfig   0x00000400       0x10 ./startup/startup_mkl25z4.o
                0x00000400                Flash_Config
                0x00000410                        PROVIDE (__FLASH_CONFIG_END__ = .)
                0x00000001                        ASSERT (! ((__FLASH_CONFIG_START__ == __FLASH_CONFIG_END__)), Linker Flash Config Support Enabled, but no .FlashConfig section provided within application)
 *(SORT_BY_ALIGNMENT(.text*))
 .text.DbgConsole_Init
                0x00000410       0xf4 ./utilities/fsl_debug_console.o
                0x00000410                DbgConsole_Init
 .text.DbgConsole_Printf
                0x00000504       0x44 ./utilities/fsl_debug_console.o
                0x00000504                DbgConsole_Printf
 .text.DbgConsole_Putchar
                0x00000548       0x34 ./utilities/fsl_debug_console.o
                0x00000548                DbgConsole_Putchar
 .text.delay_seconds
                0x0000057c       0x44 ./source/YARAB_V1.o
                0x0000057c                delay_seconds
 .text.main     0x000005c0       0xe4 ./source/YARAB_V1.o
                0x000005c0                main
 .text.HardFault_Handler
                0x000006a4       0x38 ./source/semihost_hardfault.o
                0x000006a4                HardFault_Handler
 .text.NVIC_EnableIRQ
                0x000006dc       0x2c ./drivers/Slave_Center_IF.o
 .text.NVIC_SetPriority
                0x00000708       0xdc ./drivers/Slave_Center_IF.o
 .text.CLOCK_EnableClock
                0x000007e4       0x34 ./drivers/Slave_Center_IF.o
 .text.SPI_Callback
                0x00000818       0x50 ./drivers/Slave_Center_IF.o
                0x00000818                SPI_Callback
 .text.SPI_Init
                0x00000868      0x108 ./drivers/Slave_Center_IF.o
                0x00000868                SPI_Init
 .text.SPI_WriteRegister
                0x00000970      0x13c ./drivers/Slave_Center_IF.o
                0x00000970                SPI_WriteRegister
 .text.CLOCK_SetEr32kClock
                0x00000aac       0x34 ./drivers/fsl_clock.o
 .text.CLOCK_SetPllFllSelClock
                0x00000ae0       0x38 ./drivers/fsl_clock.o
 .text.CLOCK_GetMcgExtClkFreq
                0x00000b18       0x28 ./drivers/fsl_clock.o
 .text.CLOCK_GetFllExtRefClkFreq
                0x00000b40       0xa8 ./drivers/fsl_clock.o
 .text.CLOCK_GetInternalRefClkSelectFreq
                0x00000be8       0x40 ./drivers/fsl_clock.o
 .text.CLOCK_GetFllRefClkFreq
                0x00000c28       0x2c ./drivers/fsl_clock.o
 .text.CLOCK_GetOscRangeFromFreq
                0x00000c54       0x4c ./drivers/fsl_clock.o
 .text.CLOCK_GetOsc0ErClkFreq
                0x00000ca0       0x3c ./drivers/fsl_clock.o
                0x00000ca0                CLOCK_GetOsc0ErClkFreq
 .text.CLOCK_GetEr32kClkFreq
                0x00000cdc       0x78 ./drivers/fsl_clock.o
                0x00000cdc                CLOCK_GetEr32kClkFreq
 .text.CLOCK_GetPllFllSelClkFreq
                0x00000d54       0x4c ./drivers/fsl_clock.o
                0x00000d54                CLOCK_GetPllFllSelClkFreq
 .text.CLOCK_GetFreq
                0x00000da0       0xe0 ./drivers/fsl_clock.o
                0x00000da0                CLOCK_GetFreq
 .text.CLOCK_SetSimConfig
                0x00000e80       0x38 ./drivers/fsl_clock.o
                0x00000e80                CLOCK_SetSimConfig
 .text.CLOCK_GetOutClkFreq
                0x00000eb8       0x78 ./drivers/fsl_clock.o
                0x00000eb8                CLOCK_GetOutClkFreq
 .text.CLOCK_GetFllFreq
                0x00000f30       0x84 ./drivers/fsl_clock.o
                0x00000f30                CLOCK_GetFllFreq
 .text.CLOCK_GetInternalRefClkFreq
                0x00000fb4       0x28 ./drivers/fsl_clock.o
                0x00000fb4                CLOCK_GetInternalRefClkFreq
 .text.CLOCK_GetPll0Freq
                0x00000fdc       0x70 ./drivers/fsl_clock.o
                0x00000fdc                CLOCK_GetPll0Freq
 .text.CLOCK_SetInternalRefClkConfig
                0x0000104c      0x124 ./drivers/fsl_clock.o
                0x0000104c                CLOCK_SetInternalRefClkConfig
 .text.CLOCK_EnablePll0
                0x00001170       0x94 ./drivers/fsl_clock.o
                0x00001170                CLOCK_EnablePll0
 .text.CLOCK_InitOsc0
                0x00001204       0x94 ./drivers/fsl_clock.o
                0x00001204                CLOCK_InitOsc0
 .text.CLOCK_SetPbeMode
                0x00001298       0xb0 ./drivers/fsl_clock.o
                0x00001298                CLOCK_SetPbeMode
 .text.CLOCK_BootToPeeMode
                0x00001348       0x70 ./drivers/fsl_clock.o
                0x00001348                CLOCK_BootToPeeMode
 .text.__assertion_failed
                0x000013b8       0x1c ./drivers/fsl_common.o
                0x000013b8                __assertion_failed
 .text.DMA_ClearChannelStatusFlags
                0x000013d4       0x54 ./drivers/fsl_dma.o
 .text.DMA_HandleIRQ
                0x00001428       0x4c ./drivers/fsl_dma.o
                0x00001428                DMA_HandleIRQ
 .text.DMA0_DriverIRQHandler
                0x00001474       0x18 ./drivers/fsl_dma.o
                0x00001474                DMA0_DriverIRQHandler
 .text.DMA1_DriverIRQHandler
                0x0000148c       0x18 ./drivers/fsl_dma.o
                0x0000148c                DMA1_DriverIRQHandler
 .text.DMA2_DriverIRQHandler
                0x000014a4       0x18 ./drivers/fsl_dma.o
                0x000014a4                DMA2_DriverIRQHandler
 .text.DMA3_DriverIRQHandler
                0x000014bc       0x18 ./drivers/fsl_dma.o
                0x000014bc                DMA3_DriverIRQHandler
 .text.GPIO_PinInit
                0x000014d4       0x64 ./drivers/fsl_gpio.o
                0x000014d4                GPIO_PinInit
 .text.I2C_TransferCommonIRQHandler
                0x00001538       0x58 ./drivers/fsl_i2c.o
 .text.I2C0_DriverIRQHandler
                0x00001590       0x20 ./drivers/fsl_i2c.o
                0x00001590                I2C0_DriverIRQHandler
 .text.I2C1_DriverIRQHandler
                0x000015b0       0x20 ./drivers/fsl_i2c.o
                0x000015b0                I2C1_DriverIRQHandler
 .text.CLOCK_EnableClock
                0x000015d0       0x34 ./drivers/fsl_lpsci.o
 .text.LPSCI_GetInstance
                0x00001604       0x48 ./drivers/fsl_lpsci.o
                0x00001604                LPSCI_GetInstance
 .text.LPSCI_Init
                0x0000164c      0x258 ./drivers/fsl_lpsci.o
                0x0000164c                LPSCI_Init
 .text.LPSCI_GetDefaultConfig
                0x000018a4       0x44 ./drivers/fsl_lpsci.o
                0x000018a4                LPSCI_GetDefaultConfig
 .text.LPSCI_ClearStatusFlags
                0x000018e8       0x94 ./drivers/fsl_lpsci.o
                0x000018e8                LPSCI_ClearStatusFlags
 .text.LPSCI_WriteBlocking
                0x0000197c       0x4c ./drivers/fsl_lpsci.o
                0x0000197c                LPSCI_WriteBlocking
 .text.LPSCI_ReadBlocking
                0x000019c8       0xc0 ./drivers/fsl_lpsci.o
                0x000019c8                LPSCI_ReadBlocking
 .text.UART0_DriverIRQHandler
                0x00001a88       0x24 ./drivers/fsl_lpsci.o
                0x00001a88                UART0_DriverIRQHandler
 .text.NVIC_EnableIRQ
                0x00001aac       0x2c ./drivers/fsl_spi.o
 .text.CLOCK_EnableClock
                0x00001ad8       0x34 ./drivers/fsl_spi.o
 .text.SPI_GetInstance
                0x00001b0c       0x4c ./drivers/fsl_spi.o
                0x00001b0c                SPI_GetInstance
 .text.SPI_MasterGetDefaultConfig
                0x00001b58       0x44 ./drivers/fsl_spi.o
                0x00001b58                SPI_MasterGetDefaultConfig
 .text.SPI_MasterInit
                0x00001b9c      0x114 ./drivers/fsl_spi.o
                0x00001b9c                SPI_MasterInit
 .text.SPI_MasterTransferCreateHandle
                0x00001cb0       0x98 ./drivers/fsl_spi.o
                0x00001cb0                SPI_MasterTransferCreateHandle
 .text.SPI_MasterTransferNonBlocking
                0x00001d48       0xd0 ./drivers/fsl_spi.o
                0x00001d48                SPI_MasterTransferNonBlocking
 .text.SPI_MasterTransferAbort
                0x00001e18       0x40 ./drivers/fsl_spi.o
                0x00001e18                SPI_MasterTransferAbort
 .text.SPI_MasterTransferHandleIRQ
                0x00001e58       0x84 ./drivers/fsl_spi.o
                0x00001e58                SPI_MasterTransferHandleIRQ
 .text.SPI_CommonIRQHandler
                0x00001edc       0x54 ./drivers/fsl_spi.o
 .text.SPI0_DriverIRQHandler
                0x00001f30       0x30 ./drivers/fsl_spi.o
                0x00001f30                SPI0_DriverIRQHandler
 .text.SPI1_DriverIRQHandler
                0x00001f60       0x30 ./drivers/fsl_spi.o
                0x00001f60                SPI1_DriverIRQHandler
 .text.CLOCK_EnableClock
                0x00001f90       0x34 ./drivers/fsl_uart.o
 .text.UART_GetInstance
                0x00001fc4       0x54 ./drivers/fsl_uart.o
                0x00001fc4                UART_GetInstance
 .text.UART_Init
                0x00002018      0x1e0 ./drivers/fsl_uart.o
                0x00002018                UART_Init
 .text.UART_GetDefaultConfig
                0x000021f8       0x44 ./drivers/fsl_uart.o
                0x000021f8                UART_GetDefaultConfig
 .text.UART_ReadBlocking
                0x0000223c       0x98 ./drivers/fsl_uart.o
                0x0000223c                UART_ReadBlocking
 .text.UART1_DriverIRQHandler
                0x000022d4       0x24 ./drivers/fsl_uart.o
                0x000022d4                UART1_DriverIRQHandler
 .text.UART2_DriverIRQHandler
                0x000022f8       0x24 ./drivers/fsl_uart.o
                0x000022f8                UART2_DriverIRQHandler
 .text.CLOCK_SetLpsci0Clock
                0x0000231c       0x38 ./board/board.o
 .text.BOARD_InitDebugConsole
                0x00002354       0x30 ./board/board.o
                0x00002354                BOARD_InitDebugConsole
 .text.CLOCK_SetSimSafeDivs
                0x00002384       0x20 ./board/clock_config.o
 .text.CLOCK_SetXtal0Freq
                0x000023a4       0x1c ./board/clock_config.o
 .text.CLOCK_CONFIG_SetFllExtRefDiv
                0x000023c0       0x3c ./board/clock_config.o
 .text.BOARD_BootClockRUN
                0x000023fc       0x64 ./board/clock_config.o
                0x000023fc                BOARD_BootClockRUN
 .text.CLOCK_EnableClock
                0x00002460       0x34 ./board/pin_mux.o
 .text.PORT_SetPinMux
                0x00002494       0x40 ./board/pin_mux.o
 .text.BOARD_InitPins
                0x000024d4       0xe8 ./board/pin_mux.o
                0x000024d4                BOARD_InitPins
 .text.SystemInit
                0x000025bc       0x18 ./CMSIS/system_MKL25Z4.o
                0x000025bc                SystemInit
 .text._initio  0x000025d4       0x7c C:/NXP/MCUXpressoIDE_24.12.148/ide/plugins/com.nxp.mcuxpresso.tools.win32_24.12.0.202407110909/tools/bin/../lib/gcc/arm-none-eabi/13.2.1/../../../../arm-none-eabi/lib/thumb/v6-m/nofp\libcr_c.a(initio.o)
                0x000025d4                _initio
 .text.setvbuf  0x00002650       0x4c C:/NXP/MCUXpressoIDE_24.12.148/ide/plugins/com.nxp.mcuxpresso.tools.win32_24.12.0.202407110909/tools/bin/../lib/gcc/arm-none-eabi/13.2.1/../../../../arm-none-eabi/lib/thumb/v6-m/nofp\libcr_c.a(setvbuf.o)
                0x00002650                setvbuf
 .text.strlen   0x0000269c       0x5c C:/NXP/MCUXpressoIDE_24.12.148/ide/plugins/com.nxp.mcuxpresso.tools.win32_24.12.0.202407110909/tools/bin/../lib/gcc/arm-none-eabi/13.2.1/../../../../arm-none-eabi/lib/thumb/v6-m/nofp\libcr_c.a(strlen.o)
                0x0000269c                strlen
 .text._fdopen  0x000026f8       0x74 C:/NXP/MCUXpressoIDE_24.12.148/ide/plugins/com.nxp.mcuxpresso.tools.win32_24.12.0.202407110909/tools/bin/../lib/gcc/arm-none-eabi/13.2.1/../../../../arm-none-eabi/lib/thumb/v6-m/nofp\libcr_c.a(_fdopen.o)
                0x000026f8                _fdopen
 .text.fclose   0x0000276c       0x5c C:/NXP/MCUXpressoIDE_24.12.148/ide/plugins/com.nxp.mcuxpresso.tools.win32_24.12.0.202407110909/tools/bin/../lib/gcc/arm-none-eabi/13.2.1/../../../../arm-none-eabi/lib/thumb/v6-m/nofp\libcr_c.a(fclose.o)
                0x0000276c                fclose
 .text.fflush   0x000027c8       0x40 C:/NXP/MCUXpressoIDE_24.12.148/ide/plugins/com.nxp.mcuxpresso.tools.win32_24.12.0.202407110909/tools/bin/../lib/gcc/arm-none-eabi/13.2.1/../../../../arm-none-eabi/lib/thumb/v6-m/nofp\libcr_c.a(fflush.o)
                0x000027c8                fflush
 .text.fseek    0x00002808       0xec C:/NXP/MCUXpressoIDE_24.12.148/ide/plugins/com.nxp.mcuxpresso.tools.win32_24.12.0.202407110909/tools/bin/../lib/gcc/arm-none-eabi/13.2.1/../../../../arm-none-eabi/lib/thumb/v6-m/nofp\libcr_c.a(fseek.o)
                0x00002808                fseek
 .text.ftell    0x000028f4       0x4c C:/NXP/MCUXpressoIDE_24.12.148/ide/plugins/com.nxp.mcuxpresso.tools.win32_24.12.0.202407110909/tools/bin/../lib/gcc/arm-none-eabi/13.2.1/../../../../arm-none-eabi/lib/thumb/v6-m/nofp\libcr_c.a(ftell.o)
                0x000028f4                ftell
 .text._do_fflush
                0x00002940       0x48 C:/NXP/MCUXpressoIDE_24.12.148/ide/plugins/com.nxp.mcuxpresso.tools.win32_24.12.0.202407110909/tools/bin/../lib/gcc/arm-none-eabi/13.2.1/../../../../arm-none-eabi/lib/thumb/v6-m/nofp\libcr_c.a(_do_fflush.o)
                0x00002940                _do_fflush
 .text._fflush  0x00002988       0x5c C:/NXP/MCUXpressoIDE_24.12.148/ide/plugins/com.nxp.mcuxpresso.tools.win32_24.12.0.202407110909/tools/bin/../lib/gcc/arm-none-eabi/13.2.1/../../../../arm-none-eabi/lib/thumb/v6-m/nofp\libcr_c.a(_fflush.o)
                0x00002988                _fflush
 .text._Cwritebuf
                0x000029e4       0x68 C:/NXP/MCUXpressoIDE_24.12.148/ide/plugins/com.nxp.mcuxpresso.tools.win32_24.12.0.202407110909/tools/bin/../lib/gcc/arm-none-eabi/13.2.1/../../../../arm-none-eabi/lib/thumb/v6-m/nofp\libcr_c.a(_writebuf.o)
                0x000029e4                _Cwritebuf
 .text._deferredlazyseek
                0x00002a4c       0x40 C:/NXP/MCUXpressoIDE_24.12.148/ide/plugins/com.nxp.mcuxpresso.tools.win32_24.12.0.202407110909/tools/bin/../lib/gcc/arm-none-eabi/13.2.1/../../../../arm-none-eabi/lib/thumb/v6-m/nofp\libcr_c.a(_deferredlazyseek.o)
                0x00002a4c                _deferredlazyseek
 .text.__aeabi_fmul
                0x00002a8c       0xcc C:/NXP/MCUXpressoIDE_24.12.148/ide/plugins/com.nxp.mcuxpresso.tools.win32_24.12.0.202407110909/tools/bin/../lib/gcc/arm-none-eabi/13.2.1/thumb/v6-m/nofp\libcr_eabihelpers.a(float.o)
                0x00002a8c                __aeabi_fmul
 .text.UART_EnableTx
                0x00002b58       0x40 ./utilities/fsl_debug_console.o
 .text.UART_EnableRx
                0x00002b98       0x40 ./utilities/fsl_debug_console.o
 .text.LPSCI_EnableTx
                0x00002bd8       0x40 ./utilities/fsl_debug_console.o
 .text.LPSCI_EnableRx
                0x00002c18       0x40 ./utilities/fsl_debug_console.o
 .text.DbgConsole_PrintfPaddingCharacter
                0x00002c58       0x48 ./utilities/fsl_debug_console.o
 .text.DbgConsole_ConvertRadixNumToString
                0x00002ca0      0x114 ./utilities/fsl_debug_console.o
 .text.DbgConsole_PrintfFormattedData
                0x00002db4      0x33a ./utilities/fsl_debug_console.o
 .text.GPIO_TogglePinsOutput
                0x000030ee       0x18 ./source/YARAB_V1.o
 .text.OSC_SetExtRefClkConfig
                0x00003106       0x3e ./drivers/fsl_clock.o
 .text.OSC_SetCapLoad
                0x00003144       0x42 ./drivers/fsl_clock.o
 .text.CLOCK_GetPll0RefFreq
                0x00003186       0x10 ./drivers/fsl_clock.o
 .text.CLOCK_GetFixedFreqClkFreq
                0x00003196       0x30 ./drivers/fsl_clock.o
                0x00003196                CLOCK_GetFixedFreqClkFreq
 .text.CLOCK_SetExternalRefClkConfig
                0x000031c6       0x16 ./drivers/fsl_clock.o
                0x000031c6                CLOCK_SetExternalRefClkConfig
 .text.GPIO_WritePinOutput
                0x000031dc       0x34 ./drivers/fsl_gpio.o
 .text.LPSCI_GetStatusFlags
                0x00003210       0x26 ./drivers/fsl_lpsci.o
                0x00003210                LPSCI_GetStatusFlags
 .text.EnableIRQ
                0x00003236       0x2c ./drivers/fsl_spi.o
 .text.SPI_WriteNonBlocking
                0x00003262       0x56 ./drivers/fsl_spi.o
 .text.SPI_ReadNonBlocking
                0x000032b8       0x56 ./drivers/fsl_spi.o
 .text.SPI_GetWatermark
                0x0000330e       0x22 ./drivers/fsl_spi.o
 .text.SPI_SendInitialTransfer
                0x00003330       0x52 ./drivers/fsl_spi.o
 .text.SPI_SendTransfer
                0x00003382       0xce ./drivers/fsl_spi.o
 .text.SPI_ReceiveTransfer
                0x00003450       0x68 ./drivers/fsl_spi.o
 .text.SPI_EnableInterrupts
                0x000034b8       0x5e ./drivers/fsl_spi.o
                0x000034b8                SPI_EnableInterrupts
 .text.SPI_DisableInterrupts
                0x00003516       0x5a ./drivers/fsl_spi.o
                0x00003516                SPI_DisableInterrupts
 .text.SPI_MasterSetBaudRate
                0x00003570       0xb8 ./drivers/fsl_spi.o
                0x00003570                SPI_MasterSetBaudRate
 .text.SPI_WriteData
                0x00003628       0x20 ./drivers/fsl_spi.o
                0x00003628                SPI_WriteData
 .text.SPI_ReadData
                0x00003648       0x26 ./drivers/fsl_spi.o
                0x00003648                SPI_ReadData
 .text.UART_GetStatusFlags
                0x0000366e       0x26 ./drivers/fsl_uart.o
                0x0000366e                UART_GetStatusFlags
 .text.UART_WriteBlocking
                0x00003694       0x3c ./drivers/fsl_uart.o
                0x00003694                UART_WriteBlocking
 .text.BOARD_InitBootClocks
                0x000036d0        0xe ./board/clock_config.o
                0x000036d0                BOARD_InitBootClocks
 .text.BOARD_InitBootPeripherals
                0x000036de        0xa ./board/peripherals.o
                0x000036de                BOARD_InitBootPeripherals
 .text.BOARD_InitBootPins
                0x000036e8        0xe ./board/pin_mux.o
                0x000036e8                BOARD_InitBootPins
 .text.__main   0x000036f6        0xc C:/NXP/MCUXpressoIDE_24.12.148/ide/plugins/com.nxp.mcuxpresso.tools.win32_24.12.0.202407110909/tools/bin/../lib/gcc/arm-none-eabi/13.2.1/../../../../arm-none-eabi/lib/thumb/v6-m/nofp\libcr_nohost_nf.a(_cr__main.o)
                0x000036f6                __main
 .text.memset   0x00003702        0x8 C:/NXP/MCUXpressoIDE_24.12.148/ide/plugins/com.nxp.mcuxpresso.tools.win32_24.12.0.202407110909/tools/bin/../lib/gcc/arm-none-eabi/13.2.1/../../../../arm-none-eabi/lib/thumb/v6-m/nofp\libcr_c.a(memset.o)
                0x00003702                memset
 .text.remove   0x0000370a       0x12 C:/NXP/MCUXpressoIDE_24.12.148/ide/plugins/com.nxp.mcuxpresso.tools.win32_24.12.0.202407110909/tools/bin/../lib/gcc/arm-none-eabi/13.2.1/../../../../arm-none-eabi/lib/thumb/v6-m/nofp\libcr_c.a(remove.o)
                0x0000370a                remove
 .text.free     0x0000371c       0x2c C:/NXP/MCUXpressoIDE_24.12.148/ide/plugins/com.nxp.mcuxpresso.tools.win32_24.12.0.202407110909/tools/bin/../lib/gcc/arm-none-eabi/13.2.1/../../../../arm-none-eabi/lib/thumb/v6-m/nofp\libcr_c.a(alloc.o)
                0x0000371c                free
 .text.__aeabi_division_idivmod
                0x00003748       0x78 C:/NXP/MCUXpressoIDE_24.12.148/ide/plugins/com.nxp.mcuxpresso.tools.win32_24.12.0.202407110909/tools/bin/../lib/gcc/arm-none-eabi/13.2.1/thumb/v6-m/nofp\libcr_eabihelpers.a(division_32.o)
                0x00003748                __aeabi_idivmod
                0x00003748                __aeabi_idiv
                0x0000374e                __aeabi_uidivmod
                0x0000374e                __aeabi_uidiv
 .text.__aeabi_division_idiv0
                0x000037c0        0x2 C:/NXP/MCUXpressoIDE_24.12.148/ide/plugins/com.nxp.mcuxpresso.tools.win32_24.12.0.202407110909/tools/bin/../lib/gcc/arm-none-eabi/13.2.1/thumb/v6-m/nofp\libcr_eabihelpers.a(division_idiv0.o)
                0x000037c0                __aeabi_idiv0
 .text.__aeabi_f2uiz
                0x000037c2       0x28 C:/NXP/MCUXpressoIDE_24.12.148/ide/plugins/com.nxp.mcuxpresso.tools.win32_24.12.0.202407110909/tools/bin/../lib/gcc/arm-none-eabi/13.2.1/thumb/v6-m/nofp\libcr_eabihelpers.a(float.o)
                0x000037c2                __aeabi_f2uiz
 .text.__aeabi_llong_lmul
                0x000037ea       0x2e C:/NXP/MCUXpressoIDE_24.12.148/ide/plugins/com.nxp.mcuxpresso.tools.win32_24.12.0.202407110909/tools/bin/../lib/gcc/arm-none-eabi/13.2.1/thumb/v6-m/nofp\libcr_eabihelpers.a(llong.o)
                0x000037ea                __aeabi_lmul
 .text.__aeabi_memset_lowlevel
                0x00003818       0x2a C:/NXP/MCUXpressoIDE_24.12.148/ide/plugins/com.nxp.mcuxpresso.tools.win32_24.12.0.202407110909/tools/bin/../lib/gcc/arm-none-eabi/13.2.1/thumb/v6-m/nofp\libcr_eabihelpers.a(memcpy.o)
                0x00003818                __aeabi_lowlevel_memset
 .text.__sys_close
                0x00003842        0x6 C:/NXP/MCUXpressoIDE_24.12.148/ide/plugins/com.nxp.mcuxpresso.tools.win32_24.12.0.202407110909/tools/bin/../lib/gcc/arm-none-eabi/13.2.1/../../../../arm-none-eabi/lib/thumb/v6-m/nofp\libcr_nohost_nf.a(__sys_close.o)
                0x00003842                __sys_close
 .text.__sys_flen
                0x00003848        0x6 C:/NXP/MCUXpressoIDE_24.12.148/ide/plugins/com.nxp.mcuxpresso.tools.win32_24.12.0.202407110909/tools/bin/../lib/gcc/arm-none-eabi/13.2.1/../../../../arm-none-eabi/lib/thumb/v6-m/nofp\libcr_nohost_nf.a(__sys_flen.o)
                0x00003848                __sys_flen
 .text.__sys_istty
                0x0000384e        0x6 C:/NXP/MCUXpressoIDE_24.12.148/ide/plugins/com.nxp.mcuxpresso.tools.win32_24.12.0.202407110909/tools/bin/../lib/gcc/arm-none-eabi/13.2.1/../../../../arm-none-eabi/lib/thumb/v6-m/nofp\libcr_nohost_nf.a(__sys_istty.o)
                0x0000384e                __sys_istty
 .text.__sys_remove
                0x00003854        0x6 C:/NXP/MCUXpressoIDE_24.12.148/ide/plugins/com.nxp.mcuxpresso.tools.win32_24.12.0.202407110909/tools/bin/../lib/gcc/arm-none-eabi/13.2.1/../../../../arm-none-eabi/lib/thumb/v6-m/nofp\libcr_nohost_nf.a(__sys_remove.o)
                0x00003854                __sys_remove
 .text.__sys_seek
                0x0000385a        0x6 C:/NXP/MCUXpressoIDE_24.12.148/ide/plugins/com.nxp.mcuxpresso.tools.win32_24.12.0.202407110909/tools/bin/../lib/gcc/arm-none-eabi/13.2.1/../../../../arm-none-eabi/lib/thumb/v6-m/nofp\libcr_nohost_nf.a(__sys_seek.o)
                0x0000385a                __sys_seek
 .text.__sys_tmpnam
                0x00003860        0x6 C:/NXP/MCUXpressoIDE_24.12.148/ide/plugins/com.nxp.mcuxpresso.tools.win32_24.12.0.202407110909/tools/bin/../lib/gcc/arm-none-eabi/13.2.1/../../../../arm-none-eabi/lib/thumb/v6-m/nofp\libcr_nohost_nf.a(__sys_tmpnam.o)
                0x00003860                __sys_tmpnam
 .text.__sys_write
                0x00003866        0x4 C:/NXP/MCUXpressoIDE_24.12.148/ide/plugins/com.nxp.mcuxpresso.tools.win32_24.12.0.202407110909/tools/bin/../lib/gcc/arm-none-eabi/13.2.1/../../../../arm-none-eabi/lib/thumb/v6-m/nofp\libcr_nohost_nf.a(__sys_write.o)
                0x00003866                __sys_write
 *(SORT_BY_ALIGNMENT(.rodata) SORT_BY_ALIGNMENT(.rodata.*) SORT_BY_ALIGNMENT(.constdata) SORT_BY_ALIGNMENT(.constdata.*))
 *fill*         0x0000386a        0x2 ff
 .rodata.main.str1.4
                0x0000386c      0x4ba ./source/YARAB_V1.o
                                 0x58 (size before relaxing)
 *fill*         0x00003d26        0x2 ff
 .rodata.__func__.0
                0x00003d28        0x5 ./source/YARAB_V1.o
 .rodata.SPI_Callback.str1.4
                0x00003d2d       0x53 ./drivers/Slave_Center_IF.o
 .rodata.SPI_Init.str1.4
                0x00003d2d       0x44 ./drivers/Slave_Center_IF.o
 .rodata.SPI_WriteRegister.str1.4
                0x00003d2d       0x42 ./drivers/Slave_Center_IF.o
 *fill*         0x00003d2d        0x3 ff
 .rodata.__func__.1
                0x00003d30        0x9 ./drivers/Slave_Center_IF.o
 *fill*         0x00003d39        0x3 ff
 .rodata.__func__.0
                0x00003d3c       0x12 ./drivers/Slave_Center_IF.o
 .rodata.CLOCK_GetMcgExtClkFreq.str1.4
                0x00003d4e       0x1e ./drivers/fsl_clock.o
 .rodata.CLOCK_GetOsc0ErClkFreq.str1.4
                0x00003d4e       0x1e ./drivers/fsl_clock.o
 .rodata.CLOCK_GetEr32kClkFreq.str1.4
                0x00003d4e       0x1f ./drivers/fsl_clock.o
 *fill*         0x00003d4e        0x2 ff
 .rodata.CLOCK_GetFreq
                0x00003d50       0x38 ./drivers/fsl_clock.o
 .rodata.CLOCK_GetPll0Freq.str1.4
                0x00003d88       0x1d ./drivers/fsl_clock.o
 .rodata.CLOCK_EnablePll0.str1.4
                0x00003d88       0x19 ./drivers/fsl_clock.o
 .rodata.CLOCK_SetPbeMode.str1.4
                0x00003d88       0x1a ./drivers/fsl_clock.o
 .rodata.CLOCK_BootToPeeMode.str1.4
                0x00003d88       0x1a ./drivers/fsl_clock.o
 .rodata.fllFactorTable.1
                0x00003d88       0x10 ./drivers/fsl_clock.o
 .rodata.__assertion_failed.str1.4
                0x00003d98        0x4 ./drivers/fsl_common.o
 .rodata.DMA_ClearChannelStatusFlags.str1.4
                0x00003d98       0x3c ./drivers/fsl_dma.o
 .rodata.DMA_HandleIRQ.str1.4
                0x00003d98       0x1f ./drivers/fsl_dma.o
 .rodata.GPIO_PinInit.str1.4
                0x00003d98       0x17 ./drivers/fsl_gpio.o
 .rodata.LPSCI_GetInstance.str1.4
                0x00003d98       0x36 ./drivers/fsl_lpsci.o
 .rodata.LPSCI_Init.str1.4
                0x00003d98       0x43 ./drivers/fsl_lpsci.o
 .rodata.LPSCI_GetDefaultConfig.str1.4
                0x00003d98       0x19 ./drivers/fsl_lpsci.o
 .rodata.LPSCI_WriteBlocking.str1.4
                0x00003d98       0x17 ./drivers/fsl_lpsci.o
 .rodata.LPSCI_ReadBlocking.str1.4
                0x00003d98       0x17 ./drivers/fsl_lpsci.o
 .rodata.s_spiBases
                0x00003d98        0x8 ./drivers/fsl_spi.o
 .rodata.s_spiIRQ
                0x00003da0        0x2 ./drivers/fsl_spi.o
 *fill*         0x00003da2        0x2 ff
 .rodata.s_spiClock
                0x00003da4        0x8 ./drivers/fsl_spi.o
 .rodata.SPI_GetInstance.str1.4
                0x00003dac       0x32 ./drivers/fsl_spi.o
 .rodata.SPI_MasterInit.str1.4
                0x00003dac       0x26 ./drivers/fsl_spi.o
 .rodata.SPI_MasterTransferCreateHandle.str1.4
                0x00003dac       0x17 ./drivers/fsl_spi.o
 .rodata.SPI_MasterTransferNonBlocking.str1.4
                0x00003dac       0x1f ./drivers/fsl_spi.o
 .rodata.SPI_MasterTransferAbort.str1.4
                0x00003dac       0x17 ./drivers/fsl_spi.o
 .rodata.SPI_MasterTransferHandleIRQ.str1.4
                0x00003dac       0x17 ./drivers/fsl_spi.o
 .rodata.SPI0_DriverIRQHandler.str1.4
                0x00003dac       0x20 ./drivers/fsl_spi.o
 .rodata.SPI1_DriverIRQHandler.str1.4
                0x00003dac       0x20 ./drivers/fsl_spi.o
 .rodata.s_uartBases
                0x00003dac        0xc ./drivers/fsl_uart.o
 .rodata.s_uartClock
                0x00003db8        0xc ./drivers/fsl_uart.o
 .rodata.UART_GetInstance.str1.4
                0x00003dc4       0x2b ./drivers/fsl_uart.o
 .rodata.UART_Init.str1.4
                0x00003dc4       0x3e ./drivers/fsl_uart.o
 .rodata.UART_GetDefaultConfig.str1.4
                0x00003dc4       0x18 ./drivers/fsl_uart.o
 .rodata.UART_ReadBlocking.str1.4
                0x00003dc4       0x16 ./drivers/fsl_uart.o
 .rodata.mcgConfig_BOARD_BootClockRUN
                0x00003dc4        0xa ./board/clock_config.o
                0x00003dc4                mcgConfig_BOARD_BootClockRUN
 *fill*         0x00003dce        0x2 ff
 .rodata.simConfig_BOARD_BootClockRUN
                0x00003dd0        0x8 ./board/clock_config.o
                0x00003dd0                simConfig_BOARD_BootClockRUN
 .rodata.oscConfig_BOARD_BootClockRUN
                0x00003dd8        0x8 ./board/clock_config.o
                0x00003dd8                oscConfig_BOARD_BootClockRUN
 .rodata.__num_Ciob_streams
                0x00003de0        0x4 C:/NXP/MCUXpressoIDE_24.12.148/ide/plugins/com.nxp.mcuxpresso.tools.win32_24.12.0.202407110909/tools/bin/../lib/gcc/arm-none-eabi/13.2.1/../../../../arm-none-eabi/lib/thumb/v6-m/nofp\libcr_nohost_nf.a(__ciob.o)
                0x00003de0                __num_Ciob_streams
 .rodata._initio.str1.1
                0x00003de4        0x4 C:/NXP/MCUXpressoIDE_24.12.148/ide/plugins/com.nxp.mcuxpresso.tools.win32_24.12.0.202407110909/tools/bin/../lib/gcc/arm-none-eabi/13.2.1/../../../../arm-none-eabi/lib/thumb/v6-m/nofp\libcr_c.a(initio.o)
                0x00003de8                        . = ALIGN (0x4)

.glue_7         0x00003de8        0x0
 .glue_7        0x00003de8        0x0 linker stubs

.glue_7t        0x00003de8        0x0
 .glue_7t       0x00003de8        0x0 linker stubs

.vfp11_veneer   0x00003de8        0x0
 .vfp11_veneer  0x00003de8        0x0 linker stubs

.v4_bx          0x00003de8        0x0
 .v4_bx         0x00003de8        0x0 linker stubs

.iplt           0x00003de8        0x0
 .iplt          0x00003de8        0x0 ./utilities/fsl_debug_console.o

.rel.dyn        0x00003de8        0x0
 .rel.iplt      0x00003de8        0x0 ./utilities/fsl_debug_console.o

.ARM.extab
 *(SORT_BY_ALIGNMENT(.ARM.extab*) SORT_BY_ALIGNMENT(.gnu.linkonce.armextab.*))

.ARM.exidx      0x00003de8        0x0
                0x00003de8                        __exidx_start = .
 *(SORT_BY_ALIGNMENT(.ARM.exidx*) SORT_BY_ALIGNMENT(.gnu.linkonce.armexidx.*))
                0x00003de8                        __exidx_end = .
                0x00003de8                        _etext = .

.m_usb_data
 *(SORT_BY_ALIGNMENT(m_usb_bdt))

.mtb_buffer_default
                0x1ffff000       0x80
 *(SORT_BY_ALIGNMENT(.mtb*))
 .mtb.$RAM1     0x1ffff000       0x80 ./source/mtb.o
                0x1ffff000                __mtb_buffer__

.uninit_RESERVED
                0x1ffff080        0x0
                0x1ffff080                        _start_uninit_RESERVED = .
 *(SORT_BY_ALIGNMENT(.bss.$RESERVED*))
                0x1ffff080                        . = ALIGN (0x4)
                0x1ffff080                        _end_uninit_RESERVED = .

.data           0x1ffff080        0xc load address 0x00003de8
 FILL mask 0xff
                0x1ffff080                        _data = .
                [!provide]                        PROVIDE (__start_data_RAM = .)
                [!provide]                        PROVIDE (__start_data_SRAM = .)
 *(SORT_BY_ALIGNMENT(vtable))
 *(SORT_BY_ALIGNMENT(.ramfunc*))
 *(SORT_BY_ALIGNMENT(CodeQuickAccess))
 *(SORT_BY_ALIGNMENT(DataQuickAccess))
 *(SORT_BY_ALIGNMENT(RamFunction))
 *(SORT_BY_ALIGNMENT(.data*))
 .data.s_slowIrcFreq
                0x1ffff080        0x4 ./drivers/fsl_clock.o
 .data.s_fastIrcFreq
                0x1ffff084        0x4 ./drivers/fsl_clock.o
 .data.SystemCoreClock
                0x1ffff088        0x4 ./CMSIS/system_MKL25Z4.o
                0x1ffff088                SystemCoreClock
                0x1ffff08c                        . = ALIGN (0x4)
                0x1ffff08c                        _edata = .
                [!provide]                        PROVIDE (__end_data_RAM = .)
                [!provide]                        PROVIDE (__end_data_SRAM = .)

.igot.plt       0x1ffff08c        0x0 load address 0x00003df4
 .igot.plt      0x1ffff08c        0x0 ./utilities/fsl_debug_console.o

.bss            0x1ffff08c      0x140
                0x1ffff08c                        _bss = .
                [!provide]                        PROVIDE (__start_bss_RAM = .)
                [!provide]                        PROVIDE (__start_bss_SRAM = .)
 *(SORT_BY_ALIGNMENT(.bss*))
 .bss.s_debugConsole
                0x1ffff08c       0x10 ./utilities/fsl_debug_console.o
 .bss.spiHandle
                0x1ffff09c       0x24 ./drivers/Slave_Center_IF.o
                0x1ffff09c                spiHandle
 .bss.g_xtal0Freq
                0x1ffff0c0        0x4 ./drivers/fsl_clock.o
                0x1ffff0c0                g_xtal0Freq
 .bss.g_xtal32Freq
                0x1ffff0c4        0x4 ./drivers/fsl_clock.o
                0x1ffff0c4                g_xtal32Freq
 .bss.s_DMAHandle
                0x1ffff0c8       0x10 ./drivers/fsl_dma.o
 .bss.s_i2cHandle
                0x1ffff0d8        0x8 ./drivers/fsl_i2c.o
 .bss.s_i2cMasterIsr
                0x1ffff0e0        0x4 ./drivers/fsl_i2c.o
 .bss.s_i2cSlaveIsr
                0x1ffff0e4        0x4 ./drivers/fsl_i2c.o
 .bss.s_lpsciHandle
                0x1ffff0e8        0x4 ./drivers/fsl_lpsci.o
 .bss.s_lpsciIsr
                0x1ffff0ec        0x4 ./drivers/fsl_lpsci.o
 .bss.s_spiHandle
                0x1ffff0f0        0x8 ./drivers/fsl_spi.o
 .bss.s_spiMasterIsr
                0x1ffff0f8        0x4 ./drivers/fsl_spi.o
 .bss.s_spiSlaveIsr
                0x1ffff0fc        0x4 ./drivers/fsl_spi.o
 .bss.s_uartHandle
                0x1ffff100        0xc ./drivers/fsl_uart.o
 .bss.s_uartIsr
                0x1ffff10c        0x4 ./drivers/fsl_uart.o
 .bss.errno     0x1ffff110        0x4 C:/NXP/MCUXpressoIDE_24.12.148/ide/plugins/com.nxp.mcuxpresso.tools.win32_24.12.0.202407110909/tools/bin/../lib/gcc/arm-none-eabi/13.2.1/../../../../arm-none-eabi/lib/thumb/v6-m/nofp\libcr_c.a(errno.o)
                0x1ffff110                errno
 .bss.__Ciob    0x1ffff114       0xb4 C:/NXP/MCUXpressoIDE_24.12.148/ide/plugins/com.nxp.mcuxpresso.tools.win32_24.12.0.202407110909/tools/bin/../lib/gcc/arm-none-eabi/13.2.1/../../../../arm-none-eabi/lib/thumb/v6-m/nofp\libcr_nohost_nf.a(__ciob.o)
                0x1ffff114                __Ciob
 .bss.spiTransferCompleted
                0x1ffff1c8        0x1 ./drivers/Slave_Center_IF.o
                0x1ffff1c8                spiTransferCompleted
 *(SORT_BY_ALIGNMENT(COMMON))
                0x1ffff1cc                        . = ALIGN (0x4)
 *fill*         0x1ffff1c9        0x3 
                0x1ffff1cc                        _ebss = .
                [!provide]                        PROVIDE (__end_bss_RAM = .)
                [!provide]                        PROVIDE (__end_bss_SRAM = .)
                [!provide]                        PROVIDE (end = .)

.noinit         0x1ffff1cc        0x0
                0x1ffff1cc                        _noinit = .
                [!provide]                        PROVIDE (__start_noinit_RAM = .)
                [!provide]                        PROVIDE (__start_noinit_SRAM = .)
 *(SORT_BY_ALIGNMENT(.noinit*))
                0x1ffff1cc                        . = ALIGN (0x4)
                0x1ffff1cc                        _end_noinit = .
                [!provide]                        PROVIDE (__end_noinit_RAM = .)
                [!provide]                        PROVIDE (__end_noinit_SRAM = .)
                0x00000400                        _HeapSize = 0x400

.heap           0x1ffff1cc      0x400
                0x1ffff1cc                        _pvHeapStart = .
                0x1ffff5cc                        . = (. + _HeapSize)
 *fill*         0x1ffff1cc      0x400 
                0x1ffff5cc                        . = ALIGN (0x4)
                0x1ffff5cc                        _pvHeapLimit = .
                0x00000400                        _StackSize = 0x400

.heap2stackfill
                0x1ffff5cc      0x400
                0x1ffff9cc                        . = (. + _StackSize)
 *fill*         0x1ffff5cc      0x400 

.stack          0x20002c00        0x0
                0x20002c00                        _vStackBase = .
                0x20002c00                        . = ALIGN (0x4)
                0x20003000                        _vStackTop = (. + _StackSize)
                0x00000000                        _image_start = LOADADDR (.text)
                0x00003df4                        _image_end = (LOADADDR (.data) + SIZEOF (.data))
                0x00003df4                        _image_size = (_image_end - _image_start)
OUTPUT(YARAB_V1.axf elf32-littlearm)
LOAD linker stubs

.debug_info     0x00000000    0x11182
 .debug_info    0x00000000      0xf55 ./utilities/fsl_debug_console.o
 .debug_info    0x00000f55      0x692 ./startup/startup_mkl25z4.o
 .debug_info    0x000015e7      0x38c ./source/YARAB_V1.o
 .debug_info    0x00001973       0x53 ./source/mtb.o
 .debug_info    0x000019c6       0x3c ./source/semihost_hardfault.o
 .debug_info    0x00001a02      0xfef ./drivers/Slave_Center_IF.o
 .debug_info    0x000029f1     0x1a79 ./drivers/fsl_clock.o
 .debug_info    0x0000446a      0x40a ./drivers/fsl_common.o
 .debug_info    0x00004874      0xf3d ./drivers/fsl_dma.o
 .debug_info    0x000057b1      0x529 ./drivers/fsl_gpio.o
 .debug_info    0x00005cda     0x1a7d ./drivers/fsl_i2c.o
 .debug_info    0x00007757     0x144c ./drivers/fsl_lpsci.o
 .debug_info    0x00008ba3     0x13f4 ./drivers/fsl_spi.o
 .debug_info    0x00009f97     0x13ed ./drivers/fsl_uart.o
 .debug_info    0x0000b384      0x3de ./board/board.o
 .debug_info    0x0000b762      0xba3 ./board/clock_config.o
 .debug_info    0x0000c305       0x3c ./board/peripherals.o
 .debug_info    0x0000c341      0x547 ./board/pin_mux.o
 .debug_info    0x0000c888      0x401 ./CMSIS/system_MKL25Z4.o
 .debug_info    0x0000cc89       0x85 C:/NXP/MCUXpressoIDE_24.12.148/ide/plugins/com.nxp.mcuxpresso.tools.win32_24.12.0.202407110909/tools/bin/../lib/gcc/arm-none-eabi/13.2.1/../../../../arm-none-eabi/lib/thumb/v6-m/nofp\libcr_nohost_nf.a(_cr__main.o)
 .debug_info    0x0000cd0e       0xfc C:/NXP/MCUXpressoIDE_24.12.148/ide/plugins/com.nxp.mcuxpresso.tools.win32_24.12.0.202407110909/tools/bin/../lib/gcc/arm-none-eabi/13.2.1/../../../../arm-none-eabi/lib/thumb/v6-m/nofp\libcr_c.a(memset.o)
 .debug_info    0x0000ce0a      0x353 C:/NXP/MCUXpressoIDE_24.12.148/ide/plugins/com.nxp.mcuxpresso.tools.win32_24.12.0.202407110909/tools/bin/../lib/gcc/arm-none-eabi/13.2.1/../../../../arm-none-eabi/lib/thumb/v6-m/nofp\libcr_c.a(initio.o)
 .debug_info    0x0000d15d      0x1fd C:/NXP/MCUXpressoIDE_24.12.148/ide/plugins/com.nxp.mcuxpresso.tools.win32_24.12.0.202407110909/tools/bin/../lib/gcc/arm-none-eabi/13.2.1/../../../../arm-none-eabi/lib/thumb/v6-m/nofp\libcr_c.a(setvbuf.o)
 .debug_info    0x0000d35a       0xdd C:/NXP/MCUXpressoIDE_24.12.148/ide/plugins/com.nxp.mcuxpresso.tools.win32_24.12.0.202407110909/tools/bin/../lib/gcc/arm-none-eabi/13.2.1/../../../../arm-none-eabi/lib/thumb/v6-m/nofp\libcr_c.a(strlen.o)
 .debug_info    0x0000d437      0x24b C:/NXP/MCUXpressoIDE_24.12.148/ide/plugins/com.nxp.mcuxpresso.tools.win32_24.12.0.202407110909/tools/bin/../lib/gcc/arm-none-eabi/13.2.1/../../../../arm-none-eabi/lib/thumb/v6-m/nofp\libcr_c.a(_fdopen.o)
 .debug_info    0x0000d682      0x325 C:/NXP/MCUXpressoIDE_24.12.148/ide/plugins/com.nxp.mcuxpresso.tools.win32_24.12.0.202407110909/tools/bin/../lib/gcc/arm-none-eabi/13.2.1/../../../../arm-none-eabi/lib/thumb/v6-m/nofp\libcr_c.a(fclose.o)
 .debug_info    0x0000d9a7      0x210 C:/NXP/MCUXpressoIDE_24.12.148/ide/plugins/com.nxp.mcuxpresso.tools.win32_24.12.0.202407110909/tools/bin/../lib/gcc/arm-none-eabi/13.2.1/../../../../arm-none-eabi/lib/thumb/v6-m/nofp\libcr_c.a(fflush.o)
 .debug_info    0x0000dbb7      0x27f C:/NXP/MCUXpressoIDE_24.12.148/ide/plugins/com.nxp.mcuxpresso.tools.win32_24.12.0.202407110909/tools/bin/../lib/gcc/arm-none-eabi/13.2.1/../../../../arm-none-eabi/lib/thumb/v6-m/nofp\libcr_c.a(fseek.o)
 .debug_info    0x0000de36      0x197 C:/NXP/MCUXpressoIDE_24.12.148/ide/plugins/com.nxp.mcuxpresso.tools.win32_24.12.0.202407110909/tools/bin/../lib/gcc/arm-none-eabi/13.2.1/../../../../arm-none-eabi/lib/thumb/v6-m/nofp\libcr_c.a(ftell.o)
 .debug_info    0x0000dfcd      0x1d0 C:/NXP/MCUXpressoIDE_24.12.148/ide/plugins/com.nxp.mcuxpresso.tools.win32_24.12.0.202407110909/tools/bin/../lib/gcc/arm-none-eabi/13.2.1/../../../../arm-none-eabi/lib/thumb/v6-m/nofp\libcr_c.a(remove.o)
 .debug_info    0x0000e19d      0x241 C:/NXP/MCUXpressoIDE_24.12.148/ide/plugins/com.nxp.mcuxpresso.tools.win32_24.12.0.202407110909/tools/bin/../lib/gcc/arm-none-eabi/13.2.1/../../../../arm-none-eabi/lib/thumb/v6-m/nofp\libcr_c.a(_do_fflush.o)
 .debug_info    0x0000e3de      0x1ea C:/NXP/MCUXpressoIDE_24.12.148/ide/plugins/com.nxp.mcuxpresso.tools.win32_24.12.0.202407110909/tools/bin/../lib/gcc/arm-none-eabi/13.2.1/../../../../arm-none-eabi/lib/thumb/v6-m/nofp\libcr_c.a(_fflush.o)
 .debug_info    0x0000e5c8      0x28a C:/NXP/MCUXpressoIDE_24.12.148/ide/plugins/com.nxp.mcuxpresso.tools.win32_24.12.0.202407110909/tools/bin/../lib/gcc/arm-none-eabi/13.2.1/../../../../arm-none-eabi/lib/thumb/v6-m/nofp\libcr_c.a(_writebuf.o)
 .debug_info    0x0000e852      0x526 C:/NXP/MCUXpressoIDE_24.12.148/ide/plugins/com.nxp.mcuxpresso.tools.win32_24.12.0.202407110909/tools/bin/../lib/gcc/arm-none-eabi/13.2.1/../../../../arm-none-eabi/lib/thumb/v6-m/nofp\libcr_c.a(alloc.o)
 .debug_info    0x0000ed78       0x44 C:/NXP/MCUXpressoIDE_24.12.148/ide/plugins/com.nxp.mcuxpresso.tools.win32_24.12.0.202407110909/tools/bin/../lib/gcc/arm-none-eabi/13.2.1/../../../../arm-none-eabi/lib/thumb/v6-m/nofp\libcr_c.a(errno.o)
 .debug_info    0x0000edbc      0x364 C:/NXP/MCUXpressoIDE_24.12.148/ide/plugins/com.nxp.mcuxpresso.tools.win32_24.12.0.202407110909/tools/bin/../lib/gcc/arm-none-eabi/13.2.1/../../../../arm-none-eabi/lib/thumb/v6-m/nofp\libcr_c.a(_deferredlazyseek.o)
 .debug_info    0x0000f120     0x1b71 C:/NXP/MCUXpressoIDE_24.12.148/ide/plugins/com.nxp.mcuxpresso.tools.win32_24.12.0.202407110909/tools/bin/../lib/gcc/arm-none-eabi/13.2.1/thumb/v6-m/nofp\libcr_eabihelpers.a(float.o)
 .debug_info    0x00010c91      0x18b C:/NXP/MCUXpressoIDE_24.12.148/ide/plugins/com.nxp.mcuxpresso.tools.win32_24.12.0.202407110909/tools/bin/../lib/gcc/arm-none-eabi/13.2.1/../../../../arm-none-eabi/lib/thumb/v6-m/nofp\libcr_nohost_nf.a(__ciob.o)
 .debug_info    0x00010e1c       0x6a C:/NXP/MCUXpressoIDE_24.12.148/ide/plugins/com.nxp.mcuxpresso.tools.win32_24.12.0.202407110909/tools/bin/../lib/gcc/arm-none-eabi/13.2.1/../../../../arm-none-eabi/lib/thumb/v6-m/nofp\libcr_nohost_nf.a(__sys_close.o)
 .debug_info    0x00010e86       0x6a C:/NXP/MCUXpressoIDE_24.12.148/ide/plugins/com.nxp.mcuxpresso.tools.win32_24.12.0.202407110909/tools/bin/../lib/gcc/arm-none-eabi/13.2.1/../../../../arm-none-eabi/lib/thumb/v6-m/nofp\libcr_nohost_nf.a(__sys_flen.o)
 .debug_info    0x00010ef0       0x6a C:/NXP/MCUXpressoIDE_24.12.148/ide/plugins/com.nxp.mcuxpresso.tools.win32_24.12.0.202407110909/tools/bin/../lib/gcc/arm-none-eabi/13.2.1/../../../../arm-none-eabi/lib/thumb/v6-m/nofp\libcr_nohost_nf.a(__sys_istty.o)
 .debug_info    0x00010f5a       0x8a C:/NXP/MCUXpressoIDE_24.12.148/ide/plugins/com.nxp.mcuxpresso.tools.win32_24.12.0.202407110909/tools/bin/../lib/gcc/arm-none-eabi/13.2.1/../../../../arm-none-eabi/lib/thumb/v6-m/nofp\libcr_nohost_nf.a(__sys_remove.o)
 .debug_info    0x00010fe4       0x78 C:/NXP/MCUXpressoIDE_24.12.148/ide/plugins/com.nxp.mcuxpresso.tools.win32_24.12.0.202407110909/tools/bin/../lib/gcc/arm-none-eabi/13.2.1/../../../../arm-none-eabi/lib/thumb/v6-m/nofp\libcr_nohost_nf.a(__sys_seek.o)
 .debug_info    0x0001105c       0x93 C:/NXP/MCUXpressoIDE_24.12.148/ide/plugins/com.nxp.mcuxpresso.tools.win32_24.12.0.202407110909/tools/bin/../lib/gcc/arm-none-eabi/13.2.1/../../../../arm-none-eabi/lib/thumb/v6-m/nofp\libcr_nohost_nf.a(__sys_tmpnam.o)
 .debug_info    0x000110ef       0x93 C:/NXP/MCUXpressoIDE_24.12.148/ide/plugins/com.nxp.mcuxpresso.tools.win32_24.12.0.202407110909/tools/bin/../lib/gcc/arm-none-eabi/13.2.1/../../../../arm-none-eabi/lib/thumb/v6-m/nofp\libcr_nohost_nf.a(__sys_write.o)

.debug_abbrev   0x00000000     0x3fe3
 .debug_abbrev  0x00000000      0x2fd ./utilities/fsl_debug_console.o
 .debug_abbrev  0x000002fd      0x17a ./startup/startup_mkl25z4.o
 .debug_abbrev  0x00000477      0x1ff ./source/YARAB_V1.o
 .debug_abbrev  0x00000676       0x46 ./source/mtb.o
 .debug_abbrev  0x000006bc       0x31 ./source/semihost_hardfault.o
 .debug_abbrev  0x000006ed      0x2f2 ./drivers/Slave_Center_IF.o
 .debug_abbrev  0x000009df      0x376 ./drivers/fsl_clock.o
 .debug_abbrev  0x00000d55      0x27e ./drivers/fsl_common.o
 .debug_abbrev  0x00000fd3      0x2e9 ./drivers/fsl_dma.o
 .debug_abbrev  0x000012bc      0x1a5 ./drivers/fsl_gpio.o
 .debug_abbrev  0x00001461      0x36b ./drivers/fsl_i2c.o
 .debug_abbrev  0x000017cc      0x306 ./drivers/fsl_lpsci.o
 .debug_abbrev  0x00001ad2      0x320 ./drivers/fsl_spi.o
 .debug_abbrev  0x00001df2      0x320 ./drivers/fsl_uart.o
 .debug_abbrev  0x00002112      0x14e ./board/board.o
 .debug_abbrev  0x00002260      0x225 ./board/clock_config.o
 .debug_abbrev  0x00002485       0x31 ./board/peripherals.o
 .debug_abbrev  0x000024b6      0x189 ./board/pin_mux.o
 .debug_abbrev  0x0000263f      0x12e ./CMSIS/system_MKL25Z4.o
 .debug_abbrev  0x0000276d       0x62 C:/NXP/MCUXpressoIDE_24.12.148/ide/plugins/com.nxp.mcuxpresso.tools.win32_24.12.0.202407110909/tools/bin/../lib/gcc/arm-none-eabi/13.2.1/../../../../arm-none-eabi/lib/thumb/v6-m/nofp\libcr_nohost_nf.a(_cr__main.o)
 .debug_abbrev  0x000027cf       0xa5 C:/NXP/MCUXpressoIDE_24.12.148/ide/plugins/com.nxp.mcuxpresso.tools.win32_24.12.0.202407110909/tools/bin/../lib/gcc/arm-none-eabi/13.2.1/../../../../arm-none-eabi/lib/thumb/v6-m/nofp\libcr_c.a(memset.o)
 .debug_abbrev  0x00002874      0x14b C:/NXP/MCUXpressoIDE_24.12.148/ide/plugins/com.nxp.mcuxpresso.tools.win32_24.12.0.202407110909/tools/bin/../lib/gcc/arm-none-eabi/13.2.1/../../../../arm-none-eabi/lib/thumb/v6-m/nofp\libcr_c.a(initio.o)
 .debug_abbrev  0x000029bf       0xe1 C:/NXP/MCUXpressoIDE_24.12.148/ide/plugins/com.nxp.mcuxpresso.tools.win32_24.12.0.202407110909/tools/bin/../lib/gcc/arm-none-eabi/13.2.1/../../../../arm-none-eabi/lib/thumb/v6-m/nofp\libcr_c.a(setvbuf.o)
 .debug_abbrev  0x00002aa0       0xa5 C:/NXP/MCUXpressoIDE_24.12.148/ide/plugins/com.nxp.mcuxpresso.tools.win32_24.12.0.202407110909/tools/bin/../lib/gcc/arm-none-eabi/13.2.1/../../../../arm-none-eabi/lib/thumb/v6-m/nofp\libcr_c.a(strlen.o)
 .debug_abbrev  0x00002b45      0x119 C:/NXP/MCUXpressoIDE_24.12.148/ide/plugins/com.nxp.mcuxpresso.tools.win32_24.12.0.202407110909/tools/bin/../lib/gcc/arm-none-eabi/13.2.1/../../../../arm-none-eabi/lib/thumb/v6-m/nofp\libcr_c.a(_fdopen.o)
 .debug_abbrev  0x00002c5e      0x158 C:/NXP/MCUXpressoIDE_24.12.148/ide/plugins/com.nxp.mcuxpresso.tools.win32_24.12.0.202407110909/tools/bin/../lib/gcc/arm-none-eabi/13.2.1/../../../../arm-none-eabi/lib/thumb/v6-m/nofp\libcr_c.a(fclose.o)
 .debug_abbrev  0x00002db6      0x122 C:/NXP/MCUXpressoIDE_24.12.148/ide/plugins/com.nxp.mcuxpresso.tools.win32_24.12.0.202407110909/tools/bin/../lib/gcc/arm-none-eabi/13.2.1/../../../../arm-none-eabi/lib/thumb/v6-m/nofp\libcr_c.a(fflush.o)
 .debug_abbrev  0x00002ed8      0x11b C:/NXP/MCUXpressoIDE_24.12.148/ide/plugins/com.nxp.mcuxpresso.tools.win32_24.12.0.202407110909/tools/bin/../lib/gcc/arm-none-eabi/13.2.1/../../../../arm-none-eabi/lib/thumb/v6-m/nofp\libcr_c.a(fseek.o)
 .debug_abbrev  0x00002ff3       0xc2 C:/NXP/MCUXpressoIDE_24.12.148/ide/plugins/com.nxp.mcuxpresso.tools.win32_24.12.0.202407110909/tools/bin/../lib/gcc/arm-none-eabi/13.2.1/../../../../arm-none-eabi/lib/thumb/v6-m/nofp\libcr_c.a(ftell.o)
 .debug_abbrev  0x000030b5       0xed C:/NXP/MCUXpressoIDE_24.12.148/ide/plugins/com.nxp.mcuxpresso.tools.win32_24.12.0.202407110909/tools/bin/../lib/gcc/arm-none-eabi/13.2.1/../../../../arm-none-eabi/lib/thumb/v6-m/nofp\libcr_c.a(remove.o)
 .debug_abbrev  0x000031a2      0x12c C:/NXP/MCUXpressoIDE_24.12.148/ide/plugins/com.nxp.mcuxpresso.tools.win32_24.12.0.202407110909/tools/bin/../lib/gcc/arm-none-eabi/13.2.1/../../../../arm-none-eabi/lib/thumb/v6-m/nofp\libcr_c.a(_do_fflush.o)
 .debug_abbrev  0x000032ce       0xf1 C:/NXP/MCUXpressoIDE_24.12.148/ide/plugins/com.nxp.mcuxpresso.tools.win32_24.12.0.202407110909/tools/bin/../lib/gcc/arm-none-eabi/13.2.1/../../../../arm-none-eabi/lib/thumb/v6-m/nofp\libcr_c.a(_fflush.o)
 .debug_abbrev  0x000033bf      0x126 C:/NXP/MCUXpressoIDE_24.12.148/ide/plugins/com.nxp.mcuxpresso.tools.win32_24.12.0.202407110909/tools/bin/../lib/gcc/arm-none-eabi/13.2.1/../../../../arm-none-eabi/lib/thumb/v6-m/nofp\libcr_c.a(_writebuf.o)
 .debug_abbrev  0x000034e5      0x27b C:/NXP/MCUXpressoIDE_24.12.148/ide/plugins/com.nxp.mcuxpresso.tools.win32_24.12.0.202407110909/tools/bin/../lib/gcc/arm-none-eabi/13.2.1/../../../../arm-none-eabi/lib/thumb/v6-m/nofp\libcr_c.a(alloc.o)
 .debug_abbrev  0x00003760       0x44 C:/NXP/MCUXpressoIDE_24.12.148/ide/plugins/com.nxp.mcuxpresso.tools.win32_24.12.0.202407110909/tools/bin/../lib/gcc/arm-none-eabi/13.2.1/../../../../arm-none-eabi/lib/thumb/v6-m/nofp\libcr_c.a(errno.o)
 .debug_abbrev  0x000037a4      0x147 C:/NXP/MCUXpressoIDE_24.12.148/ide/plugins/com.nxp.mcuxpresso.tools.win32_24.12.0.202407110909/tools/bin/../lib/gcc/arm-none-eabi/13.2.1/../../../../arm-none-eabi/lib/thumb/v6-m/nofp\libcr_c.a(_deferredlazyseek.o)
 .debug_abbrev  0x000038eb      0x359 C:/NXP/MCUXpressoIDE_24.12.148/ide/plugins/com.nxp.mcuxpresso.tools.win32_24.12.0.202407110909/tools/bin/../lib/gcc/arm-none-eabi/13.2.1/thumb/v6-m/nofp\libcr_eabihelpers.a(float.o)
 .debug_abbrev  0x00003c44       0xb5 C:/NXP/MCUXpressoIDE_24.12.148/ide/plugins/com.nxp.mcuxpresso.tools.win32_24.12.0.202407110909/tools/bin/../lib/gcc/arm-none-eabi/13.2.1/../../../../arm-none-eabi/lib/thumb/v6-m/nofp\libcr_nohost_nf.a(__ciob.o)
 .debug_abbrev  0x00003cf9       0x5c C:/NXP/MCUXpressoIDE_24.12.148/ide/plugins/com.nxp.mcuxpresso.tools.win32_24.12.0.202407110909/tools/bin/../lib/gcc/arm-none-eabi/13.2.1/../../../../arm-none-eabi/lib/thumb/v6-m/nofp\libcr_nohost_nf.a(__sys_close.o)
 .debug_abbrev  0x00003d55       0x5c C:/NXP/MCUXpressoIDE_24.12.148/ide/plugins/com.nxp.mcuxpresso.tools.win32_24.12.0.202407110909/tools/bin/../lib/gcc/arm-none-eabi/13.2.1/../../../../arm-none-eabi/lib/thumb/v6-m/nofp\libcr_nohost_nf.a(__sys_flen.o)
 .debug_abbrev  0x00003db1       0x5c C:/NXP/MCUXpressoIDE_24.12.148/ide/plugins/com.nxp.mcuxpresso.tools.win32_24.12.0.202407110909/tools/bin/../lib/gcc/arm-none-eabi/13.2.1/../../../../arm-none-eabi/lib/thumb/v6-m/nofp\libcr_nohost_nf.a(__sys_istty.o)
 .debug_abbrev  0x00003e0d       0x7d C:/NXP/MCUXpressoIDE_24.12.148/ide/plugins/com.nxp.mcuxpresso.tools.win32_24.12.0.202407110909/tools/bin/../lib/gcc/arm-none-eabi/13.2.1/../../../../arm-none-eabi/lib/thumb/v6-m/nofp\libcr_nohost_nf.a(__sys_remove.o)
 .debug_abbrev  0x00003e8a       0x6d C:/NXP/MCUXpressoIDE_24.12.148/ide/plugins/com.nxp.mcuxpresso.tools.win32_24.12.0.202407110909/tools/bin/../lib/gcc/arm-none-eabi/13.2.1/../../../../arm-none-eabi/lib/thumb/v6-m/nofp\libcr_nohost_nf.a(__sys_seek.o)
 .debug_abbrev  0x00003ef7       0x76 C:/NXP/MCUXpressoIDE_24.12.148/ide/plugins/com.nxp.mcuxpresso.tools.win32_24.12.0.202407110909/tools/bin/../lib/gcc/arm-none-eabi/13.2.1/../../../../arm-none-eabi/lib/thumb/v6-m/nofp\libcr_nohost_nf.a(__sys_tmpnam.o)
 .debug_abbrev  0x00003f6d       0x76 C:/NXP/MCUXpressoIDE_24.12.148/ide/plugins/com.nxp.mcuxpresso.tools.win32_24.12.0.202407110909/tools/bin/../lib/gcc/arm-none-eabi/13.2.1/../../../../arm-none-eabi/lib/thumb/v6-m/nofp\libcr_nohost_nf.a(__sys_write.o)

.debug_aranges  0x00000000     0x1038
 .debug_aranges
                0x00000000       0x90 ./utilities/fsl_debug_console.o
 .debug_aranges
                0x00000090      0x160 ./startup/startup_mkl25z4.o
 .debug_aranges
                0x000001f0       0x30 ./source/YARAB_V1.o
 .debug_aranges
                0x00000220       0x18 ./source/mtb.o
 .debug_aranges
                0x00000238       0x20 ./source/semihost_hardfault.o
 .debug_aranges
                0x00000258       0xa8 ./drivers/Slave_Center_IF.o
 .debug_aranges
                0x00000300      0x1d8 ./drivers/fsl_clock.o
 .debug_aranges
                0x000004d8       0x38 ./drivers/fsl_common.o
 .debug_aranges
                0x00000510       0xd0 ./drivers/fsl_dma.o
 .debug_aranges
                0x000005e0       0x40 ./drivers/fsl_gpio.o
 .debug_aranges
                0x00000620      0x178 ./drivers/fsl_i2c.o
 .debug_aranges
                0x00000798      0x118 ./drivers/fsl_lpsci.o
 .debug_aranges
                0x000008b0      0x130 ./drivers/fsl_spi.o
 .debug_aranges
                0x000009e0      0x130 ./drivers/fsl_uart.o
 .debug_aranges
                0x00000b10       0x28 ./board/board.o
 .debug_aranges
                0x00000b38       0x58 ./board/clock_config.o
 .debug_aranges
                0x00000b90       0x20 ./board/peripherals.o
 .debug_aranges
                0x00000bb0       0x38 ./board/pin_mux.o
 .debug_aranges
                0x00000be8       0x28 ./CMSIS/system_MKL25Z4.o
 .debug_aranges
                0x00000c10       0x20 C:/NXP/MCUXpressoIDE_24.12.148/ide/plugins/com.nxp.mcuxpresso.tools.win32_24.12.0.202407110909/tools/bin/../lib/gcc/arm-none-eabi/13.2.1/../../../../arm-none-eabi/lib/thumb/v6-m/nofp\libcr_nohost_nf.a(_cr__main.o)
 .debug_aranges
                0x00000c30       0x20 C:/NXP/MCUXpressoIDE_24.12.148/ide/plugins/com.nxp.mcuxpresso.tools.win32_24.12.0.202407110909/tools/bin/../lib/gcc/arm-none-eabi/13.2.1/../../../../arm-none-eabi/lib/thumb/v6-m/nofp\libcr_c.a(memset.o)
 .debug_aranges
                0x00000c50       0x28 C:/NXP/MCUXpressoIDE_24.12.148/ide/plugins/com.nxp.mcuxpresso.tools.win32_24.12.0.202407110909/tools/bin/../lib/gcc/arm-none-eabi/13.2.1/../../../../arm-none-eabi/lib/thumb/v6-m/nofp\libcr_c.a(initio.o)
 .debug_aranges
                0x00000c78       0x20 C:/NXP/MCUXpressoIDE_24.12.148/ide/plugins/com.nxp.mcuxpresso.tools.win32_24.12.0.202407110909/tools/bin/../lib/gcc/arm-none-eabi/13.2.1/../../../../arm-none-eabi/lib/thumb/v6-m/nofp\libcr_c.a(setvbuf.o)
 .debug_aranges
                0x00000c98       0x20 C:/NXP/MCUXpressoIDE_24.12.148/ide/plugins/com.nxp.mcuxpresso.tools.win32_24.12.0.202407110909/tools/bin/../lib/gcc/arm-none-eabi/13.2.1/../../../../arm-none-eabi/lib/thumb/v6-m/nofp\libcr_c.a(strlen.o)
 .debug_aranges
                0x00000cb8       0x20 C:/NXP/MCUXpressoIDE_24.12.148/ide/plugins/com.nxp.mcuxpresso.tools.win32_24.12.0.202407110909/tools/bin/../lib/gcc/arm-none-eabi/13.2.1/../../../../arm-none-eabi/lib/thumb/v6-m/nofp\libcr_c.a(_fdopen.o)
 .debug_aranges
                0x00000cd8       0x20 C:/NXP/MCUXpressoIDE_24.12.148/ide/plugins/com.nxp.mcuxpresso.tools.win32_24.12.0.202407110909/tools/bin/../lib/gcc/arm-none-eabi/13.2.1/../../../../arm-none-eabi/lib/thumb/v6-m/nofp\libcr_c.a(fclose.o)
 .debug_aranges
                0x00000cf8       0x20 C:/NXP/MCUXpressoIDE_24.12.148/ide/plugins/com.nxp.mcuxpresso.tools.win32_24.12.0.202407110909/tools/bin/../lib/gcc/arm-none-eabi/13.2.1/../../../../arm-none-eabi/lib/thumb/v6-m/nofp\libcr_c.a(fflush.o)
 .debug_aranges
                0x00000d18       0x20 C:/NXP/MCUXpressoIDE_24.12.148/ide/plugins/com.nxp.mcuxpresso.tools.win32_24.12.0.202407110909/tools/bin/../lib/gcc/arm-none-eabi/13.2.1/../../../../arm-none-eabi/lib/thumb/v6-m/nofp\libcr_c.a(fseek.o)
 .debug_aranges
                0x00000d38       0x20 C:/NXP/MCUXpressoIDE_24.12.148/ide/plugins/com.nxp.mcuxpresso.tools.win32_24.12.0.202407110909/tools/bin/../lib/gcc/arm-none-eabi/13.2.1/../../../../arm-none-eabi/lib/thumb/v6-m/nofp\libcr_c.a(ftell.o)
 .debug_aranges
                0x00000d58       0x28 C:/NXP/MCUXpressoIDE_24.12.148/ide/plugins/com.nxp.mcuxpresso.tools.win32_24.12.0.202407110909/tools/bin/../lib/gcc/arm-none-eabi/13.2.1/../../../../arm-none-eabi/lib/thumb/v6-m/nofp\libcr_c.a(remove.o)
 .debug_aranges
                0x00000d80       0x20 C:/NXP/MCUXpressoIDE_24.12.148/ide/plugins/com.nxp.mcuxpresso.tools.win32_24.12.0.202407110909/tools/bin/../lib/gcc/arm-none-eabi/13.2.1/../../../../arm-none-eabi/lib/thumb/v6-m/nofp\libcr_c.a(_do_fflush.o)
 .debug_aranges
                0x00000da0       0x20 C:/NXP/MCUXpressoIDE_24.12.148/ide/plugins/com.nxp.mcuxpresso.tools.win32_24.12.0.202407110909/tools/bin/../lib/gcc/arm-none-eabi/13.2.1/../../../../arm-none-eabi/lib/thumb/v6-m/nofp\libcr_c.a(_fflush.o)
 .debug_aranges
                0x00000dc0       0x20 C:/NXP/MCUXpressoIDE_24.12.148/ide/plugins/com.nxp.mcuxpresso.tools.win32_24.12.0.202407110909/tools/bin/../lib/gcc/arm-none-eabi/13.2.1/../../../../arm-none-eabi/lib/thumb/v6-m/nofp\libcr_c.a(_writebuf.o)
 .debug_aranges
                0x00000de0       0x40 C:/NXP/MCUXpressoIDE_24.12.148/ide/plugins/com.nxp.mcuxpresso.tools.win32_24.12.0.202407110909/tools/bin/../lib/gcc/arm-none-eabi/13.2.1/../../../../arm-none-eabi/lib/thumb/v6-m/nofp\libcr_c.a(alloc.o)
 .debug_aranges
                0x00000e20       0x18 C:/NXP/MCUXpressoIDE_24.12.148/ide/plugins/com.nxp.mcuxpresso.tools.win32_24.12.0.202407110909/tools/bin/../lib/gcc/arm-none-eabi/13.2.1/../../../../arm-none-eabi/lib/thumb/v6-m/nofp\libcr_c.a(errno.o)
 .debug_aranges
                0x00000e38       0x28 C:/NXP/MCUXpressoIDE_24.12.148/ide/plugins/com.nxp.mcuxpresso.tools.win32_24.12.0.202407110909/tools/bin/../lib/gcc/arm-none-eabi/13.2.1/../../../../arm-none-eabi/lib/thumb/v6-m/nofp\libcr_c.a(_deferredlazyseek.o)
 .debug_aranges
                0x00000e60       0xe0 C:/NXP/MCUXpressoIDE_24.12.148/ide/plugins/com.nxp.mcuxpresso.tools.win32_24.12.0.202407110909/tools/bin/../lib/gcc/arm-none-eabi/13.2.1/thumb/v6-m/nofp\libcr_eabihelpers.a(float.o)
 .debug_aranges
                0x00000f40       0x18 C:/NXP/MCUXpressoIDE_24.12.148/ide/plugins/com.nxp.mcuxpresso.tools.win32_24.12.0.202407110909/tools/bin/../lib/gcc/arm-none-eabi/13.2.1/../../../../arm-none-eabi/lib/thumb/v6-m/nofp\libcr_nohost_nf.a(__ciob.o)
 .debug_aranges
                0x00000f58       0x20 C:/NXP/MCUXpressoIDE_24.12.148/ide/plugins/com.nxp.mcuxpresso.tools.win32_24.12.0.202407110909/tools/bin/../lib/gcc/arm-none-eabi/13.2.1/../../../../arm-none-eabi/lib/thumb/v6-m/nofp\libcr_nohost_nf.a(__sys_close.o)
 .debug_aranges
                0x00000f78       0x20 C:/NXP/MCUXpressoIDE_24.12.148/ide/plugins/com.nxp.mcuxpresso.tools.win32_24.12.0.202407110909/tools/bin/../lib/gcc/arm-none-eabi/13.2.1/../../../../arm-none-eabi/lib/thumb/v6-m/nofp\libcr_nohost_nf.a(__sys_flen.o)
 .debug_aranges
                0x00000f98       0x20 C:/NXP/MCUXpressoIDE_24.12.148/ide/plugins/com.nxp.mcuxpresso.tools.win32_24.12.0.202407110909/tools/bin/../lib/gcc/arm-none-eabi/13.2.1/../../../../arm-none-eabi/lib/thumb/v6-m/nofp\libcr_nohost_nf.a(__sys_istty.o)
 .debug_aranges
                0x00000fb8       0x20 C:/NXP/MCUXpressoIDE_24.12.148/ide/plugins/com.nxp.mcuxpresso.tools.win32_24.12.0.202407110909/tools/bin/../lib/gcc/arm-none-eabi/13.2.1/../../../../arm-none-eabi/lib/thumb/v6-m/nofp\libcr_nohost_nf.a(__sys_remove.o)
 .debug_aranges
                0x00000fd8       0x20 C:/NXP/MCUXpressoIDE_24.12.148/ide/plugins/com.nxp.mcuxpresso.tools.win32_24.12.0.202407110909/tools/bin/../lib/gcc/arm-none-eabi/13.2.1/../../../../arm-none-eabi/lib/thumb/v6-m/nofp\libcr_nohost_nf.a(__sys_seek.o)
 .debug_aranges
                0x00000ff8       0x20 C:/NXP/MCUXpressoIDE_24.12.148/ide/plugins/com.nxp.mcuxpresso.tools.win32_24.12.0.202407110909/tools/bin/../lib/gcc/arm-none-eabi/13.2.1/../../../../arm-none-eabi/lib/thumb/v6-m/nofp\libcr_nohost_nf.a(__sys_tmpnam.o)
 .debug_aranges
                0x00001018       0x20 C:/NXP/MCUXpressoIDE_24.12.148/ide/plugins/com.nxp.mcuxpresso.tools.win32_24.12.0.202407110909/tools/bin/../lib/gcc/arm-none-eabi/13.2.1/../../../../arm-none-eabi/lib/thumb/v6-m/nofp\libcr_nohost_nf.a(__sys_write.o)

.debug_ranges   0x00000000      0xfb8
 .debug_ranges  0x00000000       0x80 ./utilities/fsl_debug_console.o
 .debug_ranges  0x00000080      0x150 ./startup/startup_mkl25z4.o
 .debug_ranges  0x000001d0       0x20 ./source/YARAB_V1.o
 .debug_ranges  0x000001f0       0x10 ./source/semihost_hardfault.o
 .debug_ranges  0x00000200       0x98 ./drivers/Slave_Center_IF.o
 .debug_ranges  0x00000298      0x1c8 ./drivers/fsl_clock.o
 .debug_ranges  0x00000460       0x28 ./drivers/fsl_common.o
 .debug_ranges  0x00000488       0xc0 ./drivers/fsl_dma.o
 .debug_ranges  0x00000548       0x30 ./drivers/fsl_gpio.o
 .debug_ranges  0x00000578      0x168 ./drivers/fsl_i2c.o
 .debug_ranges  0x000006e0      0x108 ./drivers/fsl_lpsci.o
 .debug_ranges  0x000007e8      0x120 ./drivers/fsl_spi.o
 .debug_ranges  0x00000908      0x120 ./drivers/fsl_uart.o
 .debug_ranges  0x00000a28       0x18 ./board/board.o
 .debug_ranges  0x00000a40       0x48 ./board/clock_config.o
 .debug_ranges  0x00000a88       0x10 ./board/peripherals.o
 .debug_ranges  0x00000a98       0x28 ./board/pin_mux.o
 .debug_ranges  0x00000ac0       0x18 ./CMSIS/system_MKL25Z4.o
 .debug_ranges  0x00000ad8       0x10 C:/NXP/MCUXpressoIDE_24.12.148/ide/plugins/com.nxp.mcuxpresso.tools.win32_24.12.0.202407110909/tools/bin/../lib/gcc/arm-none-eabi/13.2.1/../../../../arm-none-eabi/lib/thumb/v6-m/nofp\libcr_nohost_nf.a(_cr__main.o)
 .debug_ranges  0x00000ae8       0x10 C:/NXP/MCUXpressoIDE_24.12.148/ide/plugins/com.nxp.mcuxpresso.tools.win32_24.12.0.202407110909/tools/bin/../lib/gcc/arm-none-eabi/13.2.1/../../../../arm-none-eabi/lib/thumb/v6-m/nofp\libcr_c.a(memset.o)
 .debug_ranges  0x00000af8       0x38 C:/NXP/MCUXpressoIDE_24.12.148/ide/plugins/com.nxp.mcuxpresso.tools.win32_24.12.0.202407110909/tools/bin/../lib/gcc/arm-none-eabi/13.2.1/../../../../arm-none-eabi/lib/thumb/v6-m/nofp\libcr_c.a(initio.o)
 .debug_ranges  0x00000b30       0x10 C:/NXP/MCUXpressoIDE_24.12.148/ide/plugins/com.nxp.mcuxpresso.tools.win32_24.12.0.202407110909/tools/bin/../lib/gcc/arm-none-eabi/13.2.1/../../../../arm-none-eabi/lib/thumb/v6-m/nofp\libcr_c.a(setvbuf.o)
 .debug_ranges  0x00000b40       0x28 C:/NXP/MCUXpressoIDE_24.12.148/ide/plugins/com.nxp.mcuxpresso.tools.win32_24.12.0.202407110909/tools/bin/../lib/gcc/arm-none-eabi/13.2.1/../../../../arm-none-eabi/lib/thumb/v6-m/nofp\libcr_c.a(strlen.o)
 .debug_ranges  0x00000b68       0x10 C:/NXP/MCUXpressoIDE_24.12.148/ide/plugins/com.nxp.mcuxpresso.tools.win32_24.12.0.202407110909/tools/bin/../lib/gcc/arm-none-eabi/13.2.1/../../../../arm-none-eabi/lib/thumb/v6-m/nofp\libcr_c.a(_fdopen.o)
 .debug_ranges  0x00000b78       0x10 C:/NXP/MCUXpressoIDE_24.12.148/ide/plugins/com.nxp.mcuxpresso.tools.win32_24.12.0.202407110909/tools/bin/../lib/gcc/arm-none-eabi/13.2.1/../../../../arm-none-eabi/lib/thumb/v6-m/nofp\libcr_c.a(fclose.o)
 .debug_ranges  0x00000b88       0x28 C:/NXP/MCUXpressoIDE_24.12.148/ide/plugins/com.nxp.mcuxpresso.tools.win32_24.12.0.202407110909/tools/bin/../lib/gcc/arm-none-eabi/13.2.1/../../../../arm-none-eabi/lib/thumb/v6-m/nofp\libcr_c.a(fflush.o)
 .debug_ranges  0x00000bb0       0x10 C:/NXP/MCUXpressoIDE_24.12.148/ide/plugins/com.nxp.mcuxpresso.tools.win32_24.12.0.202407110909/tools/bin/../lib/gcc/arm-none-eabi/13.2.1/../../../../arm-none-eabi/lib/thumb/v6-m/nofp\libcr_c.a(fseek.o)
 .debug_ranges  0x00000bc0       0x10 C:/NXP/MCUXpressoIDE_24.12.148/ide/plugins/com.nxp.mcuxpresso.tools.win32_24.12.0.202407110909/tools/bin/../lib/gcc/arm-none-eabi/13.2.1/../../../../arm-none-eabi/lib/thumb/v6-m/nofp\libcr_c.a(ftell.o)
 .debug_ranges  0x00000bd0       0x18 C:/NXP/MCUXpressoIDE_24.12.148/ide/plugins/com.nxp.mcuxpresso.tools.win32_24.12.0.202407110909/tools/bin/../lib/gcc/arm-none-eabi/13.2.1/../../../../arm-none-eabi/lib/thumb/v6-m/nofp\libcr_c.a(remove.o)
 .debug_ranges  0x00000be8       0x28 C:/NXP/MCUXpressoIDE_24.12.148/ide/plugins/com.nxp.mcuxpresso.tools.win32_24.12.0.202407110909/tools/bin/../lib/gcc/arm-none-eabi/13.2.1/../../../../arm-none-eabi/lib/thumb/v6-m/nofp\libcr_c.a(_do_fflush.o)
 .debug_ranges  0x00000c10       0x10 C:/NXP/MCUXpressoIDE_24.12.148/ide/plugins/com.nxp.mcuxpresso.tools.win32_24.12.0.202407110909/tools/bin/../lib/gcc/arm-none-eabi/13.2.1/../../../../arm-none-eabi/lib/thumb/v6-m/nofp\libcr_c.a(_fflush.o)
 .debug_ranges  0x00000c20       0x10 C:/NXP/MCUXpressoIDE_24.12.148/ide/plugins/com.nxp.mcuxpresso.tools.win32_24.12.0.202407110909/tools/bin/../lib/gcc/arm-none-eabi/13.2.1/../../../../arm-none-eabi/lib/thumb/v6-m/nofp\libcr_c.a(_writebuf.o)
 .debug_ranges  0x00000c30       0x50 C:/NXP/MCUXpressoIDE_24.12.148/ide/plugins/com.nxp.mcuxpresso.tools.win32_24.12.0.202407110909/tools/bin/../lib/gcc/arm-none-eabi/13.2.1/../../../../arm-none-eabi/lib/thumb/v6-m/nofp\libcr_c.a(alloc.o)
 .debug_ranges  0x00000c80       0x48 C:/NXP/MCUXpressoIDE_24.12.148/ide/plugins/com.nxp.mcuxpresso.tools.win32_24.12.0.202407110909/tools/bin/../lib/gcc/arm-none-eabi/13.2.1/../../../../arm-none-eabi/lib/thumb/v6-m/nofp\libcr_c.a(_deferredlazyseek.o)
 .debug_ranges  0x00000cc8      0x280 C:/NXP/MCUXpressoIDE_24.12.148/ide/plugins/com.nxp.mcuxpresso.tools.win32_24.12.0.202407110909/tools/bin/../lib/gcc/arm-none-eabi/13.2.1/thumb/v6-m/nofp\libcr_eabihelpers.a(float.o)
 .debug_ranges  0x00000f48       0x10 C:/NXP/MCUXpressoIDE_24.12.148/ide/plugins/com.nxp.mcuxpresso.tools.win32_24.12.0.202407110909/tools/bin/../lib/gcc/arm-none-eabi/13.2.1/../../../../arm-none-eabi/lib/thumb/v6-m/nofp\libcr_nohost_nf.a(__sys_close.o)
 .debug_ranges  0x00000f58       0x10 C:/NXP/MCUXpressoIDE_24.12.148/ide/plugins/com.nxp.mcuxpresso.tools.win32_24.12.0.202407110909/tools/bin/../lib/gcc/arm-none-eabi/13.2.1/../../../../arm-none-eabi/lib/thumb/v6-m/nofp\libcr_nohost_nf.a(__sys_flen.o)
 .debug_ranges  0x00000f68       0x10 C:/NXP/MCUXpressoIDE_24.12.148/ide/plugins/com.nxp.mcuxpresso.tools.win32_24.12.0.202407110909/tools/bin/../lib/gcc/arm-none-eabi/13.2.1/../../../../arm-none-eabi/lib/thumb/v6-m/nofp\libcr_nohost_nf.a(__sys_istty.o)
 .debug_ranges  0x00000f78       0x10 C:/NXP/MCUXpressoIDE_24.12.148/ide/plugins/com.nxp.mcuxpresso.tools.win32_24.12.0.202407110909/tools/bin/../lib/gcc/arm-none-eabi/13.2.1/../../../../arm-none-eabi/lib/thumb/v6-m/nofp\libcr_nohost_nf.a(__sys_remove.o)
 .debug_ranges  0x00000f88       0x10 C:/NXP/MCUXpressoIDE_24.12.148/ide/plugins/com.nxp.mcuxpresso.tools.win32_24.12.0.202407110909/tools/bin/../lib/gcc/arm-none-eabi/13.2.1/../../../../arm-none-eabi/lib/thumb/v6-m/nofp\libcr_nohost_nf.a(__sys_seek.o)
 .debug_ranges  0x00000f98       0x10 C:/NXP/MCUXpressoIDE_24.12.148/ide/plugins/com.nxp.mcuxpresso.tools.win32_24.12.0.202407110909/tools/bin/../lib/gcc/arm-none-eabi/13.2.1/../../../../arm-none-eabi/lib/thumb/v6-m/nofp\libcr_nohost_nf.a(__sys_tmpnam.o)
 .debug_ranges  0x00000fa8       0x10 C:/NXP/MCUXpressoIDE_24.12.148/ide/plugins/com.nxp.mcuxpresso.tools.win32_24.12.0.202407110909/tools/bin/../lib/gcc/arm-none-eabi/13.2.1/../../../../arm-none-eabi/lib/thumb/v6-m/nofp\libcr_nohost_nf.a(__sys_write.o)

.debug_macro    0x00000000     0x969d
 .debug_macro   0x00000000      0x127 ./utilities/fsl_debug_console.o
 .debug_macro   0x00000127      0xaea ./utilities/fsl_debug_console.o
 .debug_macro   0x00000c11       0x10 ./utilities/fsl_debug_console.o
 .debug_macro   0x00000c21       0x16 ./utilities/fsl_debug_console.o
 .debug_macro   0x00000c37       0x10 ./utilities/fsl_debug_console.o
 .debug_macro   0x00000c47      0x12e ./utilities/fsl_debug_console.o
 .debug_macro   0x00000d75       0x28 ./utilities/fsl_debug_console.o
 .debug_macro   0x00000d9d       0xc4 ./utilities/fsl_debug_console.o
 .debug_macro   0x00000e61       0x16 ./utilities/fsl_debug_console.o
 .debug_macro   0x00000e77       0x22 ./utilities/fsl_debug_console.o
 .debug_macro   0x00000e99      0x5b3 ./utilities/fsl_debug_console.o
 .debug_macro   0x0000144c       0x10 ./utilities/fsl_debug_console.o
 .debug_macro   0x0000145c       0x3f ./utilities/fsl_debug_console.o
 .debug_macro   0x0000149b       0x3a ./utilities/fsl_debug_console.o
 .debug_macro   0x000014d5       0x26 ./utilities/fsl_debug_console.o
 .debug_macro   0x000014fb      0x329 ./utilities/fsl_debug_console.o
 .debug_macro   0x00001824       0x30 ./utilities/fsl_debug_console.o
 .debug_macro   0x00001854     0x51e2 ./utilities/fsl_debug_console.o
 .debug_macro   0x00006a36     0x1352 ./utilities/fsl_debug_console.o
 .debug_macro   0x00007d88       0x3a ./utilities/fsl_debug_console.o
 .debug_macro   0x00007dc2       0xf4 ./utilities/fsl_debug_console.o
 .debug_macro   0x00007eb6       0x35 ./utilities/fsl_debug_console.o
 .debug_macro   0x00007eeb       0x2e ./utilities/fsl_debug_console.o
 .debug_macro   0x00007f19       0x10 ./utilities/fsl_debug_console.o
 .debug_macro   0x00007f29       0x10 ./utilities/fsl_debug_console.o
 .debug_macro   0x00007f39       0x29 ./startup/startup_mkl25z4.o
 .debug_macro   0x00007f62      0x161 ./source/YARAB_V1.o
 .debug_macro   0x000080c3       0xd8 ./source/YARAB_V1.o
 .debug_macro   0x0000819b       0x16 ./source/YARAB_V1.o
 .debug_macro   0x000081b1       0x10 ./source/YARAB_V1.o
 .debug_macro   0x000081c1      0x112 ./source/YARAB_V1.o
 .debug_macro   0x000082d3       0xa6 ./source/YARAB_V1.o
 .debug_macro   0x00008379       0x34 ./source/YARAB_V1.o
 .debug_macro   0x000083ad       0x10 ./source/YARAB_V1.o
 .debug_macro   0x000083bd       0x16 ./source/YARAB_V1.o
 .debug_macro   0x000083d3      0x4a6 ./source/YARAB_V1.o
 .debug_macro   0x00008879       0x2f ./source/mtb.o
 .debug_macro   0x000088a8       0x82 ./source/mtb.o
 .debug_macro   0x0000892a       0x10 ./source/mtb.o
 .debug_macro   0x0000893a       0x11 ./source/semihost_hardfault.o
 .debug_macro   0x0000894b      0x123 ./drivers/Slave_Center_IF.o
 .debug_macro   0x00008a6e       0x10 ./drivers/Slave_Center_IF.o
 .debug_macro   0x00008a7e      0x196 ./drivers/fsl_clock.o
 .debug_macro   0x00008c14       0x1c ./drivers/fsl_clock.o
 .debug_macro   0x00008c30       0xef ./drivers/fsl_common.o
 .debug_macro   0x00008d1f       0xec ./drivers/fsl_dma.o
 .debug_macro   0x00008e0b       0xec ./drivers/fsl_gpio.o
 .debug_macro   0x00008ef7       0xeb ./drivers/fsl_i2c.o
 .debug_macro   0x00008fe2       0x10 ./drivers/fsl_i2c.o
 .debug_macro   0x00008ff2       0xec ./drivers/fsl_lpsci.o
 .debug_macro   0x000090de       0xeb ./drivers/fsl_spi.o
 .debug_macro   0x000091c9       0xf2 ./drivers/fsl_uart.o
 .debug_macro   0x000092bb      0x112 ./board/board.o
 .debug_macro   0x000093cd      0x123 ./board/clock_config.o
 .debug_macro   0x000094f0       0x1b ./board/peripherals.o
 .debug_macro   0x0000950b       0xee ./board/pin_mux.o
 .debug_macro   0x000095f9       0x10 ./board/pin_mux.o
 .debug_macro   0x00009609       0x94 ./CMSIS/system_MKL25Z4.o

.debug_line     0x00000000     0xb991
 .debug_line    0x00000000      0xc44 ./utilities/fsl_debug_console.o
 .debug_line    0x00000c44      0x2a8 ./startup/startup_mkl25z4.o
 .debug_line    0x00000eec      0x3d6 ./source/YARAB_V1.o
 .debug_line    0x000012c2       0xd0 ./source/mtb.o
 .debug_line    0x00001392       0x59 ./source/semihost_hardfault.o
 .debug_line    0x000013eb      0x68c ./drivers/Slave_Center_IF.o
 .debug_line    0x00001a77     0x133c ./drivers/fsl_clock.o
 .debug_line    0x00002db3      0x3ad ./drivers/fsl_common.o
 .debug_line    0x00003160      0x739 ./drivers/fsl_dma.o
 .debug_line    0x00003899      0x366 ./drivers/fsl_gpio.o
 .debug_line    0x00003bff     0x12c5 ./drivers/fsl_i2c.o
 .debug_line    0x00004ec4      0xd50 ./drivers/fsl_lpsci.o
 .debug_line    0x00005c14      0xb1f ./drivers/fsl_spi.o
 .debug_line    0x00006733      0xd34 ./drivers/fsl_uart.o
 .debug_line    0x00007467      0x329 ./board/board.o
 .debug_line    0x00007790      0x3b5 ./board/clock_config.o
 .debug_line    0x00007b45       0x5c ./board/peripherals.o
 .debug_line    0x00007ba1      0x337 ./board/pin_mux.o
 .debug_line    0x00007ed8      0x331 ./CMSIS/system_MKL25Z4.o
 .debug_line    0x00008209       0xc9 C:/NXP/MCUXpressoIDE_24.12.148/ide/plugins/com.nxp.mcuxpresso.tools.win32_24.12.0.202407110909/tools/bin/../lib/gcc/arm-none-eabi/13.2.1/../../../../arm-none-eabi/lib/thumb/v6-m/nofp\libcr_nohost_nf.a(_cr__main.o)
 .debug_line    0x000082d2       0xba C:/NXP/MCUXpressoIDE_24.12.148/ide/plugins/com.nxp.mcuxpresso.tools.win32_24.12.0.202407110909/tools/bin/../lib/gcc/arm-none-eabi/13.2.1/../../../../arm-none-eabi/lib/thumb/v6-m/nofp\libcr_c.a(memset.o)
 .debug_line    0x0000838c      0x1b6 C:/NXP/MCUXpressoIDE_24.12.148/ide/plugins/com.nxp.mcuxpresso.tools.win32_24.12.0.202407110909/tools/bin/../lib/gcc/arm-none-eabi/13.2.1/../../../../arm-none-eabi/lib/thumb/v6-m/nofp\libcr_c.a(initio.o)
 .debug_line    0x00008542      0x167 C:/NXP/MCUXpressoIDE_24.12.148/ide/plugins/com.nxp.mcuxpresso.tools.win32_24.12.0.202407110909/tools/bin/../lib/gcc/arm-none-eabi/13.2.1/../../../../arm-none-eabi/lib/thumb/v6-m/nofp\libcr_c.a(setvbuf.o)
 .debug_line    0x000086a9      0x15b C:/NXP/MCUXpressoIDE_24.12.148/ide/plugins/com.nxp.mcuxpresso.tools.win32_24.12.0.202407110909/tools/bin/../lib/gcc/arm-none-eabi/13.2.1/../../../../arm-none-eabi/lib/thumb/v6-m/nofp\libcr_c.a(strlen.o)
 .debug_line    0x00008804      0x1ab C:/NXP/MCUXpressoIDE_24.12.148/ide/plugins/com.nxp.mcuxpresso.tools.win32_24.12.0.202407110909/tools/bin/../lib/gcc/arm-none-eabi/13.2.1/../../../../arm-none-eabi/lib/thumb/v6-m/nofp\libcr_c.a(_fdopen.o)
 .debug_line    0x000089af      0x17f C:/NXP/MCUXpressoIDE_24.12.148/ide/plugins/com.nxp.mcuxpresso.tools.win32_24.12.0.202407110909/tools/bin/../lib/gcc/arm-none-eabi/13.2.1/../../../../arm-none-eabi/lib/thumb/v6-m/nofp\libcr_c.a(fclose.o)
 .debug_line    0x00008b2e      0x153 C:/NXP/MCUXpressoIDE_24.12.148/ide/plugins/com.nxp.mcuxpresso.tools.win32_24.12.0.202407110909/tools/bin/../lib/gcc/arm-none-eabi/13.2.1/../../../../arm-none-eabi/lib/thumb/v6-m/nofp\libcr_c.a(fflush.o)
 .debug_line    0x00008c81      0x2ab C:/NXP/MCUXpressoIDE_24.12.148/ide/plugins/com.nxp.mcuxpresso.tools.win32_24.12.0.202407110909/tools/bin/../lib/gcc/arm-none-eabi/13.2.1/../../../../arm-none-eabi/lib/thumb/v6-m/nofp\libcr_c.a(fseek.o)
 .debug_line    0x00008f2c      0x180 C:/NXP/MCUXpressoIDE_24.12.148/ide/plugins/com.nxp.mcuxpresso.tools.win32_24.12.0.202407110909/tools/bin/../lib/gcc/arm-none-eabi/13.2.1/../../../../arm-none-eabi/lib/thumb/v6-m/nofp\libcr_c.a(ftell.o)
 .debug_line    0x000090ac      0x15a C:/NXP/MCUXpressoIDE_24.12.148/ide/plugins/com.nxp.mcuxpresso.tools.win32_24.12.0.202407110909/tools/bin/../lib/gcc/arm-none-eabi/13.2.1/../../../../arm-none-eabi/lib/thumb/v6-m/nofp\libcr_c.a(remove.o)
 .debug_line    0x00009206      0x170 C:/NXP/MCUXpressoIDE_24.12.148/ide/plugins/com.nxp.mcuxpresso.tools.win32_24.12.0.202407110909/tools/bin/../lib/gcc/arm-none-eabi/13.2.1/../../../../arm-none-eabi/lib/thumb/v6-m/nofp\libcr_c.a(_do_fflush.o)
 .debug_line    0x00009376      0x197 C:/NXP/MCUXpressoIDE_24.12.148/ide/plugins/com.nxp.mcuxpresso.tools.win32_24.12.0.202407110909/tools/bin/../lib/gcc/arm-none-eabi/13.2.1/../../../../arm-none-eabi/lib/thumb/v6-m/nofp\libcr_c.a(_fflush.o)
 .debug_line    0x0000950d      0x1ae C:/NXP/MCUXpressoIDE_24.12.148/ide/plugins/com.nxp.mcuxpresso.tools.win32_24.12.0.202407110909/tools/bin/../lib/gcc/arm-none-eabi/13.2.1/../../../../arm-none-eabi/lib/thumb/v6-m/nofp\libcr_c.a(_writebuf.o)
 .debug_line    0x000096bb      0x429 C:/NXP/MCUXpressoIDE_24.12.148/ide/plugins/com.nxp.mcuxpresso.tools.win32_24.12.0.202407110909/tools/bin/../lib/gcc/arm-none-eabi/13.2.1/../../../../arm-none-eabi/lib/thumb/v6-m/nofp\libcr_c.a(alloc.o)
 .debug_line    0x00009ae4       0x86 C:/NXP/MCUXpressoIDE_24.12.148/ide/plugins/com.nxp.mcuxpresso.tools.win32_24.12.0.202407110909/tools/bin/../lib/gcc/arm-none-eabi/13.2.1/../../../../arm-none-eabi/lib/thumb/v6-m/nofp\libcr_c.a(errno.o)
 .debug_line    0x00009b6a      0x36c C:/NXP/MCUXpressoIDE_24.12.148/ide/plugins/com.nxp.mcuxpresso.tools.win32_24.12.0.202407110909/tools/bin/../lib/gcc/arm-none-eabi/13.2.1/../../../../arm-none-eabi/lib/thumb/v6-m/nofp\libcr_c.a(_deferredlazyseek.o)
 .debug_line    0x00009ed6     0x178b C:/NXP/MCUXpressoIDE_24.12.148/ide/plugins/com.nxp.mcuxpresso.tools.win32_24.12.0.202407110909/tools/bin/../lib/gcc/arm-none-eabi/13.2.1/thumb/v6-m/nofp\libcr_eabihelpers.a(float.o)
 .debug_line    0x0000b661       0xea C:/NXP/MCUXpressoIDE_24.12.148/ide/plugins/com.nxp.mcuxpresso.tools.win32_24.12.0.202407110909/tools/bin/../lib/gcc/arm-none-eabi/13.2.1/../../../../arm-none-eabi/lib/thumb/v6-m/nofp\libcr_nohost_nf.a(__ciob.o)
 .debug_line    0x0000b74b       0x54 C:/NXP/MCUXpressoIDE_24.12.148/ide/plugins/com.nxp.mcuxpresso.tools.win32_24.12.0.202407110909/tools/bin/../lib/gcc/arm-none-eabi/13.2.1/../../../../arm-none-eabi/lib/thumb/v6-m/nofp\libcr_nohost_nf.a(__sys_close.o)
 .debug_line    0x0000b79f       0x53 C:/NXP/MCUXpressoIDE_24.12.148/ide/plugins/com.nxp.mcuxpresso.tools.win32_24.12.0.202407110909/tools/bin/../lib/gcc/arm-none-eabi/13.2.1/../../../../arm-none-eabi/lib/thumb/v6-m/nofp\libcr_nohost_nf.a(__sys_flen.o)
 .debug_line    0x0000b7f2       0x54 C:/NXP/MCUXpressoIDE_24.12.148/ide/plugins/com.nxp.mcuxpresso.tools.win32_24.12.0.202407110909/tools/bin/../lib/gcc/arm-none-eabi/13.2.1/../../../../arm-none-eabi/lib/thumb/v6-m/nofp\libcr_nohost_nf.a(__sys_istty.o)
 .debug_line    0x0000b846       0x55 C:/NXP/MCUXpressoIDE_24.12.148/ide/plugins/com.nxp.mcuxpresso.tools.win32_24.12.0.202407110909/tools/bin/../lib/gcc/arm-none-eabi/13.2.1/../../../../arm-none-eabi/lib/thumb/v6-m/nofp\libcr_nohost_nf.a(__sys_remove.o)
 .debug_line    0x0000b89b       0x53 C:/NXP/MCUXpressoIDE_24.12.148/ide/plugins/com.nxp.mcuxpresso.tools.win32_24.12.0.202407110909/tools/bin/../lib/gcc/arm-none-eabi/13.2.1/../../../../arm-none-eabi/lib/thumb/v6-m/nofp\libcr_nohost_nf.a(__sys_seek.o)
 .debug_line    0x0000b8ee       0x55 C:/NXP/MCUXpressoIDE_24.12.148/ide/plugins/com.nxp.mcuxpresso.tools.win32_24.12.0.202407110909/tools/bin/../lib/gcc/arm-none-eabi/13.2.1/../../../../arm-none-eabi/lib/thumb/v6-m/nofp\libcr_nohost_nf.a(__sys_tmpnam.o)
 .debug_line    0x0000b943       0x4e C:/NXP/MCUXpressoIDE_24.12.148/ide/plugins/com.nxp.mcuxpresso.tools.win32_24.12.0.202407110909/tools/bin/../lib/gcc/arm-none-eabi/13.2.1/../../../../arm-none-eabi/lib/thumb/v6-m/nofp\libcr_nohost_nf.a(__sys_write.o)

.debug_str      0x00000000    0x3983d
 .debug_str     0x00000000    0x3983d ./utilities/fsl_debug_console.o
                              0x31862 (size before relaxing)
 .debug_str     0x0003983d     0x3286 ./startup/startup_mkl25z4.o
 .debug_str     0x0003983d    0x32821 ./source/YARAB_V1.o
 .debug_str     0x0003983d     0x3372 ./source/mtb.o
 .debug_str     0x0003983d     0x2e5f ./source/semihost_hardfault.o
 .debug_str     0x0003983d    0x327f8 ./drivers/Slave_Center_IF.o
 .debug_str     0x0003983d    0x3233f ./drivers/fsl_clock.o
 .debug_str     0x0003983d    0x30907 ./drivers/fsl_common.o
 .debug_str     0x0003983d    0x31602 ./drivers/fsl_dma.o
 .debug_str     0x0003983d    0x30b8b ./drivers/fsl_gpio.o
 .debug_str     0x0003983d    0x31b07 ./drivers/fsl_i2c.o
 .debug_str     0x0003983d    0x31935 ./drivers/fsl_lpsci.o
 .debug_str     0x0003983d    0x316f7 ./drivers/fsl_spi.o
 .debug_str     0x0003983d    0x31958 ./drivers/fsl_uart.o
 .debug_str     0x0003983d    0x31129 ./board/board.o
 .debug_str     0x0003983d    0x31309 ./board/clock_config.o
 .debug_str     0x0003983d     0x2e70 ./board/peripherals.o
 .debug_str     0x0003983d    0x30d3c ./board/pin_mux.o
 .debug_str     0x0003983d    0x2fca1 ./CMSIS/system_MKL25Z4.o
 .debug_str     0x0003983d      0x16a C:/NXP/MCUXpressoIDE_24.12.148/ide/plugins/com.nxp.mcuxpresso.tools.win32_24.12.0.202407110909/tools/bin/../lib/gcc/arm-none-eabi/13.2.1/../../../../arm-none-eabi/lib/thumb/v6-m/nofp\libcr_nohost_nf.a(_cr__main.o)
 .debug_str     0x0003983d      0x181 C:/NXP/MCUXpressoIDE_24.12.148/ide/plugins/com.nxp.mcuxpresso.tools.win32_24.12.0.202407110909/tools/bin/../lib/gcc/arm-none-eabi/13.2.1/../../../../arm-none-eabi/lib/thumb/v6-m/nofp\libcr_c.a(memset.o)
 .debug_str     0x0003983d      0x23e C:/NXP/MCUXpressoIDE_24.12.148/ide/plugins/com.nxp.mcuxpresso.tools.win32_24.12.0.202407110909/tools/bin/../lib/gcc/arm-none-eabi/13.2.1/../../../../arm-none-eabi/lib/thumb/v6-m/nofp\libcr_c.a(initio.o)
 .debug_str     0x0003983d      0x234 C:/NXP/MCUXpressoIDE_24.12.148/ide/plugins/com.nxp.mcuxpresso.tools.win32_24.12.0.202407110909/tools/bin/../lib/gcc/arm-none-eabi/13.2.1/../../../../arm-none-eabi/lib/thumb/v6-m/nofp\libcr_c.a(setvbuf.o)
 .debug_str     0x0003983d      0x17b C:/NXP/MCUXpressoIDE_24.12.148/ide/plugins/com.nxp.mcuxpresso.tools.win32_24.12.0.202407110909/tools/bin/../lib/gcc/arm-none-eabi/13.2.1/../../../../arm-none-eabi/lib/thumb/v6-m/nofp\libcr_c.a(strlen.o)
 .debug_str     0x0003983d      0x231 C:/NXP/MCUXpressoIDE_24.12.148/ide/plugins/com.nxp.mcuxpresso.tools.win32_24.12.0.202407110909/tools/bin/../lib/gcc/arm-none-eabi/13.2.1/../../../../arm-none-eabi/lib/thumb/v6-m/nofp\libcr_c.a(_fdopen.o)
 .debug_str     0x0003983d      0x25f C:/NXP/MCUXpressoIDE_24.12.148/ide/plugins/com.nxp.mcuxpresso.tools.win32_24.12.0.202407110909/tools/bin/../lib/gcc/arm-none-eabi/13.2.1/../../../../arm-none-eabi/lib/thumb/v6-m/nofp\libcr_c.a(fclose.o)
 .debug_str     0x0003983d      0x236 C:/NXP/MCUXpressoIDE_24.12.148/ide/plugins/com.nxp.mcuxpresso.tools.win32_24.12.0.202407110909/tools/bin/../lib/gcc/arm-none-eabi/13.2.1/../../../../arm-none-eabi/lib/thumb/v6-m/nofp\libcr_c.a(fflush.o)
 .debug_str     0x0003983d      0x24f C:/NXP/MCUXpressoIDE_24.12.148/ide/plugins/com.nxp.mcuxpresso.tools.win32_24.12.0.202407110909/tools/bin/../lib/gcc/arm-none-eabi/13.2.1/../../../../arm-none-eabi/lib/thumb/v6-m/nofp\libcr_c.a(fseek.o)
 .debug_str     0x0003983d      0x215 C:/NXP/MCUXpressoIDE_24.12.148/ide/plugins/com.nxp.mcuxpresso.tools.win32_24.12.0.202407110909/tools/bin/../lib/gcc/arm-none-eabi/13.2.1/../../../../arm-none-eabi/lib/thumb/v6-m/nofp\libcr_c.a(ftell.o)
 .debug_str     0x0003983d      0x1d4 C:/NXP/MCUXpressoIDE_24.12.148/ide/plugins/com.nxp.mcuxpresso.tools.win32_24.12.0.202407110909/tools/bin/../lib/gcc/arm-none-eabi/13.2.1/../../../../arm-none-eabi/lib/thumb/v6-m/nofp\libcr_c.a(remove.o)
 .debug_str     0x0003983d      0x240 C:/NXP/MCUXpressoIDE_24.12.148/ide/plugins/com.nxp.mcuxpresso.tools.win32_24.12.0.202407110909/tools/bin/../lib/gcc/arm-none-eabi/13.2.1/../../../../arm-none-eabi/lib/thumb/v6-m/nofp\libcr_c.a(_do_fflush.o)
 .debug_str     0x0003983d      0x22a C:/NXP/MCUXpressoIDE_24.12.148/ide/plugins/com.nxp.mcuxpresso.tools.win32_24.12.0.202407110909/tools/bin/../lib/gcc/arm-none-eabi/13.2.1/../../../../arm-none-eabi/lib/thumb/v6-m/nofp\libcr_c.a(_fflush.o)
 .debug_str     0x0003983d      0x244 C:/NXP/MCUXpressoIDE_24.12.148/ide/plugins/com.nxp.mcuxpresso.tools.win32_24.12.0.202407110909/tools/bin/../lib/gcc/arm-none-eabi/13.2.1/../../../../arm-none-eabi/lib/thumb/v6-m/nofp\libcr_c.a(_writebuf.o)
 .debug_str     0x0003983d      0x234 C:/NXP/MCUXpressoIDE_24.12.148/ide/plugins/com.nxp.mcuxpresso.tools.win32_24.12.0.202407110909/tools/bin/../lib/gcc/arm-none-eabi/13.2.1/../../../../arm-none-eabi/lib/thumb/v6-m/nofp\libcr_c.a(alloc.o)
 .debug_str     0x0003983d      0x115 C:/NXP/MCUXpressoIDE_24.12.148/ide/plugins/com.nxp.mcuxpresso.tools.win32_24.12.0.202407110909/tools/bin/../lib/gcc/arm-none-eabi/13.2.1/../../../../arm-none-eabi/lib/thumb/v6-m/nofp\libcr_c.a(errno.o)
 .debug_str     0x0003983d      0x278 C:/NXP/MCUXpressoIDE_24.12.148/ide/plugins/com.nxp.mcuxpresso.tools.win32_24.12.0.202407110909/tools/bin/../lib/gcc/arm-none-eabi/13.2.1/../../../../arm-none-eabi/lib/thumb/v6-m/nofp\libcr_c.a(_deferredlazyseek.o)
 .debug_str     0x0003983d      0x361 C:/NXP/MCUXpressoIDE_24.12.148/ide/plugins/com.nxp.mcuxpresso.tools.win32_24.12.0.202407110909/tools/bin/../lib/gcc/arm-none-eabi/13.2.1/thumb/v6-m/nofp\libcr_eabihelpers.a(float.o)
 .debug_str     0x0003983d      0x202 C:/NXP/MCUXpressoIDE_24.12.148/ide/plugins/com.nxp.mcuxpresso.tools.win32_24.12.0.202407110909/tools/bin/../lib/gcc/arm-none-eabi/13.2.1/../../../../arm-none-eabi/lib/thumb/v6-m/nofp\libcr_nohost_nf.a(__ciob.o)
 .debug_str     0x0003983d      0x15b C:/NXP/MCUXpressoIDE_24.12.148/ide/plugins/com.nxp.mcuxpresso.tools.win32_24.12.0.202407110909/tools/bin/../lib/gcc/arm-none-eabi/13.2.1/../../../../arm-none-eabi/lib/thumb/v6-m/nofp\libcr_nohost_nf.a(__sys_close.o)
 .debug_str     0x0003983d      0x154 C:/NXP/MCUXpressoIDE_24.12.148/ide/plugins/com.nxp.mcuxpresso.tools.win32_24.12.0.202407110909/tools/bin/../lib/gcc/arm-none-eabi/13.2.1/../../../../arm-none-eabi/lib/thumb/v6-m/nofp\libcr_nohost_nf.a(__sys_flen.o)
 .debug_str     0x0003983d      0x156 C:/NXP/MCUXpressoIDE_24.12.148/ide/plugins/com.nxp.mcuxpresso.tools.win32_24.12.0.202407110909/tools/bin/../lib/gcc/arm-none-eabi/13.2.1/../../../../arm-none-eabi/lib/thumb/v6-m/nofp\libcr_nohost_nf.a(__sys_istty.o)
 .debug_str     0x0003983d      0x161 C:/NXP/MCUXpressoIDE_24.12.148/ide/plugins/com.nxp.mcuxpresso.tools.win32_24.12.0.202407110909/tools/bin/../lib/gcc/arm-none-eabi/13.2.1/../../../../arm-none-eabi/lib/thumb/v6-m/nofp\libcr_nohost_nf.a(__sys_remove.o)
 .debug_str     0x0003983d      0x154 C:/NXP/MCUXpressoIDE_24.12.148/ide/plugins/com.nxp.mcuxpresso.tools.win32_24.12.0.202407110909/tools/bin/../lib/gcc/arm-none-eabi/13.2.1/../../../../arm-none-eabi/lib/thumb/v6-m/nofp\libcr_nohost_nf.a(__sys_seek.o)
 .debug_str     0x0003983d      0x16e C:/NXP/MCUXpressoIDE_24.12.148/ide/plugins/com.nxp.mcuxpresso.tools.win32_24.12.0.202407110909/tools/bin/../lib/gcc/arm-none-eabi/13.2.1/../../../../arm-none-eabi/lib/thumb/v6-m/nofp\libcr_nohost_nf.a(__sys_tmpnam.o)
 .debug_str     0x0003983d      0x171 C:/NXP/MCUXpressoIDE_24.12.148/ide/plugins/com.nxp.mcuxpresso.tools.win32_24.12.0.202407110909/tools/bin/../lib/gcc/arm-none-eabi/13.2.1/../../../../arm-none-eabi/lib/thumb/v6-m/nofp\libcr_nohost_nf.a(__sys_write.o)

.comment        0x00000000       0x44
 .comment       0x00000000       0x44 ./utilities/fsl_debug_console.o
                                 0x45 (size before relaxing)
 .comment       0x00000044       0x45 ./startup/startup_mkl25z4.o
 .comment       0x00000044       0x45 ./source/YARAB_V1.o
 .comment       0x00000044       0x45 ./source/mtb.o
 .comment       0x00000044       0x45 ./source/semihost_hardfault.o
 .comment       0x00000044       0x45 ./drivers/Slave_Center_IF.o
 .comment       0x00000044       0x45 ./drivers/fsl_clock.o
 .comment       0x00000044       0x45 ./drivers/fsl_common.o
 .comment       0x00000044       0x45 ./drivers/fsl_dma.o
 .comment       0x00000044       0x45 ./drivers/fsl_gpio.o
 .comment       0x00000044       0x45 ./drivers/fsl_i2c.o
 .comment       0x00000044       0x45 ./drivers/fsl_lpsci.o
 .comment       0x00000044       0x45 ./drivers/fsl_spi.o
 .comment       0x00000044       0x45 ./drivers/fsl_uart.o
 .comment       0x00000044       0x45 ./board/board.o